Component: ARM Compiler 5.06 update 6 (build 750) Tool: armlink [4d35ed]

==============================================================================

Section Cross References

    stm32f4xx_hal_timebase_tim.o(i.HAL_InitTick) refers to stm32f4xx_hal_cortex.o(i.HAL_NVIC_SetPriority) for HAL_NVIC_SetPriority
    stm32f4xx_hal_timebase_tim.o(i.HAL_InitTick) refers to stm32f4xx_hal_cortex.o(i.HAL_NVIC_EnableIRQ) for HAL_NVIC_EnableIRQ
    stm32f4xx_hal_timebase_tim.o(i.HAL_InitTick) refers to stm32f4xx_hal_rcc.o(i.HAL_RCC_GetClockConfig) for HAL_RCC_GetClockConfig
    stm32f4xx_hal_timebase_tim.o(i.HAL_InitTick) refers to stm32f4xx_hal_rcc.o(i.HAL_RCC_GetPCLK1Freq) for HAL_RCC_GetPCLK1Freq
    stm32f4xx_hal_timebase_tim.o(i.HAL_InitTick) refers to stm32f4xx_hal_tim.o(i.HAL_TIM_Base_Init) for HAL_TIM_Base_Init
    stm32f4xx_hal_timebase_tim.o(i.HAL_InitTick) refers to stm32f4xx_hal_tim.o(i.HAL_TIM_Base_Start_IT) for HAL_TIM_Base_Start_IT
    stm32f4xx_hal_timebase_tim.o(i.HAL_InitTick) refers to stm32f4xx_hal_timebase_tim.o(.bss) for .bss
    stm32f4xx_hal_timebase_tim.o(i.HAL_ResumeTick) refers to stm32f4xx_hal_timebase_tim.o(.bss) for .bss
    stm32f4xx_hal_timebase_tim.o(i.HAL_SuspendTick) refers to stm32f4xx_hal_timebase_tim.o(.bss) for .bss
    stm32f4xx_hal_msp.o(i.HAL_SPI_MspDeInit) refers to stm32f4xx_hal_gpio.o(i.HAL_GPIO_DeInit) for HAL_GPIO_DeInit
    stm32f4xx_hal_msp.o(i.HAL_UART_MspDeInit) refers to stm32f4xx_hal_gpio.o(i.HAL_GPIO_DeInit) for HAL_GPIO_DeInit
    stm32f4xx_hal_msp.o(i.HAL_UART_MspDeInit) refers to stm32f4xx_hal_dma.o(i.HAL_DMA_DeInit) for HAL_DMA_DeInit
    stm32f4xx_hal_msp.o(i.HAL_UART_MspDeInit) refers to stm32f4xx_hal_cortex.o(i.HAL_NVIC_DisableIRQ) for HAL_NVIC_DisableIRQ
    stm32f4xx_it.o(i.CAN1_RX0_IRQHandler) refers to stm32f4xx_hal_can.o(i.HAL_CAN_IRQHandler) for HAL_CAN_IRQHandler
    stm32f4xx_it.o(i.CAN1_RX0_IRQHandler) refers to bsp_can.o(.bss) for hcan1
    stm32f4xx_it.o(i.CAN1_RX0_IRQHandler) refers to driver_chassis.o(.data) for _ChassisParam
    stm32f4xx_it.o(i.DMA1_Stream0_IRQHandler) refers to stm32f4xx_hal_dma.o(i.HAL_DMA_IRQHandler) for HAL_DMA_IRQHandler
    stm32f4xx_it.o(i.DMA1_Stream0_IRQHandler) refers to bsp_dma.o(.bss) for hdma_uart5_rx
    stm32f4xx_it.o(i.DMA1_Stream1_IRQHandler) refers to stm32f4xx_hal_dma.o(i.HAL_DMA_IRQHandler) for HAL_DMA_IRQHandler
    stm32f4xx_it.o(i.DMA1_Stream1_IRQHandler) refers to bsp_dma.o(.bss) for hdma_usart3_rx
    stm32f4xx_it.o(i.DMA1_Stream3_IRQHandler) refers to stm32f4xx_hal_dma.o(i.HAL_DMA_IRQHandler) for HAL_DMA_IRQHandler
    stm32f4xx_it.o(i.DMA1_Stream3_IRQHandler) refers to bsp_dma.o(.bss) for hdma_usart3_tx
    stm32f4xx_it.o(i.DMA1_Stream5_IRQHandler) refers to stm32f4xx_hal_dma.o(i.HAL_DMA_IRQHandler) for HAL_DMA_IRQHandler
    stm32f4xx_it.o(i.DMA1_Stream5_IRQHandler) refers to bsp_dma.o(.bss) for hdma_usart2_rx
    stm32f4xx_it.o(i.DMA2_Stream1_IRQHandler) refers to stm32f4xx_hal_dma.o(i.HAL_DMA_IRQHandler) for HAL_DMA_IRQHandler
    stm32f4xx_it.o(i.DMA2_Stream1_IRQHandler) refers to bsp_dma.o(.bss) for hdma_usart6_rx
    stm32f4xx_it.o(i.DMA2_Stream2_IRQHandler) refers to stm32f4xx_hal_dma.o(i.HAL_DMA_IRQHandler) for HAL_DMA_IRQHandler
    stm32f4xx_it.o(i.DMA2_Stream2_IRQHandler) refers to bsp_dma.o(.bss) for hdma_usart1_rx
    stm32f4xx_it.o(i.DMA2_Stream6_IRQHandler) refers to stm32f4xx_hal_dma.o(i.HAL_DMA_IRQHandler) for HAL_DMA_IRQHandler
    stm32f4xx_it.o(i.DMA2_Stream6_IRQHandler) refers to bsp_dma.o(.bss) for hdma_usart6_tx
    stm32f4xx_it.o(i.DMA2_Stream7_IRQHandler) refers to stm32f4xx_hal_dma.o(i.HAL_DMA_IRQHandler) for HAL_DMA_IRQHandler
    stm32f4xx_it.o(i.DMA2_Stream7_IRQHandler) refers to bsp_dma.o(.bss) for hdma_usart1_tx
    stm32f4xx_it.o(i.EXTI4_IRQHandler) refers to stm32f4xx_hal_gpio.o(i.HAL_GPIO_EXTI_IRQHandler) for HAL_GPIO_EXTI_IRQHandler
    stm32f4xx_it.o(i.HAL_GPIO_EXTI_Callback) refers to driver_icm20600.o(i.icm20600_task) for icm20600_task
    stm32f4xx_it.o(i.HAL_GPIO_EXTI_Callback) refers to stm32f4xx_it.o(.data) for .data
    stm32f4xx_it.o(i.SysTick_Handler) refers to cmsis_os.o(i.osSystickHandler) for osSystickHandler
    stm32f4xx_it.o(i.TIM6_DAC_IRQHandler) refers to stm32f4xx_hal_tim.o(i.HAL_TIM_IRQHandler) for HAL_TIM_IRQHandler
    stm32f4xx_it.o(i.TIM6_DAC_IRQHandler) refers to stm32f4xx_hal_timebase_tim.o(.bss) for htim6
    stm32f4xx_it.o(i.USART1_IRQHandler) refers to stm32f4xx_hal_uart.o(i.HAL_UART_IRQHandler) for HAL_UART_IRQHandler
    stm32f4xx_it.o(i.USART1_IRQHandler) refers to bsp_uart.o(.bss) for huart1
    stm32f4xx_it.o(i.USART2_IRQHandler) refers to bsp_dma.o(i.DMA_CLEAR_FLAG_ALL) for DMA_CLEAR_FLAG_ALL
    stm32f4xx_it.o(i.USART2_IRQHandler) refers to queue.o(i.xQueueGiveFromISR) for xQueueGiveFromISR
    stm32f4xx_it.o(i.USART2_IRQHandler) refers to bsp_uart.o(.bss) for huart2
    stm32f4xx_it.o(i.USART2_IRQHandler) refers to freertos.o(.data) for BinSemaphoreDBUS
[...]
    __ARM_use_no_argv                        0x00000000   Number         0  main.o ABSOLUTE
    __cpp_initialize__aeabi_                  - Undefined Weak Reference
    __cxa_finalize                            - Undefined Weak Reference
    _clock_init                               - Undefined Weak Reference
    _microlib_exit                            - Undefined Weak Reference
    __Vectors_Size                           0x00000188   Number         0  startup_stm32f405xx.o ABSOLUTE
    __Vectors                                0x08000000   Data           4  startup_stm32f405xx.o(RESET)
    __Vectors_End                            0x08000188   Data           0  startup_stm32f405xx.o(RESET)
    __main                                   0x08000189   Thumb Code     0  entry.o(.ARM.Collect$$$$00000000)
    _main_stk                                0x08000189   Thumb Code     0  entry2.o(.ARM.Collect$$$$00000001)
    _main_scatterload                        0x0800018d   Thumb Code     0  entry5.o(.ARM.Collect$$$$00000004)
    __main_after_scatterload                 0x08000191   Thumb Code     0  entry5.o(.ARM.Collect$$$$00000004)
    _main_clock                              0x08000191   Thumb Code     0  entry7b.o(.ARM.Collect$$$$00000008)
    _main_cpp_init                           0x08000191   Thumb Code     0  entry8b.o(.ARM.Collect$$$$0000000A)
    _main_init                               0x08000191   Thumb Code     0  entry9a.o(.ARM.Collect$$$$0000000B)
    __rt_final_cpp                           0x08000199   Thumb Code     0  entry10a.o(.ARM.Collect$$$$0000000D)
    __rt_final_exit                          0x08000199   Thumb Code     0  entry11a.o(.ARM.Collect$$$$0000000F)
    SVC_Handler                              0x0800019d   Thumb Code    28  port.o(.emb_text)
    __asm___6_port_c_39a90d8d__prvStartFirstTask 0x080001bd   Thumb Code    28  port.o(.emb_text)
    __asm___6_port_c_39a90d8d__prvEnableVFP  0x080001dd   Thumb Code    16  port.o(.emb_text)
    PendSV_Handler                           0x080001f1   Thumb Code    92  port.o(.emb_text)
    vPortGetIPSR                             0x08000251   Thumb Code     6  port.o(.emb_text)
    Reset_Handler                            0x08000259   Thumb Code     8  startup_stm32f405xx.o(.text)
    ADC_IRQHandler                           0x08000273   Thumb Code     0  startup_stm32f405xx.o(.text)
    CAN1_RX1_IRQHandler                      0x08000273   Thumb Code     0  startup_stm32f405xx.o(.text)
    CAN1_SCE_IRQHandler                      0x08000273   Thumb Code     0  startup_stm32f405xx.o(.text)
    CAN1_TX_IRQHandler                       0x08000273   Thumb Code     0  startup_stm32f405xx.o(.text)
    CAN2_RX1_IRQHandler                      0x08000273   Thumb Code     0  startup_stm32f405xx.o(.text)
    CAN2_SCE_IRQHandler                      0x08000273   Thumb Code     0  startup_stm32f405xx.o(.text)
    CAN2_TX_IRQHandler                       0x08000273   Thumb Code     0  startup_stm32f405xx.o(.text)
    DMA1_Stream2_IRQHandler                  0x08000273   Thumb Code     0  startup_stm32f405xx.o(.text)
    DMA1_Stream4_IRQHandler                  0x08000273   Thumb Code     0  startup_stm32f405xx.o(.text)
    DMA1_Stream6_IRQHandler                  0x08000273   Thumb Code     0  startup_stm32f405xx.o(.text)
    DMA2_Stream0_IRQHandler                  0x08000273   Thumb Code     0  startup_stm32f405xx.o(.text)
    DMA2_Stream3_IRQHandler                  0x08000273   Thumb Code     0  startup_stm32f405xx.o(.text)
    DMA2_Stream4_IRQHandler                  0x08000273   Thumb Code     0  startup_stm32f405xx.o(.text)
    DMA2_Stream5_IRQHandler                  0x08000273   Thumb Code     0  startup_stm32f405xx.o(.text)
    EXTI0_IRQHandler                         0x08000273   Thumb Code     0  startup_stm32f405xx.o(.text)
    EXTI15_10_IRQHandler                     0x08000273   Thumb Code     0  startup_stm32f405xx.o(.text)
    EXTI1_IRQHandler                         0x08000273   Thumb Code     0  startup_stm32f405xx.o(.text)
    EXTI2_IRQHandler                         0x08000273   Thumb Code     0  startup_stm32f405xx.o(.text)
    EXTI3_IRQHandler                         0x08000273   Thumb Code     0  startup_stm32f405xx.o(.text)
    EXTI9_5_IRQHandler                       0x08000273   Thumb Code     0  startup_stm32f405xx.o(.text)
    FLASH_IRQHandler                         0x08000273   Thumb Code     0  startup_stm32f405xx.o(.text)
    FMC_IRQHandler                           0x08000273   Thumb Code     0  startup_stm32f405xx.o(.text)
    FPU_IRQHandler                           0x08000273   Thumb Code     0  startup_stm32f405xx.o(.text)
    HASH_RNG_IRQHandler                      0x08000273   Thumb Code     0  startup_stm32f405xx.o(.text)
    I2C1_ER_IRQHandler                       0x08000273   Thumb Code     0  startup_stm32f405xx.o(.text)
    I2C1_EV_IRQHandler                       0x08000273   Thumb Code     0  startup_stm32f405xx.o(.text)
    I2C2_ER_IRQHandler                       0x08000273   Thumb Code     0  startup_stm32f405xx.o(.text)
    I2C2_EV_IRQHandler                       0x08000273   Thumb Code     0  startup_stm32f405xx.o(.text)
    I2C3_ER_IRQHandler                       0x08000273   Thumb Code     0  startup_stm32f405xx.o(.text)
    I2C3_EV_IRQHandler                       0x08000273   Thumb Code     0  startup_stm32f405xx.o(.text)
    OTG_FS_IRQHandler                        0x08000273   Thumb Code     0  startup_stm32f405xx.o(.text)
    OTG_FS_WKUP_IRQHandler                   0x08000273   Thumb Code     0  startup_stm32f405xx.o(.text)
    OTG_HS_EP1_IN_IRQHandler                 0x08000273   Thumb Code     0  startup_stm32f405xx.o(.text)
    OTG_HS_EP1_OUT_IRQHandler                0x08000273   Thumb Code     0  startup_stm32f405xx.o(.text)
    OTG_HS_IRQHandler                        0x08000273   Thumb Code     0  startup_stm32f405xx.o(.text)
    OTG_HS_WKUP_IRQHandler                   0x08000273   Thumb Code     0  startup_stm32f405xx.o(.text)
    PVD_IRQHandler                           0x08000273   Thumb Code     0  startup_stm32f405xx.o(.text)
    RCC_IRQHandler                           0x08000273   Thumb Code     0  startup_stm32f405xx.o(.text)
    RTC_Alarm_IRQHandler                     0x08000273   Thumb Code     0  startup_stm32f405xx.o(.text)
    RTC_WKUP_IRQHandler                      0x08000273   Thumb Code     0  startup_stm32f405xx.o(.text)
    SDIO_IRQHandler                          0x08000273   Thumb Code     0  startup_stm32f405xx.o(.text)
    SPI1_IRQHandler                          0x08000273   Thumb Code     0  startup_stm32f405xx.o(.text)
    SPI2_IRQHandler                          0x08000273   Thumb Code     0  startup_stm32f405xx.o(.text)
    SPI3_IRQHandler                          0x08000273   Thumb Code     0  startup_stm32f405xx.o(.text)
    TAMP_STAMP_IRQHandler                    0x08000273   Thumb Code     0  startup_stm32f405xx.o(.text)
    TIM1_BRK_TIM9_IRQHandler                 0x08000273   Thumb Code     0  startup_stm32f405xx.o(.text)
    TIM1_CC_IRQHandler                       0x08000273   Thumb Code     0  startup_stm32f405xx.o(.text)
    TIM1_TRG_COM_TIM11_IRQHandler            0x08000273   Thumb Code     0  startup_stm32f405xx.o(.text)
    TIM1_UP_TIM10_IRQHandler                 0x08000273   Thumb Code     0  startup_stm32f405xx.o(.text)
    TIM2_IRQHandler                          0x08000273   Thumb Code     0  startup_stm32f405xx.o(.text)
    TIM3_IRQHandler                          0x08000273   Thumb Code     0  startup_stm32f405xx.o(.text)
    TIM4_IRQHandler                          0x08000273   Thumb Code     0  startup_stm32f405xx.o(.text)
    TIM5_IRQHandler                          0x08000273   Thumb Code     0  startup_stm32f405xx.o(.text)
    TIM7_IRQHandler                          0x08000273   Thumb Code     0  startup_stm32f405xx.o(.text)
    TIM8_BRK_TIM12_IRQHandler                0x08000273   Thumb Code     0  startup_stm32f405xx.o(.text)
    TIM8_CC_IRQHandler                       0x08000273   Thumb Code     0  startup_stm32f405xx.o(.text)
    TIM8_TRG_COM_TIM14_IRQHandler            0x08000273   Thumb Code     0  startup_stm32f405xx.o(.text)
    TIM8_UP_TIM13_IRQHandler                 0x08000273   Thumb Code     0  startup_stm32f405xx.o(.text)
    UART4_IRQHandler                         0x08000273   Thumb Code     0  startup_stm32f405xx.o(.text)
    WWDG_IRQHandler                          0x08000273   Thumb Code     0  startup_stm32f405xx.o(.text)
    __aeabi_uldivmod                         0x0800027d   Thumb Code    98  uldiv.o(.text)
    __aeabi_memcpy                           0x080002df   Thumb Code    36  memcpya.o(.text)
    __aeabi_memcpy4                          0x080002df   Thumb Code     0  memcpya.o(.text)
    __aeabi_memcpy8                          0x080002df   Thumb Code     0  memcpya.o(.text)
    __aeabi_memset                           0x08000303   Thumb Code    14  memseta.o(.text)
    __aeabi_memset4                          0x08000303   Thumb Code     0  memseta.o(.text)
    __aeabi_memset8                          0x08000303   Thumb Code     0  memseta.o(.text)
    __aeabi_memclr                           0x08000311   Thumb Code     4  memseta.o(.text)
    __aeabi_memclr4                          0x08000311   Thumb Code     0  memseta.o(.text)
    __aeabi_memclr8                          0x08000311   Thumb Code     0  memseta.o(.text)
    _memset$wrapper                          0x08000315   Thumb Code    18  memseta.o(.text)
    __aeabi_ul2f                             0x08000327   Thumb Code    28  ffltul.o(.text)
    __aeabi_f2d                              0x08000343   Thumb Code    38  f2d.o(.text)
    __aeabi_d2f                              0x08000369   Thumb Code    56  d2f.o(.text)
    __aeabi_llsl                             0x080003a1   Thumb Code    30  llshl.o(.text)
    _ll_shift_l                              0x080003a1   Thumb Code     0  llshl.o(.text)
    __aeabi_llsr                             0x080003bf   Thumb Code    32  llushr.o(.text)
    _ll_ushift_r                             0x080003bf   Thumb Code     0  llushr.o(.text)
    __I$use$fp                               0x080003df   Thumb Code     0  iusefp.o(.text)
    _float_round                             0x080003df   Thumb Code    18  fepilogue.o(.text)
    _float_epilogue                          0x080003f1   Thumb Code    92  fepilogue.o(.text)
    _dsqrt                                   0x0800044d   Thumb Code   162  dsqrt.o(.text)
    __scatterload                            0x080004f1   Thumb Code    28  init.o(.text)
    __scatterload_rt2                        0x080004f1   Thumb Code     0  init.o(.text)
    _double_round                            0x08000515   Thumb Code    30  depilogue.o(.text)
    _double_epilogue                         0x08000533   Thumb Code   156  depilogue.o(.text)
    __decompress                             0x080005cf   Thumb Code     0  __dczerorl2.o(.text)
    __decompress1                            0x080005cf   Thumb Code    86  __dczerorl2.o(.text)
    BSP_CAN_InitConfig                       0x08000625   Thumb Code   126  bsp_can.o(i.BSP_CAN_InitConfig)
    BSP_DMA_InitConfig                       0x080006c9   Thumb Code   508  bsp_dma.o(i.BSP_DMA_InitConfig)
    BSP_GPIO_InitConfig                      0x08000909   Thumb Code   564  bsp_gpio.o(i.BSP_GPIO_InitConfig)
    BSP_NVIC_InitConfig                      0x08000b55   Thumb Code   360  bsp_nvic.o(i.BSP_NVIC_InitConfig)
    BSP_SPI_InitConfig                       0x08000cbd   Thumb Code    92  bsp_spi.o(i.BSP_SPI_InitConfig)
    BSP_TIM_InitConfig                       0x08000d3d   Thumb Code   474  bsp_tim.o(i.BSP_TIM_InitConfig)
    BSP_UART_InitConfig                      0x08000f45   Thumb Code   284  bsp_uart.o(i.BSP_UART_InitConfig)
    BusFault_Handler                         0x0800109d   Thumb Code     2  stm32f4xx_it.o(i.BusFault_Handler)
    CAN1_RX0_IRQHandler                      0x080010a1   Thumb Code   104  stm32f4xx_it.o(i.CAN1_RX0_IRQHandler)
    CAN2_RX0_IRQHandler                      0x08001111   Thumb Code    74  driver_cansend.o(i.CAN2_RX0_IRQHandler)
    CAN_RoboModule_DRV_Mode_Choice           0x0800128d   Thumb Code    94  driver_cansend.o(i.CAN_RoboModule_DRV_Mode_Choice)
    CAN_RoboModule_DRV_Reset                 0x080012f1   Thumb Code    92  driver_cansend.o(i.CAN_RoboModule_DRV_Reset)
    CAN_RoboModule_DRV_Velocity_Mode         0x08001351   Thumb Code   128  driver_cansend.o(i.CAN_RoboModule_DRV_Velocity_Mode)
    CanSend_InitConfig                       0x080013d9   Thumb Code    24  driver_cansend.o(i.CanSend_InitConfig)
    Chassis_InitConfig                       0x080013f1   Thumb Code   200  driver_chassis.o(i.Chassis_InitConfig)
    DBUS_DataProcessing                      0x080014cd   Thumb Code   326  driver_dbus.o(i.DBUS_DataProcessing)
    DBUS_InitConfig                          0x0800161d   Thumb Code    10  driver_dbus.o(i.DBUS_InitConfig)
    DMA1_Stream0_IRQHandler                  0x08001631   Thumb Code     6  stm32f4xx_it.o(i.DMA1_Stream0_IRQHandler)
    DMA1_Stream1_IRQHandler                  0x0800163d   Thumb Code     6  stm32f4xx_it.o(i.DMA1_Stream1_IRQHandler)
    DMA1_Stream3_IRQHandler                  0x08001649   Thumb Code     6  stm32f4xx_it.o(i.DMA1_Stream3_IRQHandler)
    DMA1_Stream5_IRQHandler                  0x08001655   Thumb Code     6  stm32f4xx_it.o(i.DMA1_Stream5_IRQHandler)
    DMA1_Stream7_IRQHandler                  0x08001661   Thumb Code    30  driver_debug.o(i.DMA1_Stream7_IRQHandler)
    DMA2_Stream1_IRQHandler                  0x08001689   Thumb Code     6  stm32f4xx_it.o(i.DMA2_Stream1_IRQHandler)
    DMA2_Stream2_IRQHandler                  0x08001695   Thumb Code     6  stm32f4xx_it.o(i.DMA2_Stream2_IRQHandler)
    DMA2_Stream6_IRQHandler                  0x080016a1   Thumb Code     6  stm32f4xx_it.o(i.DMA2_Stream6_IRQHandler)
    DMA2_Stream7_IRQHandler                  0x080016ad   Thumb Code     6  stm32f4xx_it.o(i.DMA2_Stream7_IRQHandler)
    DMA_CLEAR_FLAG_ALL                       0x080016b9   Thumb Code   196  bsp_dma.o(i.DMA_CLEAR_FLAG_ALL)
    DebugMon_Handler                         0x08001801   Thumb Code     2  stm32f4xx_it.o(i.DebugMon_Handler)
    Debug_InitConfig                         0x08001805   Thumb Code    40  driver_debug.o(i.Debug_InitConfig)
    EXTI4_IRQHandler                         0x08001839   Thumb Code     6  stm32f4xx_it.o(i.EXTI4_IRQHandler)
    Get_CRC16_Check_Sum                      0x08001841   Thumb Code    38  driver_crc.o(i.Get_CRC16_Check_Sum)
    Get_CRC8_Check_Sum                       0x0800186d   Thumb Code    24  driver_crc.o(i.Get_CRC8_Check_Sum)
    Gimbal_InitConfig                        0x08001889   Thumb Code   162  driver_gimbal.o(i.Gimbal_InitConfig)
    HAL_CAN_ConfigFilter                     0x08001949   Thumb Code   244  stm32f4xx_hal_can.o(i.HAL_CAN_ConfigFilter)
    HAL_CAN_ErrorCallback                    0x08001a41   Thumb Code     2  stm32f4xx_hal_can.o(i.HAL_CAN_ErrorCallback)
    HAL_CAN_IRQHandler                       0x08001a45   Thumb Code   548  stm32f4xx_hal_can.o(i.HAL_CAN_IRQHandler)
    HAL_CAN_Init                             0x08001c79   Thumb Code   328  stm32f4xx_hal_can.o(i.HAL_CAN_Init)
    HAL_CAN_MspInit                          0x08001dc1   Thumb Code    66  bsp_can.o(i.HAL_CAN_MspInit)
    HAL_CAN_Receive_IT                       0x08001e15   Thumb Code   180  stm32f4xx_hal_can.o(i.HAL_CAN_Receive_IT)
    HAL_CAN_RxCpltCallback                   0x08001ec9   Thumb Code     2  stm32f4xx_hal_can.o(i.HAL_CAN_RxCpltCallback)
    HAL_CAN_Transmit                         0x08001ecd   Thumb Code   446  stm32f4xx_hal_can.o(i.HAL_CAN_Transmit)
    HAL_CAN_TxCpltCallback                   0x08002099   Thumb Code     2  stm32f4xx_hal_can.o(i.HAL_CAN_TxCpltCallback)
    HAL_DMA_Abort_IT                         0x0800209b   Thumb Code    36  stm32f4xx_hal_dma.o(i.HAL_DMA_Abort_IT)
    HAL_DMA_IRQHandler                       0x080020c1   Thumb Code   412  stm32f4xx_hal_dma.o(i.HAL_DMA_IRQHandler)
    HAL_DMA_Init                             0x08002261   Thumb Code   206  stm32f4xx_hal_dma.o(i.HAL_DMA_Init)
    HAL_GPIO_EXTI_Callback                   0x08002335   Thumb Code    18  stm32f4xx_it.o(i.HAL_GPIO_EXTI_Callback)
    HAL_GPIO_EXTI_IRQHandler                 0x0800234d   Thumb Code    18  stm32f4xx_hal_gpio.o(i.HAL_GPIO_EXTI_IRQHandler)
    HAL_GPIO_Init                            0x08002365   Thumb Code   388  stm32f4xx_hal_gpio.o(i.HAL_GPIO_Init)
    HAL_GPIO_WritePin                        0x08002515   Thumb Code    10  stm32f4xx_hal_gpio.o(i.HAL_GPIO_WritePin)
    HAL_GetTick                              0x08002521   Thumb Code     6  stm32f4xx_hal.o(i.HAL_GetTick)
    HAL_IncTick                              0x0800252d   Thumb Code    10  stm32f4xx_hal.o(i.HAL_IncTick)
    HAL_Init                                 0x0800253d   Thumb Code    48  stm32f4xx_hal.o(i.HAL_Init)
    HAL_InitTick                             0x08002571   Thumb Code   100  stm32f4xx_hal_timebase_tim.o(i.HAL_InitTick)
    HAL_MspInit                              0x080025e5   Thumb Code     2  stm32f4xx_hal_msp.o(i.HAL_MspInit)
    HAL_NVIC_EnableIRQ                       0x080025e7   Thumb Code    22  stm32f4xx_hal_cortex.o(i.HAL_NVIC_EnableIRQ)
    HAL_NVIC_SetPriority                     0x080025fd   Thumb Code    60  stm32f4xx_hal_cortex.o(i.HAL_NVIC_SetPriority)
    HAL_NVIC_SetPriorityGrouping             0x0800263d   Thumb Code    26  stm32f4xx_hal_cortex.o(i.HAL_NVIC_SetPriorityGrouping)
    HAL_RCC_ClockConfig                      0x08002661   Thumb Code   286  stm32f4xx_hal_rcc.o(i.HAL_RCC_ClockConfig)
    HAL_RCC_GetClockConfig                   0x08002791   Thumb Code    54  stm32f4xx_hal_rcc.o(i.HAL_RCC_GetClockConfig)
    HAL_RCC_GetHCLKFreq                      0x080027d1   Thumb Code     6  stm32f4xx_hal_rcc.o(i.HAL_RCC_GetHCLKFreq)
    HAL_RCC_GetPCLK1Freq                     0x080027dd   Thumb Code    20  stm32f4xx_hal_rcc.o(i.HAL_RCC_GetPCLK1Freq)
    HAL_RCC_GetPCLK2Freq                     0x080027fd   Thumb Code    20  stm32f4xx_hal_rcc.o(i.HAL_RCC_GetPCLK2Freq)
    HAL_RCC_GetSysClockFreq                  0x0800281d   Thumb Code    88  stm32f4xx_hal_rcc.o(i.HAL_RCC_GetSysClockFreq)
    HAL_RCC_OscConfig                        0x08002881   Thumb Code   730  stm32f4xx_hal_rcc.o(i.HAL_RCC_OscConfig)
    HAL_SPI_Init                             0x08002b71   Thumb Code   128  stm32f4xx_hal_spi.o(i.HAL_SPI_Init)
    HAL_SPI_MspInit                          0x08002bf1   Thumb Code     2  stm32f4xx_hal_msp.o(i.HAL_SPI_MspInit)
    HAL_SPI_TransmitReceive                  0x08002bf5   Thumb Code   472  stm32f4xx_hal_spi.o(i.HAL_SPI_TransmitReceive)
    HAL_SYSTICK_CLKSourceConfig              0x08002dcd   Thumb Code    24  stm32f4xx_hal_cortex.o(i.HAL_SYSTICK_CLKSourceConfig)
    HAL_SYSTICK_Config                       0x08002de5   Thumb Code    40  stm32f4xx_hal_cortex.o(i.HAL_SYSTICK_Config)
    HAL_TIMEx_BreakCallback                  0x08002e0d   Thumb Code     2  stm32f4xx_hal_tim_ex.o(i.HAL_TIMEx_BreakCallback)
    HAL_TIMEx_CommutationCallback            0x08002e0f   Thumb Code     2  stm32f4xx_hal_tim_ex.o(i.HAL_TIMEx_CommutationCallback)
    HAL_TIMEx_MasterConfigSynchronization    0x08002e11   Thumb Code    80  stm32f4xx_hal_tim_ex.o(i.HAL_TIMEx_MasterConfigSynchronization)
    HAL_TIM_Base_Init                        0x08002e61   Thumb Code    54  stm32f4xx_hal_tim.o(i.HAL_TIM_Base_Init)
    HAL_TIM_Base_MspInit                     0x08002e97   Thumb Code     2  stm32f4xx_hal_tim.o(i.HAL_TIM_Base_MspInit)
    HAL_TIM_Base_Start_IT                    0x08002e99   Thumb Code    24  stm32f4xx_hal_tim.o(i.HAL_TIM_Base_Start_IT)
    HAL_TIM_IC_CaptureCallback               0x08002eb1   Thumb Code     2  stm32f4xx_hal_tim.o(i.HAL_TIM_IC_CaptureCallback)
    HAL_TIM_IRQHandler                       0x08002eb3   Thumb Code   358  stm32f4xx_hal_tim.o(i.HAL_TIM_IRQHandler)
    HAL_TIM_OC_DelayElapsedCallback          0x08003019   Thumb Code     2  stm32f4xx_hal_tim.o(i.HAL_TIM_OC_DelayElapsedCallback)
    HAL_TIM_PWM_ConfigChannel                0x0800301b   Thumb Code   208  stm32f4xx_hal_tim.o(i.HAL_TIM_PWM_ConfigChannel)
    HAL_TIM_PWM_Init                         0x080030eb   Thumb Code    54  stm32f4xx_hal_tim.o(i.HAL_TIM_PWM_Init)
    HAL_TIM_PWM_MspInit                      0x08003121   Thumb Code     2  stm32f4xx_hal_msp.o(i.HAL_TIM_PWM_MspInit)
    HAL_TIM_PWM_PulseFinishedCallback        0x08003123   Thumb Code     2  stm32f4xx_hal_tim.o(i.HAL_TIM_PWM_PulseFinishedCallback)
    HAL_TIM_PeriodElapsedCallback            0x08003125   Thumb Code    30  bsp_tim.o(i.HAL_TIM_PeriodElapsedCallback)
    HAL_TIM_TriggerCallback                  0x0800314d   Thumb Code     2  stm32f4xx_hal_tim.o(i.HAL_TIM_TriggerCallback)
    HAL_UART_ErrorCallback                   0x0800314f   Thumb Code     2  stm32f4xx_hal_uart.o(i.HAL_UART_ErrorCallback)
    HAL_UART_IRQHandler                      0x08003151   Thumb Code   266  stm32f4xx_hal_uart.o(i.HAL_UART_IRQHandler)
    HAL_UART_Init                            0x08003261   Thumb Code    98  stm32f4xx_hal_uart.o(i.HAL_UART_Init)
    HAL_UART_MspInit                         0x080032c3   Thumb Code     2  stm32f4xx_hal_msp.o(i.HAL_UART_MspInit)
    HAL_UART_RxCpltCallback                  0x080032c5   Thumb Code     2  stm32f4xx_hal_uart.o(i.HAL_UART_RxCpltCallback)
    HAL_UART_TxCpltCallback                  0x080032c7   Thumb Code     2  stm32f4xx_hal_uart.o(i.HAL_UART_TxCpltCallback)
    HardFault_Handler                        0x080032c9   Thumb Code     2  stm32f4xx_it.o(i.HardFault_Handler)
    ICM20600_InitConfig                      0x080032cb   Thumb Code     4  driver_icm20600.o(i.ICM20600_InitConfig)
    Judge_InitConfig                         0x080032d1   Thumb Code    10  driver_judge.o(i.Judge_InitConfig)
    MemManage_Handler                        0x080032e5   Thumb Code     2  stm32f4xx_it.o(i.MemManage_Handler)
    ModeSwitch_InitConfig                    0x080032e9   Thumb Code     8  driver_modeswitch.o(i.ModeSwitch_InitConfig)
    NMI_Handler                              0x080032f5   Thumb Code     2  stm32f4xx_it.o(i.NMI_Handler)
    PID_Calc                                 0x08003319   Thumb Code   244  algorithm_pid.o(i.PID_Calc)
    PID_Init                                 0x08003411   Thumb Code    42  algorithm_pid.o(i.PID_Init)
    PowerLimit_InitConfig                    0x08003441   Thumb Code    54  driver_powerlimit.o(i.PowerLimit_InitConfig)
    Power_Deal                               0x08003495   Thumb Code   120  driver_powerlimit.o(i.Power_Deal)
    Send_Check                               0x080035d9   Thumb Code    68  driver_debug.o(i.Send_Check)
    SysTick_Handler                          0x08003629   Thumb Code     4  stm32f4xx_it.o(i.SysTick_Handler)
    SystemInit                               0x0800362d   Thumb Code    66  system_stm32f4xx.o(i.SystemInit)
    TIM6_DAC_IRQHandler                      0x08003681   Thumb Code     6  stm32f4xx_it.o(i.TIM6_DAC_IRQHandler)
    TIM_Base_SetConfig                       0x0800368d   Thumb Code   148  stm32f4xx_hal_tim.o(i.TIM_Base_SetConfig)
    TIM_OC2_SetConfig                        0x080037a5   Thumb Code    90  stm32f4xx_hal_tim.o(i.TIM_OC2_SetConfig)
    Task_Can1Send                            0x080038b9   Thumb Code   188  task_cansend.o(i.Task_Can1Send)
    Task_Can2Send                            0x08003999   Thumb Code   156  task_cansend.o(i.Task_Can2Send)
    Task_Chassis                             0x08003a4d   Thumb Code   370  task_chassis.o(i.Task_Chassis)
    Task_DBUS                                0x08003be5   Thumb Code    72  task_dbus.o(i.Task_DBUS)
    Task_Gimbal                              0x08003c39   Thumb Code   262  task_gimbal.o(i.Task_Gimbal)
    Task_Judge                               0x08003d71   Thumb Code    72  task_judge.o(i.Task_Judge)
    Task_ModeSwitch                          0x08003dc5   Thumb Code   132  task_modeswitch.o(i.Task_ModeSwitch)
    Task_Monitor                             0x08003e59   Thumb Code    66  task_monitor.o(i.Task_Monitor)
    Task_PowerLimit                          0x08003ead   Thumb Code   386  task_powerlimit.o(i.Task_PowerLimit)
    Task_Shoot                               0x0800405d   Thumb Code    44  task_shoot.o(i.Task_Shoot)
    Task_SysInitConfig                       0x08004091   Thumb Code   444  task_sysinitconfig.o(i.Task_SysInitConfig)
    Task_TakeBullet                          0x08004359   Thumb Code    44  task_takebullet.o(i.Task_TakeBullet)
    UART5_IRQHandler                         0x0800438d   Thumb Code   270  driver_debug.o(i.UART5_IRQHandler)
    UART_DMA_RX_INIT                         0x080044b9   Thumb Code    84  bsp_dma.o(i.UART_DMA_RX_INIT)
    UART_DMA_TX_INIT                         0x0800450d   Thumb Code    70  bsp_dma.o(i.UART_DMA_TX_INIT)
    USART1_IRQHandler                        0x0800490d   Thumb Code     6  stm32f4xx_it.o(i.USART1_IRQHandler)
    USART2_IRQHandler                        0x08004919   Thumb Code    92  stm32f4xx_it.o(i.USART2_IRQHandler)
    USART3_IRQHandler                        0x08004981   Thumb Code     6  stm32f4xx_it.o(i.USART3_IRQHandler)
    USART6_IRQHandler                        0x0800498d   Thumb Code   240  driver_judge.o(i.USART6_IRQHandler)
    Uart_Transmit_DMA                        0x08004a99   Thumb Code    48  bsp_dma.o(i.Uart_Transmit_DMA)
    UsageFault_Handler                       0x08004ac9   Thumb Code     2  stm32f4xx_it.o(i.UsageFault_Handler)
    Verify_CRC16_Check_Sum                   0x08004acd   Thumb Code    54  driver_crc.o(i.Verify_CRC16_Check_Sum)
    Verify_CRC8_Check_Sum                    0x08004b09   Thumb Code    38  driver_crc.o(i.Verify_CRC8_Check_Sum)
    Write_PID                                0x08004b31   Thumb Code   268  driver_debug.o(i.Write_PID)
    _Error_Handler                           0x08004c49   Thumb Code     2  main.o(i._Error_Handler)
    __ARM_fpclassifyf                        0x08004c4b   Thumb Code    38  fpclassifyf.o(i.__ARM_fpclassifyf)
    __hardfp_asinf                           0x08004c81   Thumb Code   258  asinf.o(i.__hardfp_asinf)
    __hardfp_atan2f                          0x08004dad   Thumb Code   502  atan2f.o(i.__hardfp_atan2f)
    __hardfp_cosf                            0x08004ffd   Thumb Code   280  cosf.o(i.__hardfp_cosf)
    __hardfp_sqrt                            0x0800514d   Thumb Code   122  sqrt.o(i.__hardfp_sqrt)
    __hardfp_sqrtf                           0x080051c7   Thumb Code    58  sqrtf.o(i.__hardfp_sqrtf)
    __hardfp_tanf                            0x08005201   Thumb Code   322  tanf.o(i.__hardfp_tanf)
    __mathlib_flt_infnan                     0x0800537d   Thumb Code     6  funder.o(i.__mathlib_flt_infnan)
    __mathlib_flt_infnan2                    0x08005383   Thumb Code     6  funder.o(i.__mathlib_flt_infnan2)
    __mathlib_flt_invalid                    0x08005389   Thumb Code    10  funder.o(i.__mathlib_flt_invalid)
    __mathlib_flt_underflow                  0x08005399   Thumb Code    10  funder.o(i.__mathlib_flt_underflow)
    __mathlib_rredf2                         0x080053a9   Thumb Code   316  rredf.o(i.__mathlib_rredf2)
    __scatterload_copy                       0x080054fd   Thumb Code    14  handlers.o(i.__scatterload_copy)
    __scatterload_null                       0x0800550b   Thumb Code     2  handlers.o(i.__scatterload_null)
    __scatterload_zeroinit                   0x0800550d   Thumb Code    14  handlers.o(i.__scatterload_zeroinit)
    __set_errno                              0x0800551d   Thumb Code     6  errno.o(i.__set_errno)
    can_filter_config                        0x08005689   Thumb Code   100  bsp_can.o(i.can_filter_config)
    estimator_task                           0x08005781   Thumb Code   362  algorithm_estimator.o(i.estimator_task)
    icm20600_task                            0x08005925   Thumb Code    34  driver_icm20600.o(i.icm20600_task)
    judge_read                               0x08005e61   Thumb Code   144  driver_judge.o(i.judge_read)
    lpf_allpy                                0x08005fc9   Thumb Code    94  driver_icm20600.o(i.lpf_allpy)
    lpf_set_cutoff_frequency                 0x08006029   Thumb Code   178  driver_icm20600.o(i.lpf_set_cutoff_frequency)
    main                                     0x080060e9   Thumb Code    30  main.o(i.main)
    osSystickHandler                         0x08006321   Thumb Code    20  cmsis_os.o(i.osSystickHandler)
    pvPortMalloc                             0x08006a59   Thumb Code   210  heap_4.o(i.pvPortMalloc)
    pvTaskIncrementMutexHeldCount            0x08006b31   Thumb Code    18  tasks.o(i.pvTaskIncrementMutexHeldCount)
    pxPortInitialiseStack                    0x08006b49   Thumb Code    40  port.o(i.pxPortInitialiseStack)
    read                                     0x08006b75   Thumb Code    32  driver_icm20600.o(i.read)
    send_cm_current                          0x08006bcd   Thumb Code    78  driver_cansend.o(i.send_cm_current)
    send_gimbal_current                      0x08006c1b   Thumb Code    72  driver_cansend.o(i.send_gimbal_current)
    send_shoot_current                       0x08006c63   Thumb Code    78  driver_cansend.o(i.send_shoot_current)
    single_press                             0x08006cb1   Thumb Code     8  driver_dbus.o(i.single_press)
    spi1_read                                0x08006cb9   Thumb Code    80  bsp_spi.o(i.spi1_read)
    spi1_write                               0x08006d09   Thumb Code    68  bsp_spi.o(i.spi1_write)
    sqrtf                                    0x08006d4d   Thumb Code    62  sqrtf.o(i.sqrtf)
    time                                     0x08006d8d   Thumb Code    78  bsp_tim.o(i.time)
    usleep                                   0x08007075   Thumb Code    28  bsp_tim.o(i.usleep)
    uxListRemove                             0x08007091   Thumb Code    36  list.o(i.uxListRemove)
    uxTaskGetStackHighWaterMark              0x080070b5   Thumb Code    28  tasks.o(i.uxTaskGetStackHighWaterMark)
    uxTaskResetEventItemValue                0x080070d5   Thumb Code    20  tasks.o(i.uxTaskResetEventItemValue)
    vListInitialise                          0x080070ed   Thumb Code    22  list.o(i.vListInitialise)
    vListInitialiseItem                      0x08007103   Thumb Code     6  list.o(i.vListInitialiseItem)
    vListInsert                              0x08007109   Thumb Code    48  list.o(i.vListInsert)
    vListInsertEnd                           0x08007139   Thumb Code    24  list.o(i.vListInsertEnd)
    vPortEnterCritical                       0x08007151   Thumb Code    54  port.o(i.vPortEnterCritical)
    vPortExitCritical                        0x08007191   Thumb Code    34  port.o(i.vPortExitCritical)
    vPortFree                                0x080071b9   Thumb Code    88  heap_4.o(i.vPortFree)
    vPortSetupTimerInterrupt                 0x08007215   Thumb Code    26  port.o(i.vPortSetupTimerInterrupt)
    vPortValidateInterruptPriority           0x08007235   Thumb Code    74  port.o(i.vPortValidateInterruptPriority)
    vQueueAddToRegistry                      0x08007289   Thumb Code    34  queue.o(i.vQueueAddToRegistry)
    vQueueWaitForMessageRestricted           0x080072b1   Thumb Code    68  queue.o(i.vQueueWaitForMessageRestricted)
    vTaskDelay                               0x080072f5   Thumb Code    66  tasks.o(i.vTaskDelay)
    vTaskDelayUntil                          0x08007341   Thumb Code   132  tasks.o(i.vTaskDelayUntil)
    vTaskDelete                              0x080073cd   Thumb Code   156  tasks.o(i.vTaskDelete)
    vTaskMissedYield                         0x08007479   Thumb Code     8  tasks.o(i.vTaskMissedYield)
    vTaskPlaceOnEventList                    0x08007485   Thumb Code    44  tasks.o(i.vTaskPlaceOnEventList)
    vTaskPlaceOnEventListRestricted          0x080074b5   Thumb Code    52  tasks.o(i.vTaskPlaceOnEventListRestricted)
    vTaskPlaceOnUnorderedEventList           0x080074ed   Thumb Code    76  tasks.o(i.vTaskPlaceOnUnorderedEventList)
    vTaskPriorityInherit                     0x0800753d   Thumb Code   124  tasks.o(i.vTaskPriorityInherit)
    vTaskSetTimeOutState                     0x080075c1   Thumb Code    30  tasks.o(i.vTaskSetTimeOutState)
    vTaskStartScheduler                      0x080075e5   Thumb Code    94  tasks.o(i.vTaskStartScheduler)
    vTaskSuspendAll                          0x08007655   Thumb Code    10  tasks.o(i.vTaskSuspendAll)
    vTaskSwitchContext                       0x08007665   Thumb Code    82  tasks.o(i.vTaskSwitchContext)
    write                                    0x080076c1   Thumb Code    32  driver_icm20600.o(i.write)
    xEventGroupCreate                        0x08007743   Thumb Code    26  event_groups.o(i.xEventGroupCreate)
    xEventGroupSetBits                       0x0800775d   Thumb Code   140  event_groups.o(i.xEventGroupSetBits)
    xEventGroupWaitBits                      0x080077e9   Thumb Code   260  event_groups.o(i.xEventGroupWaitBits)
    xPortStartScheduler                      0x080078f1   Thumb Code   202  port.o(i.xPortStartScheduler)
    xPortSysTickHandler                      0x080079d1   Thumb Code    38  port.o(i.xPortSysTickHandler)
    xQueueGenericCreate                      0x080079fd   Thumb Code    72  queue.o(i.xQueueGenericCreate)
    xQueueGenericReceive                     0x08007a45   Thumb Code   360  queue.o(i.xQueueGenericReceive)
    xQueueGenericReset                       0x08007bb1   Thumb Code   132  queue.o(i.xQueueGenericReset)
    xQueueGenericSend                        0x08007c39   Thumb Code   346  queue.o(i.xQueueGenericSend)
    xQueueGenericSendFromISR                 0x08007d99   Thumb Code   188  queue.o(i.xQueueGenericSendFromISR)
    xQueueGiveFromISR                        0x08007e55   Thumb Code   156  queue.o(i.xQueueGiveFromISR)
    xTaskCheckForTimeOut                     0x08007ef1   Thumb Code   102  tasks.o(i.xTaskCheckForTimeOut)
    xTaskCreate                              0x08007f5d   Thumb Code    86  tasks.o(i.xTaskCreate)
    xTaskGetSchedulerState                   0x08007fb5   Thumb Code    22  tasks.o(i.xTaskGetSchedulerState)
    xTaskGetTickCount                        0x08007fd1   Thumb Code     6  tasks.o(i.xTaskGetTickCount)
    xTaskIncrementTick                       0x08007fdd   Thumb Code   192  tasks.o(i.xTaskIncrementTick)
    xTaskPriorityDisinherit                  0x080080a5   Thumb Code   144  tasks.o(i.xTaskPriorityDisinherit)
    xTaskRemoveFromEventList                 0x0800813d   Thumb Code   108  tasks.o(i.xTaskRemoveFromEventList)
    xTaskRemoveFromUnorderedEventList        0x080081b1   Thumb Code   110  tasks.o(i.xTaskRemoveFromUnorderedEventList)
    xTaskResumeAll                           0x08008229   Thumb Code   182  tasks.o(i.xTaskResumeAll)
    xTimerCreateTimerTask                    0x080082ed   Thumb Code    56  timers.o(i.xTimerCreateTimerTask)
    xTimerGenericCommand                     0x08008335   Thumb Code    92  timers.o(i.xTimerGenericCommand)
    CRC8_TAB                                 0x08008394   Data         256  driver_crc.o(.constdata)
    wCRC_Table                               0x08008494   Data         512  driver_crc.o(.constdata)
    AHBPrescTable                            0x0800869c   Data          16  system_stm32f4xx.o(.constdata)
    APBPrescTable                            0x080086ac   Data           8  system_stm32f4xx.o(.constdata)
    Region$$Table$$Base                      0x080086d4   Number         0  anon$$obj.o(Region$$Table)
    Region$$Table$$Limit                     0x080086f4   Number         0  anon$$obj.o(Region$$Table)
    uui                                      0x20000000   Data           4  stm32f4xx_it.o(.data)
    HandleModeSwitch                         0x20000004   Data           4  freertos.o(.data)
    HandleTakeBullet                         0x20000008   Data           4  freertos.o(.data)
    HandleCan1Send                           0x2000000c   Data           4  freertos.o(.data)
    HandleCan2Send                           0x20000010   Data           4  freertos.o(.data)
    HandleMonitor                            0x20000014   Data           4  freertos.o(.data)
    HandleChassis                            0x20000018   Data           4  freertos.o(.data)
    HandleGimbal                             0x2000001c   Data           4  freertos.o(.data)
    HandleShoot                              0x20000020   Data           4  freertos.o(.data)
    HandleDBUS                               0x20000024   Data           4  freertos.o(.data)
    BinSemaphoreDBUS                         0x20000028   Data           4  freertos.o(.data)
    BinSemaphoreShoot                        0x2000002c   Data           4  freertos.o(.data)
    BinSemaphoreJudge                        0x20000030   Data           4  freertos.o(.data)
    BinSemaphoreGimbal                       0x20000034   Data           4  freertos.o(.data)
    BinSemaphoreChassis                      0x20000038   Data           4  freertos.o(.data)
    BinSemaphoreTakeBullet                   0x2000003c   Data           4  freertos.o(.data)
    EventGroupHandler                        0x20000040   Data           4  freertos.o(.data)
    EventValue11                             0x20000048   Data           4  task_monitor.o(.data)
    CRC_INIT                                 0x2000004c   Data           2  driver_crc.o(.data)
    leftbuffer_size                          0x20000050   Data           2  driver_judge.o(.data)
    num                                      0x20000052   Data           2  driver_judge.o(.data)
    datalength_                              0x20000054   Data           2  driver_judge.o(.data)
    write_hand                               0x20000058   Data           4  driver_judge.o(.data)
    read_hand                                0x2000005c   Data           4  driver_judge.o(.data)
    txhead                                   0x20000064   Data           1  driver_debug.o(.data)
    txsum                                    0x20000065   Data           1  driver_debug.o(.data)
    debug_write                              0x20000066   Data           1  driver_debug.o(.data)
    uart_tx_flag                             0x20000068   Data           2  driver_debug.o(.data)
    _send_flag                               0x2000006a   Data           4  driver_debug.o(.data)
    _send                                    0x20000070   Data          24  driver_debug.o(.data)
    PitchParam                               0x20000088   Data          52  driver_gimbal.o(.data)
    YawParam                                 0x200000bc   Data          52  driver_gimbal.o(.data)
    _ChassisParam                            0x200000f0   Data         140  driver_chassis.o(.data)
    _params                                  0x20000198   Data          48  driver_icm20600.o(.data)
    _icm                                     0x200001c8   Data         156  driver_icm20600.o(.data)
    GlobalMode                               0x20000264   Data           1  driver_modeswitch.o(.data)
    Tick                                     0x20000268   Data           8  bsp_tim.o(.data)
    uwTick                                   0x20000288   Data           4  stm32f4xx_hal.o(.data)
    SystemCoreClock                          0x2000028c   Data           4  system_stm32f4xx.o(.data)
    pxCurrentTCB                             0x200002a8   Data           4  tasks.o(.data)
    htim6                                    0x20000308   Data          60  stm32f4xx_hal_timebase_tim.o(.bss)
    _Tick                                    0x20000344   Data          52  freertos.o(.bss)
    _StackSurplus                            0x20000378   Data          52  freertos.o(.bss)
    _radio_raw                               0x200003b0   Data          40  driver_dbus.o(.bss)
    _radio                                   0x200003d8   Data          56  driver_dbus.o(.bss)
    uart2_rx                                 0x20000410   Data         100  driver_dbus.o(.bss)
    ring_buffer                              0x20000474   Data        1000  driver_judge.o(.bss)
    judgement_uart_rx                        0x2000085c   Data         100  driver_judge.o(.bss)
    _Judge                                   0x200008c0   Data          81  driver_judge.o(.bss)
    seq                                      0x20000911   Data         100  driver_judge.o(.bss)
    frame                                    0x20000975   Data         100  driver_judge.o(.bss)
    _pid_debug                               0x200009dc   Data         216  driver_debug.o(.bss)
    uart_rx                                  0x20000ab4   Data         100  driver_debug.o(.bss)
    uart_tx                                  0x20000b18   Data         100  driver_debug.o(.bss)
    _can2                                    0x20000b7c   Data          10  driver_cansend.o(.bss)
    _accel                                   0x20000b88   Data          32  driver_icm20600.o(.bss)
    _gyro                                    0x20000ba8   Data          32  driver_icm20600.o(.bss)
    PowerLimit                               0x20000be0   Data          60  driver_powerlimit.o(.bss)
    hspi1                                    0x20000c1c   Data          88  bsp_spi.o(.bss)
    htim2                                    0x20000c74   Data          60  bsp_tim.o(.bss)
    htim3                                    0x20000cb0   Data          60  bsp_tim.o(.bss)
    htim4                                    0x20000cec   Data          60  bsp_tim.o(.bss)
    hcan1                                    0x20000da8   Data          68  bsp_can.o(.bss)
    hcan2                                    0x20000dec   Data          68  bsp_can.o(.bss)
    hdma_uart5_rx                            0x20000e30   Data          96  bsp_dma.o(.bss)
    hdma_uart5_tx                            0x20000e90   Data          96  bsp_dma.o(.bss)
    hdma_usart1_rx                           0x20000ef0   Data          96  bsp_dma.o(.bss)
    hdma_usart1_tx                           0x20000f50   Data          96  bsp_dma.o(.bss)
    hdma_usart2_rx                           0x20000fb0   Data          96  bsp_dma.o(.bss)
    hdma_usart3_rx                           0x20001010   Data          96  bsp_dma.o(.bss)
    hdma_usart3_tx                           0x20001070   Data          96  bsp_dma.o(.bss)
    hdma_usart6_rx                           0x200010d0   Data          96  bsp_dma.o(.bss)
    hdma_usart6_tx                           0x20001130   Data          96  bsp_dma.o(.bss)
    huart1                                   0x20001190   Data          64  bsp_uart.o(.bss)
    huart2                                   0x200011d0   Data          64  bsp_uart.o(.bss)
    huart3                                   0x20001210   Data          64  bsp_uart.o(.bss)
    huart5                                   0x20001250   Data          64  bsp_uart.o(.bss)
    huart6                                   0x20001290   Data          64  bsp_uart.o(.bss)
    CM_speed_pid                             0x200012d0   Data         192  algorithm_pid.o(.bss)
    CM_rotate_pid                            0x20001390   Data          48  algorithm_pid.o(.bss)
    Yaw_speed_pid                            0x200013c0   Data          48  algorithm_pid.o(.bss)
    Yaw_position_pid                         0x200013f0   Data          48  algorithm_pid.o(.bss)
    Pitch_speed_pid                          0x20001420   Data          48  algorithm_pid.o(.bss)
    Pitch_position_pid                       0x20001450   Data          48  algorithm_pid.o(.bss)
    Power_Limit_pid                          0x20001480   Data          48  algorithm_pid.o(.bss)
    _attitude                                0x200014b0   Data          32  algorithm_estimator.o(.bss)
    xQueueRegistry                           0x20005218   Data          64  queue.o(.bss)
    __initial_sp                             0x20005680   Data           0  startup_stm32f405xx.o(STACK)



==============================================================================

Memory Map of the image

  Image Entry point : 0x08000189

  Load Region LR_IROM1 (Base: 0x08000000, Size: 0x000089fc, Max: 0x00100000, ABSOLUTE, COMPRESSED[0x00008774])

    Execution Region ER_IROM1 (Exec base: 0x08000000, Load base: 0x08000000, Size: 0x000086f4, Max: 0x00100000, ABSOLUTE)

    Exec Addr    Load Addr    Size         Type   Attr      Idx    E Section Name        Object

    0x08000000   0x08000000   0x00000188   Data   RO         4508    RESET               startup_stm32f405xx.o
    0x08000188   0x08000188   0x00000000   Code   RO         5817  * .ARM.Collect$$$$00000000  mc_w.l(entry.o)
    0x08000188   0x08000188   0x00000004   Code   RO         5853    .ARM.Collect$$$$00000001  mc_w.l(entry2.o)
    0x0800018c   0x0800018c   0x00000004   Code   RO         5856    .ARM.Collect$$$$00000004  mc_w.l(entry5.o)
    0x08000190   0x08000190   0x00000000   Code   RO         5858    .ARM.Collect$$$$00000008  mc_w.l(entry7b.o)
    0x08000190   0x08000190   0x00000000   Code   RO         5860    .ARM.Collect$$$$0000000A  mc_w.l(entry8b.o)
    0x08000190   0x08000190   0x00000008   Code   RO         5861    .ARM.Collect$$$$0000000B  mc_w.l(entry9a.o)
    0x08000198   0x08000198   0x00000000   Code   RO         5863    .ARM.Collect$$$$0000000D  mc_w.l(entry10a.o)
    0x08000198   0x08000198   0x00000000   Code   RO         5865    .ARM.Collect$$$$0000000F  mc_w.l(entry11a.o)
    0x08000198   0x08000198   0x00000004   Code   RO         5854    .ARM.Collect$$$$00002712  mc_w.l(entry2.o)
    0x0800019c   0x0800019c   0x000000ba   Code   RO         5668    .emb_text           port.o
    0x08000256   0x08000256   0x00000002   PAD
    0x08000258   0x08000258   0x00000024   Code   RO         4509    .text               startup_stm32f405xx.o
    0x0800027c   0x0800027c   0x00000062   Code   RO         5820    .text               mc_w.l(uldiv.o)
    0x080002de   0x080002de   0x00000024   Code   RO         5822    .text               mc_w.l(memcpya.o)
    0x08000302   0x08000302   0x00000024   Code   RO         5824    .text               mc_w.l(memseta.o)
    0x08000326   0x08000326   0x0000001c   Code   RO         5828    .text               mf_w.l(ffltul.o)
    0x08000342   0x08000342   0x00000026   Code   RO         5830    .text               mf_w.l(f2d.o)
    0x08000368   0x08000368   0x00000038   Code   RO         5832    .text               mf_w.l(d2f.o)
    0x080003a0   0x080003a0   0x0000001e   Code   RO         5867    .text               mc_w.l(llshl.o)
    0x080003be   0x080003be   0x00000020   Code   RO         5869    .text               mc_w.l(llushr.o)
    0x080003de   0x080003de   0x00000000   Code   RO         5878    .text               mc_w.l(iusefp.o)
    0x080003de   0x080003de   0x0000006e   Code   RO         5879    .text               mf_w.l(fepilogue.o)
    0x0800044c   0x0800044c   0x000000a2   Code   RO         5881    .text               mf_w.l(dsqrt.o)
    0x080004ee   0x080004ee   0x00000002   PAD
    0x080004f0   0x080004f0   0x00000024   Code   RO         5885    .text               mc_w.l(init.o)
    0x08000514   0x08000514   0x000000ba   Code   RO         5887    .text               mf_w.l(depilogue.o)
    0x080005ce   0x080005ce   0x00000056   Code   RO         5897    .text               mc_w.l(__dczerorl2.o)
    0x08000624   0x08000624   0x000000a4   Code   RO         1592    i.BSP_CAN_InitConfig  bsp_can.o
    0x080006c8   0x080006c8   0x00000240   Code   RO         1641    i.BSP_DMA_InitConfig  bsp_dma.o
    0x08000908   0x08000908   0x0000024c   Code   RO         1720    i.BSP_GPIO_InitConfig  bsp_gpio.o
    0x08000b54   0x08000b54   0x00000168   Code   RO         1696    i.BSP_NVIC_InitConfig  bsp_nvic.o
    0x08000cbc   0x08000cbc   0x00000080   Code   RO         1489    i.BSP_SPI_InitConfig  bsp_spi.o
    0x08000d3c   0x08000d3c   0x00000208   Code   RO         1543    i.BSP_TIM_InitConfig  bsp_tim.o
    0x08000f44   0x08000f44   0x00000158   Code   RO         1744    i.BSP_UART_InitConfig  bsp_uart.o
    0x0800109c   0x0800109c   0x00000002   Code   RO          212    i.BusFault_Handler  stm32f4xx_it.o
    0x0800109e   0x0800109e   0x00000002   PAD
    0x080010a0   0x080010a0   0x00000070   Code   RO          213    i.CAN1_RX0_IRQHandler  stm32f4xx_it.o
    0x08001110   0x08001110   0x00000054   Code   RO         1181    i.CAN2_RX0_IRQHandler  driver_cansend.o
    0x08001164   0x08001164   0x00000126   Code   RO         4045    i.CAN_Receive_IT    stm32f4xx_hal_can.o
    0x0800128a   0x0800128a   0x00000002   PAD
    0x0800128c   0x0800128c   0x00000064   Code   RO         1187    i.CAN_RoboModule_DRV_Mode_Choice  driver_cansend.o
    0x080012f0   0x080012f0   0x00000060   Code   RO         1191    i.CAN_RoboModule_DRV_Reset  driver_cansend.o
    0x08001350   0x08001350   0x00000088   Code   RO         1192    i.CAN_RoboModule_DRV_Velocity_Mode  driver_cansend.o
    0x080013d8   0x080013d8   0x00000018   Code   RO         1194    i.CanSend_InitConfig  driver_cansend.o
    0x080013f0   0x080013f0   0x000000dc   Code   RO         1123    i.Chassis_InitConfig  driver_chassis.o
    0x080014cc   0x080014cc   0x00000150   Code   RO          900    i.DBUS_DataProcessing  driver_dbus.o
    0x0800161c   0x0800161c   0x00000014   Code   RO          901    i.DBUS_InitConfig   driver_dbus.o
    0x08001630   0x08001630   0x0000000c   Code   RO          214    i.DMA1_Stream0_IRQHandler  stm32f4xx_it.o
    0x0800163c   0x0800163c   0x0000000c   Code   RO          215    i.DMA1_Stream1_IRQHandler  stm32f4xx_it.o
    0x08001648   0x08001648   0x0000000c   Code   RO          216    i.DMA1_Stream3_IRQHandler  stm32f4xx_it.o
    0x08001654   0x08001654   0x0000000c   Code   RO          217    i.DMA1_Stream5_IRQHandler  stm32f4xx_it.o
    0x08001660   0x08001660   0x00000028   Code   RO         1035    i.DMA1_Stream7_IRQHandler  driver_debug.o
    0x08001688   0x08001688   0x0000000c   Code   RO          218    i.DMA2_Stream1_IRQHandler  stm32f4xx_it.o
    0x08001694   0x08001694   0x0000000c   Code   RO          219    i.DMA2_Stream2_IRQHandler  stm32f4xx_it.o
    0x080016a0   0x080016a0   0x0000000c   Code   RO          220    i.DMA2_Stream6_IRQHandler  stm32f4xx_it.o
    0x080016ac   0x080016ac   0x0000000c   Code   RO          221    i.DMA2_Stream7_IRQHandler  stm32f4xx_it.o
    0x080016b8   0x080016b8   0x000000cc   Code   RO         1642    i.DMA_CLEAR_FLAG_ALL  bsp_dma.o
    0x08001784   0x08001784   0x00000028   Code   RO         3539    i.DMA_CalcBaseAndBitshift  stm32f4xx_hal_dma.o
    0x080017ac   0x080017ac   0x00000054   Code   RO         3540    i.DMA_CheckFifoParam  stm32f4xx_hal_dma.o
    0x08001800   0x08001800   0x00000002   Code   RO          222    i.DebugMon_Handler  stm32f4xx_it.o
    0x08001802   0x08001802   0x00000002   PAD
    0x08001804   0x08001804   0x00000034   Code   RO         1036    i.Debug_InitConfig  driver_debug.o
    0x08001838   0x08001838   0x00000006   Code   RO          223    i.EXTI4_IRQHandler  stm32f4xx_it.o
    0x0800183e   0x0800183e   0x00000002   PAD
    0x08001840   0x08001840   0x0000002c   Code   RO          847    i.Get_CRC16_Check_Sum  driver_crc.o
    0x0800186c   0x0800186c   0x0000001c   Code   RO          848    i.Get_CRC8_Check_Sum  driver_crc.o
    0x08001888   0x08001888   0x000000c0   Code   RO         1105    i.Gimbal_InitConfig  driver_gimbal.o
    0x08001948   0x08001948   0x000000f8   Code   RO         4046    i.HAL_CAN_ConfigFilter  stm32f4xx_hal_can.o
    0x08001a40   0x08001a40   0x00000002   Code   RO         4048    i.HAL_CAN_ErrorCallback  stm32f4xx_hal_can.o
    0x08001a42   0x08001a42   0x00000002   PAD
    0x08001a44   0x08001a44   0x00000234   Code   RO         4051    i.HAL_CAN_IRQHandler  stm32f4xx_hal_can.o
    0x08001c78   0x08001c78   0x00000148   Code   RO         4052    i.HAL_CAN_Init      stm32f4xx_hal_can.o
    0x08001dc0   0x08001dc0   0x00000054   Code   RO         1594    i.HAL_CAN_MspInit   bsp_can.o
    0x08001e14   0x08001e14   0x000000b4   Code   RO         4056    i.HAL_CAN_Receive_IT  stm32f4xx_hal_can.o
    0x08001ec8   0x08001ec8   0x00000002   Code   RO         4057    i.HAL_CAN_RxCpltCallback  stm32f4xx_hal_can.o
    0x08001eca   0x08001eca   0x00000002   PAD
    0x08001ecc   0x08001ecc   0x000001cc   Code   RO         4059    i.HAL_CAN_Transmit  stm32f4xx_hal_can.o
    0x08002098   0x08002098   0x00000002   Code   RO         4061    i.HAL_CAN_TxCpltCallback  stm32f4xx_hal_can.o
    0x0800209a   0x0800209a   0x00000024   Code   RO         3543    i.HAL_DMA_Abort_IT  stm32f4xx_hal_dma.o
    0x080020be   0x080020be   0x00000002   PAD
    0x080020c0   0x080020c0   0x000001a0   Code   RO         3547    i.HAL_DMA_IRQHandler  stm32f4xx_hal_dma.o
    0x08002260   0x08002260   0x000000d4   Code   RO         3548    i.HAL_DMA_Init      stm32f4xx_hal_dma.o
    0x08002334   0x08002334   0x00000018   Code   RO          224    i.HAL_GPIO_EXTI_Callback  stm32f4xx_it.o
    0x0800234c   0x0800234c   0x00000018   Code   RO         4292    i.HAL_GPIO_EXTI_IRQHandler  stm32f4xx_hal_gpio.o
    0x08002364   0x08002364   0x000001b0   Code   RO         4293    i.HAL_GPIO_Init     stm32f4xx_hal_gpio.o
    0x08002514   0x08002514   0x0000000a   Code   RO         4297    i.HAL_GPIO_WritePin  stm32f4xx_hal_gpio.o
    0x0800251e   0x0800251e   0x00000002   PAD
    0x08002520   0x08002520   0x0000000c   Code   RO         4369    i.HAL_GetTick       stm32f4xx_hal.o
    0x0800252c   0x0800252c   0x00000010   Code   RO         4371    i.HAL_IncTick       stm32f4xx_hal.o
    0x0800253c   0x0800253c   0x00000034   Code   RO         4372    i.HAL_Init          stm32f4xx_hal.o
    0x08002570   0x08002570   0x00000074   Code   RO            4    i.HAL_InitTick      stm32f4xx_hal_timebase_tim.o
    0x080025e4   0x080025e4   0x00000002   Code   RO          146    i.HAL_MspInit       stm32f4xx_hal_msp.o
    0x080025e6   0x080025e6   0x00000016   Code   RO         1861    i.HAL_NVIC_EnableIRQ  stm32f4xx_hal_cortex.o
    0x080025fc   0x080025fc   0x00000040   Code   RO         1867    i.HAL_NVIC_SetPriority  stm32f4xx_hal_cortex.o
    0x0800263c   0x0800263c   0x00000024   Code   RO         1868    i.HAL_NVIC_SetPriorityGrouping  stm32f4xx_hal_cortex.o
    0x08002660   0x08002660   0x00000130   Code   RO         4171    i.HAL_RCC_ClockConfig  stm32f4xx_hal_rcc.o
    0x08002790   0x08002790   0x00000040   Code   RO         4175    i.HAL_RCC_GetClockConfig  stm32f4xx_hal_rcc.o
    0x080027d0   0x080027d0   0x0000000c   Code   RO         4176    i.HAL_RCC_GetHCLKFreq  stm32f4xx_hal_rcc.o
    0x080027dc   0x080027dc   0x00000020   Code   RO         4178    i.HAL_RCC_GetPCLK1Freq  stm32f4xx_hal_rcc.o
    0x080027fc   0x080027fc   0x00000020   Code   RO         4179    i.HAL_RCC_GetPCLK2Freq  stm32f4xx_hal_rcc.o
    0x0800281c   0x0800281c   0x00000064   Code   RO         4180    i.HAL_RCC_GetSysClockFreq  stm32f4xx_hal_rcc.o
    0x08002880   0x08002880   0x000002f0   Code   RO         4183    i.HAL_RCC_OscConfig  stm32f4xx_hal_rcc.o
    0x08002b70   0x08002b70   0x00000080   Code   RO         3698    i.HAL_SPI_Init      stm32f4xx_hal_spi.o
    0x08002bf0   0x08002bf0   0x00000002   Code   RO          148    i.HAL_SPI_MspInit   stm32f4xx_hal_msp.o
    0x08002bf2   0x08002bf2   0x00000002   PAD
    0x08002bf4   0x08002bf4   0x000001d8   Code   RO         3707    i.HAL_SPI_TransmitReceive  stm32f4xx_hal_spi.o
    0x08002dcc   0x08002dcc   0x00000018   Code   RO         1870    i.HAL_SYSTICK_CLKSourceConfig  stm32f4xx_hal_cortex.o
    0x08002de4   0x08002de4   0x00000028   Code   RO         1872    i.HAL_SYSTICK_Config  stm32f4xx_hal_cortex.o
    0x08002e0c   0x08002e0c   0x00000002   Code   RO         2622    i.HAL_TIMEx_BreakCallback  stm32f4xx_hal_tim_ex.o
    0x08002e0e   0x08002e0e   0x00000002   Code   RO         2623    i.HAL_TIMEx_CommutationCallback  stm32f4xx_hal_tim_ex.o
    0x08002e10   0x08002e10   0x00000050   Code   RO         2639    i.HAL_TIMEx_MasterConfigSynchronization  stm32f4xx_hal_tim_ex.o
    0x08002e60   0x08002e60   0x00000036   Code   RO         1993    i.HAL_TIM_Base_Init  stm32f4xx_hal_tim.o
    0x08002e96   0x08002e96   0x00000002   Code   RO         1995    i.HAL_TIM_Base_MspInit  stm32f4xx_hal_tim.o
    0x08002e98   0x08002e98   0x00000018   Code   RO         1998    i.HAL_TIM_Base_Start_IT  stm32f4xx_hal_tim.o
    0x08002eb0   0x08002eb0   0x00000002   Code   RO         2022    i.HAL_TIM_IC_CaptureCallback  stm32f4xx_hal_tim.o
    0x08002eb2   0x08002eb2   0x00000166   Code   RO         2035    i.HAL_TIM_IRQHandler  stm32f4xx_hal_tim.o
    0x08003018   0x08003018   0x00000002   Code   RO         2038    i.HAL_TIM_OC_DelayElapsedCallback  stm32f4xx_hal_tim.o
    0x0800301a   0x0800301a   0x000000d0   Code   RO         2059    i.HAL_TIM_PWM_ConfigChannel  stm32f4xx_hal_tim.o
    0x080030ea   0x080030ea   0x00000036   Code   RO         2062    i.HAL_TIM_PWM_Init  stm32f4xx_hal_tim.o
    0x08003120   0x08003120   0x00000002   Code   RO          151    i.HAL_TIM_PWM_MspInit  stm32f4xx_hal_msp.o
    0x08003122   0x08003122   0x00000002   Code   RO         2065    i.HAL_TIM_PWM_PulseFinishedCallback  stm32f4xx_hal_tim.o
    0x08003124   0x08003124   0x00000028   Code   RO         1544    i.HAL_TIM_PeriodElapsedCallback  bsp_tim.o
    0x0800314c   0x0800314c   0x00000002   Code   RO         2076    i.HAL_TIM_TriggerCallback  stm32f4xx_hal_tim.o
    0x0800314e   0x0800314e   0x00000002   Code   RO         2942    i.HAL_UART_ErrorCallback  stm32f4xx_hal_uart.o
    0x08003150   0x08003150   0x00000110   Code   RO         2945    i.HAL_UART_IRQHandler  stm32f4xx_hal_uart.o
    0x08003260   0x08003260   0x00000062   Code   RO         2946    i.HAL_UART_Init     stm32f4xx_hal_uart.o
    0x080032c2   0x080032c2   0x00000002   Code   RO          153    i.HAL_UART_MspInit  stm32f4xx_hal_msp.o
    0x080032c4   0x080032c4   0x00000002   Code   RO         2952    i.HAL_UART_RxCpltCallback  stm32f4xx_hal_uart.o
    0x080032c6   0x080032c6   0x00000002   Code   RO         2957    i.HAL_UART_TxCpltCallback  stm32f4xx_hal_uart.o
    0x080032c8   0x080032c8   0x00000002   Code   RO          225    i.HardFault_Handler  stm32f4xx_it.o
    0x080032ca   0x080032ca   0x00000004   Code   RO         1311    i.ICM20600_InitConfig  driver_icm20600.o
    0x080032ce   0x080032ce   0x00000002   PAD
    0x080032d0   0x080032d0   0x00000014   Code   RO          974    i.Judge_InitConfig  driver_judge.o
    0x080032e4   0x080032e4   0x00000002   Code   RO          226    i.MemManage_Handler  stm32f4xx_it.o
    0x080032e6   0x080032e6   0x00000002   PAD
    0x080032e8   0x080032e8   0x0000000c   Code   RO         1468    i.ModeSwitch_InitConfig  driver_modeswitch.o
    0x080032f4   0x080032f4   0x00000002   Code   RO          227    i.NMI_Handler       stm32f4xx_it.o
    0x080032f6   0x080032f6   0x00000020   Code   RO         1874    i.NVIC_SetPriority  stm32f4xx_hal_cortex.o
    0x08003316   0x08003316   0x00000002   PAD
    0x08003318   0x08003318   0x000000f8   Code   RO         1771    i.PID_Calc          algorithm_pid.o
    0x08003410   0x08003410   0x00000030   Code   RO         1772    i.PID_Init          algorithm_pid.o
    0x08003440   0x08003440   0x00000054   Code   RO         1417    i.PowerLimit_InitConfig  driver_powerlimit.o
    0x08003494   0x08003494   0x0000008c   Code   RO         1418    i.Power_Deal        driver_powerlimit.o
    0x08003520   0x08003520   0x00000020   Code   RO         3722    i.SPI_CheckFlag_BSY  stm32f4xx_hal_spi.o
    0x08003540   0x08003540   0x00000096   Code   RO         3740    i.SPI_WaitFlagStateUntilTimeout  stm32f4xx_hal_spi.o
    0x080035d6   0x080035d6   0x00000002   PAD
    0x080035d8   0x080035d8   0x00000050   Code   RO         1037    i.Send_Check        driver_debug.o
    0x08003628   0x08003628   0x00000004   Code   RO          228    i.SysTick_Handler   stm32f4xx_it.o
    0x0800362c   0x0800362c   0x00000054   Code   RO         4517    i.SystemInit        system_stm32f4xx.o
    0x08003680   0x08003680   0x0000000c   Code   RO          229    i.TIM6_DAC_IRQHandler  stm32f4xx_it.o
    0x0800368c   0x0800368c   0x000000c0   Code   RO         2077    i.TIM_Base_SetConfig  stm32f4xx_hal_tim.o
    0x0800374c   0x0800374c   0x00000058   Code   RO         2086    i.TIM_OC1_SetConfig  stm32f4xx_hal_tim.o
    0x080037a4   0x080037a4   0x00000064   Code   RO         2087    i.TIM_OC2_SetConfig  stm32f4xx_hal_tim.o
    0x08003808   0x08003808   0x00000060   Code   RO         2088    i.TIM_OC3_SetConfig  stm32f4xx_hal_tim.o
    0x08003868   0x08003868   0x00000050   Code   RO         2089    i.TIM_OC4_SetConfig  stm32f4xx_hal_tim.o
    0x080038b8   0x080038b8   0x000000e0   Code   RO          678    i.Task_Can1Send     task_cansend.o
    0x08003998   0x08003998   0x000000b4   Code   RO          679    i.Task_Can2Send     task_cansend.o
    0x08003a4c   0x08003a4c   0x00000198   Code   RO          720    i.Task_Chassis      task_chassis.o
    0x08003be4   0x08003be4   0x00000054   Code   RO          791    i.Task_DBUS         task_dbus.o
    0x08003c38   0x08003c38   0x00000138   Code   RO          732    i.Task_Gimbal       task_gimbal.o
    0x08003d70   0x08003d70   0x00000054   Code   RO          803    i.Task_Judge        task_judge.o
    0x08003dc4   0x08003dc4   0x00000094   Code   RO          628    i.Task_ModeSwitch   task_modeswitch.o
    0x08003e58   0x08003e58   0x00000054   Code   RO          705    i.Task_Monitor      task_monitor.o
    0x08003eac   0x08003eac   0x000001b0   Code   RO          640    i.Task_PowerLimit   task_powerlimit.o
    0x0800405c   0x0800405c   0x00000034   Code   RO          779    i.Task_Shoot        task_shoot.o
    0x08004090   0x08004090   0x000002c8   Code   RO          524    i.Task_SysInitConfig  task_sysinitconfig.o
    0x08004358   0x08004358   0x00000034   Code   RO          663    i.Task_TakeBullet   task_takebullet.o
    0x0800438c   0x0800438c   0x0000011c   Code   RO         1040    i.UART5_IRQHandler  driver_debug.o
    0x080044a8   0x080044a8   0x00000010   Code   RO         2959    i.UART_DMAAbortOnError  stm32f4xx_hal_uart.o
    0x080044b8   0x080044b8   0x00000054   Code   RO         1643    i.UART_DMA_RX_INIT  bsp_dma.o
    0x0800450c   0x0800450c   0x00000046   Code   RO         1644    i.UART_DMA_TX_INIT  bsp_dma.o
    0x08004552   0x08004552   0x0000001c   Code   RO         2969    i.UART_EndRxTransfer  stm32f4xx_hal_uart.o
    0x0800456e   0x0800456e   0x0000008c   Code   RO         2971    i.UART_Receive_IT   stm32f4xx_hal_uart.o
    0x080045fa   0x080045fa   0x00000002   PAD
    0x080045fc   0x080045fc   0x000002ac   Code   RO         2972    i.UART_SetConfig    stm32f4xx_hal_uart.o
    0x080048a8   0x080048a8   0x00000062   Code   RO         2973    i.UART_Transmit_IT  stm32f4xx_hal_uart.o
    0x0800490a   0x0800490a   0x00000002   PAD
    0x0800490c   0x0800490c   0x0000000c   Code   RO          230    i.USART1_IRQHandler  stm32f4xx_it.o
    0x08004918   0x08004918   0x00000068   Code   RO          231    i.USART2_IRQHandler  stm32f4xx_it.o
    0x08004980   0x08004980   0x0000000c   Code   RO          232    i.USART3_IRQHandler  stm32f4xx_it.o
    0x0800498c   0x0800498c   0x0000010c   Code   RO          975    i.USART6_IRQHandler  driver_judge.o
    0x08004a98   0x08004a98   0x00000030   Code   RO         1645    i.Uart_Transmit_DMA  bsp_dma.o
    0x08004ac8   0x08004ac8   0x00000002   Code   RO          233    i.UsageFault_Handler  stm32f4xx_it.o
    0x08004aca   0x08004aca   0x00000002   PAD
    0x08004acc   0x08004acc   0x0000003c   Code   RO          849    i.Verify_CRC16_Check_Sum  driver_crc.o
    0x08004b08   0x08004b08   0x00000026   Code   RO          850    i.Verify_CRC8_Check_Sum  driver_crc.o
    0x08004b2e   0x08004b2e   0x00000002   PAD
    0x08004b30   0x08004b30   0x00000118   Code   RO         1041    i.Write_PID         driver_debug.o
    0x08004c48   0x08004c48   0x00000002   Code   RO          478    i._Error_Handler    main.o
    0x08004c4a   0x08004c4a   0x00000026   Code   RO         5834    i.__ARM_fpclassifyf  m_wm.l(fpclassifyf.o)
    0x08004c70   0x08004c70   0x0000000e   Code   RO         1806    i.__ARM_isfinitef   algorithm_estimator.o
    0x08004c7e   0x08004c7e   0x00000002   PAD
    0x08004c80   0x08004c80   0x0000012c   Code   RO         5745    i.__hardfp_asinf    m_wm.l(asinf.o)
    0x08004dac   0x08004dac   0x00000250   Code   RO         5757    i.__hardfp_atan2f   m_wm.l(atan2f.o)
    0x08004ffc   0x08004ffc   0x00000150   Code   RO         5769    i.__hardfp_cosf     m_wm.l(cosf.o)
    0x0800514c   0x0800514c   0x0000007a   Code   RO         5781    i.__hardfp_sqrt     m_wm.l(sqrt.o)
    0x080051c6   0x080051c6   0x0000003a   Code   RO         5793    i.__hardfp_sqrtf    m_wm.l(sqrtf.o)
    0x08005200   0x08005200   0x0000017c   Code   RO         5805    i.__hardfp_tanf     m_wm.l(tanf.o)
    0x0800537c   0x0800537c   0x00000006   Code   RO         5837    i.__mathlib_flt_infnan  m_wm.l(funder.o)
    0x08005382   0x08005382   0x00000006   Code   RO         5838    i.__mathlib_flt_infnan2  m_wm.l(funder.o)
    0x08005388   0x08005388   0x00000010   Code   RO         5839    i.__mathlib_flt_invalid  m_wm.l(funder.o)
    0x08005398   0x08005398   0x00000010   Code   RO         5842    i.__mathlib_flt_underflow  m_wm.l(funder.o)
    0x080053a8   0x080053a8   0x00000154   Code   RO         5850    i.__mathlib_rredf2  m_wm.l(rredf.o)
    0x080054fc   0x080054fc   0x0000000e   Code   RO         5891    i.__scatterload_copy  mc_w.l(handlers.o)
    0x0800550a   0x0800550a   0x00000002   Code   RO         5892    i.__scatterload_null  mc_w.l(handlers.o)
    0x0800550c   0x0800550c   0x0000000e   Code   RO         5893    i.__scatterload_zeroinit  mc_w.l(handlers.o)
    0x0800551a   0x0800551a   0x00000002   PAD
    0x0800551c   0x0800551c   0x0000000c   Code   RO         5873    i.__set_errno       mc_w.l(errno.o)
    0x08005528   0x08005528   0x00000160   Code   RO         1312    i.calibrate         driver_icm20600.o
    0x08005688   0x08005688   0x00000068   Code   RO         1595    i.can_filter_config  bsp_can.o
    0x080056f0   0x080056f0   0x00000070   Code   RO         1313    i.commander         driver_icm20600.o
    0x08005760   0x08005760   0x00000020   Code   RO         1490    i.cs                bsp_spi.o
    0x08005780   0x08005780   0x00000190   Code   RO         1807    i.estimator_task    algorithm_estimator.o
    0x08005910   0x08005910   0x00000014   Code   RO         1491    i.get_device        bsp_spi.o
    0x08005924   0x08005924   0x00000028   Code   RO         1314    i.icm20600_task     driver_icm20600.o
    0x0800594c   0x0800594c   0x00000104   Code   RO         1315    i.init              driver_icm20600.o
    0x08005a50   0x08005a50   0x000002e4   Code   RO         1808    i.init              algorithm_estimator.o
    0x08005d34   0x08005d34   0x0000012c   Code   RO          976    i.judge_data2018    driver_judge.o
    0x08005e60   0x08005e60   0x00000098   Code   RO          977    i.judge_read        driver_judge.o
    0x08005ef8   0x08005ef8   0x00000080   Code   RO          978    i.judge_transmit    driver_judge.o
    0x08005f78   0x08005f78   0x00000050   Code   RO          904    i.key_read          driver_dbus.o
    0x08005fc8   0x08005fc8   0x0000005e   Code   RO         1316    i.lpf_allpy         driver_icm20600.o
    0x08006026   0x08006026   0x00000002   PAD
    0x08006028   0x08006028   0x000000c0   Code   RO         1318    i.lpf_set_cutoff_frequency  driver_icm20600.o
    0x080060e8   0x080060e8   0x0000002c   Code   RO          479    i.main              main.o
    0x08006114   0x08006114   0x0000020c   Code   RO         1319    i.measure           driver_icm20600.o
    0x08006320   0x08006320   0x00000014   Code   RO         4602    i.osSystickHandler  cmsis_os.o
    0x08006334   0x08006334   0x00000070   Code   RO         5005    i.prvAddCurrentTaskToDelayedList  tasks.o
    0x080063a4   0x080063a4   0x000000d0   Code   RO         5006    i.prvAddNewTaskToReadyList  tasks.o
    0x08006474   0x08006474   0x00000050   Code   RO         5565    i.prvCheckForValidListAndQueue  timers.o
    0x080064c4   0x080064c4   0x00000050   Code   RO         5007    i.prvCheckTasksWaitingTermination  tasks.o
    0x08006514   0x08006514   0x00000026   Code   RO         5422    i.prvCopyDataFromQueue  queue.o
    0x0800653a   0x0800653a   0x0000006c   Code   RO         5423    i.prvCopyDataToQueue  queue.o
    0x080065a6   0x080065a6   0x00000014   Code   RO         5008    i.prvDeleteTCB      tasks.o
    0x080065ba   0x080065ba   0x00000002   PAD
    0x080065bc   0x080065bc   0x0000004c   Code   RO         4934    i.prvHeapInit       heap_4.o
    0x08006608   0x08006608   0x00000028   Code   RO         5009    i.prvIdleTask       tasks.o
    0x08006630   0x08006630   0x0000009c   Code   RO         5010    i.prvInitialiseNewTask  tasks.o
    0x080066cc   0x080066cc   0x0000004c   Code   RO         4935    i.prvInsertBlockIntoFreeList  heap_4.o
    0x08006718   0x08006718   0x00000038   Code   RO         5566    i.prvInsertTimerInActiveList  timers.o
    0x08006750   0x08006750   0x0000001c   Code   RO         5424    i.prvIsQueueEmpty   queue.o
    0x0800676c   0x0800676c   0x000000b8   Code   RO         5567    i.prvProcessReceivedCommands  timers.o
    0x08006824   0x08006824   0x000000b4   Code   RO         5568    i.prvProcessTimerOrBlockTask  timers.o
    0x080068d8   0x080068d8   0x00000020   Code   RO         5011    i.prvResetNextTaskUnblockTime  tasks.o
    0x080068f8   0x080068f8   0x00000028   Code   RO         5569    i.prvSampleTimeNow  timers.o
    0x08006920   0x08006920   0x0000006c   Code   RO         5570    i.prvSwitchTimerLists  timers.o
    0x0800698c   0x0800698c   0x00000028   Code   RO         5669    i.prvTaskExitError  port.o
    0x080069b4   0x080069b4   0x00000014   Code   RO         5353    i.prvTestWaitCondition  event_groups.o
    0x080069c8   0x080069c8   0x00000024   Code   RO         5571    i.prvTimerTask      timers.o
    0x080069ec   0x080069ec   0x0000006a   Code   RO         5425    i.prvUnlockQueue    queue.o
    0x08006a56   0x08006a56   0x00000002   PAD
    0x08006a58   0x08006a58   0x000000d8   Code   RO         4936    i.pvPortMalloc      heap_4.o
    0x08006b30   0x08006b30   0x00000018   Code   RO         5013    i.pvTaskIncrementMutexHeldCount  tasks.o
    0x08006b48   0x08006b48   0x0000002c   Code   RO         5670    i.pxPortInitialiseStack  port.o
    0x08006b74   0x08006b74   0x00000020   Code   RO         1320    i.read              driver_icm20600.o
    0x08006b94   0x08006b94   0x00000010   Code   RO         1321    i.read_reg          driver_icm20600.o
    0x08006ba4   0x08006ba4   0x00000028   Code   RO         1492    i.readwritebyte     bsp_spi.o
    0x08006bcc   0x08006bcc   0x0000004e   Code   RO         1195    i.send_cm_current   driver_cansend.o
    0x08006c1a   0x08006c1a   0x00000048   Code   RO         1196    i.send_gimbal_current  driver_cansend.o
    0x08006c62   0x08006c62   0x0000004e   Code   RO         1197    i.send_shoot_current  driver_cansend.o
    0x08006cb0   0x08006cb0   0x00000008   Code   RO          906    i.single_press      driver_dbus.o
    0x08006cb8   0x08006cb8   0x00000050   Code   RO         1493    i.spi1_read         bsp_spi.o
    0x08006d08   0x08006d08   0x00000044   Code   RO         1494    i.spi1_write        bsp_spi.o
    0x08006d4c   0x08006d4c   0x0000003e   Code   RO         5795    i.sqrtf             m_wm.l(sqrtf.o)
    0x08006d8a   0x08006d8a   0x00000002   PAD
    0x08006d8c   0x08006d8c   0x00000054   Code   RO         1545    i.time              bsp_tim.o
    0x08006de0   0x08006de0   0x0000001e   Code   RO          979    i.u32_to_float      driver_judge.o
    0x08006dfe   0x08006dfe   0x00000002   PAD
    0x08006e00   0x08006e00   0x00000274   Code   RO         1809    i.update            algorithm_estimator.o
    0x08007074   0x08007074   0x0000001c   Code   RO         1546    i.usleep            bsp_tim.o
    0x08007090   0x08007090   0x00000024   Code   RO         5317    i.uxListRemove      list.o
    0x080070b4   0x080070b4   0x00000020   Code   RO         5016    i.uxTaskGetStackHighWaterMark  tasks.o
    0x080070d4   0x080070d4   0x00000018   Code   RO         5019    i.uxTaskResetEventItemValue  tasks.o
    0x080070ec   0x080070ec   0x00000016   Code   RO         5318    i.vListInitialise   list.o
    0x08007102   0x08007102   0x00000006   Code   RO         5319    i.vListInitialiseItem  list.o
    0x08007108   0x08007108   0x00000030   Code   RO         5320    i.vListInsert       list.o
    0x08007138   0x08007138   0x00000018   Code   RO         5321    i.vListInsertEnd    list.o
    0x08007150   0x08007150   0x00000040   Code   RO         5672    i.vPortEnterCritical  port.o
    0x08007190   0x08007190   0x00000028   Code   RO         5673    i.vPortExitCritical  port.o
    0x080071b8   0x080071b8   0x0000005c   Code   RO         4937    i.vPortFree         heap_4.o
    0x08007214   0x08007214   0x00000020   Code   RO         5674    i.vPortSetupTimerInterrupt  port.o
    0x08007234   0x08007234   0x00000054   Code   RO         5675    i.vPortValidateInterruptPriority  port.o
    0x08007288   0x08007288   0x00000028   Code   RO         5429    i.vQueueAddToRegistry  queue.o
    0x080072b0   0x080072b0   0x00000044   Code   RO         5432    i.vQueueWaitForMessageRestricted  queue.o
    0x080072f4   0x080072f4   0x0000004c   Code   RO         5020    i.vTaskDelay        tasks.o
    0x08007340   0x08007340   0x0000008c   Code   RO         5021    i.vTaskDelayUntil   tasks.o
    0x080073cc   0x080073cc   0x000000ac   Code   RO         5022    i.vTaskDelete       tasks.o
    0x08007478   0x08007478   0x0000000c   Code   RO         5024    i.vTaskMissedYield  tasks.o
    0x08007484   0x08007484   0x00000030   Code   RO         5026    i.vTaskPlaceOnEventList  tasks.o
    0x080074b4   0x080074b4   0x00000038   Code   RO         5027    i.vTaskPlaceOnEventListRestricted  tasks.o
    0x080074ec   0x080074ec   0x00000050   Code   RO         5028    i.vTaskPlaceOnUnorderedEventList  tasks.o
    0x0800753c   0x0800753c   0x00000084   Code   RO         5029    i.vTaskPriorityInherit  tasks.o
    0x080075c0   0x080075c0   0x00000024   Code   RO         5032    i.vTaskSetTimeOutState  tasks.o
    0x080075e4   0x080075e4   0x00000070   Code   RO         5033    i.vTaskStartScheduler  tasks.o
    0x08007654   0x08007654   0x00000010   Code   RO         5035    i.vTaskSuspendAll   tasks.o
    0x08007664   0x08007664   0x0000005c   Code   RO         5036    i.vTaskSwitchContext  tasks.o
    0x080076c0   0x080076c0   0x00000020   Code   RO         1322    i.write             driver_icm20600.o
    0x080076e0   0x080076e0   0x00000018   Code   RO         1323    i.write_reg         driver_icm20600.o
    0x080076f8   0x080076f8   0x0000004a   Code   RO         1324    i.write_reg_check   driver_icm20600.o
    0x08007742   0x08007742   0x0000001a   Code   RO         5358    i.xEventGroupCreate  event_groups.o
    0x0800775c   0x0800775c   0x0000008c   Code   RO         5360    i.xEventGroupSetBits  event_groups.o
    0x080077e8   0x080077e8   0x00000108   Code   RO         5362    i.xEventGroupWaitBits  event_groups.o
    0x080078f0   0x080078f0   0x000000e0   Code   RO         5676    i.xPortStartScheduler  port.o
    0x080079d0   0x080079d0   0x0000002c   Code   RO         5677    i.xPortSysTickHandler  port.o
    0x080079fc   0x080079fc   0x00000048   Code   RO         5434    i.xQueueGenericCreate  queue.o
    0x08007a44   0x08007a44   0x0000016c   Code   RO         5435    i.xQueueGenericReceive  queue.o
    0x08007bb0   0x08007bb0   0x00000088   Code   RO         5436    i.xQueueGenericReset  queue.o
    0x08007c38   0x08007c38   0x00000160   Code   RO         5437    i.xQueueGenericSend  queue.o
    0x08007d98   0x08007d98   0x000000bc   Code   RO         5438    i.xQueueGenericSendFromISR  queue.o
    0x08007e54   0x08007e54   0x0000009c   Code   RO         5439    i.xQueueGiveFromISR  queue.o
    0x08007ef0   0x08007ef0   0x0000006c   Code   RO         5037    i.xTaskCheckForTimeOut  tasks.o
    0x08007f5c   0x08007f5c   0x00000056   Code   RO         5038    i.xTaskCreate       tasks.o
    0x08007fb2   0x08007fb2   0x00000002   PAD
    0x08007fb4   0x08007fb4   0x0000001c   Code   RO         5042    i.xTaskGetSchedulerState  tasks.o
    0x08007fd0   0x08007fd0   0x0000000c   Code   RO         5043    i.xTaskGetTickCount  tasks.o
    0x08007fdc   0x08007fdc   0x000000c8   Code   RO         5045    i.xTaskIncrementTick  tasks.o
    0x080080a4   0x080080a4   0x00000098   Code   RO         5048    i.xTaskPriorityDisinherit  tasks.o
    0x0800813c   0x0800813c   0x00000074   Code   RO         5049    i.xTaskRemoveFromEventList  tasks.o
    0x080081b0   0x080081b0   0x00000078   Code   RO         5050    i.xTaskRemoveFromUnorderedEventList  tasks.o
    0x08008228   0x08008228   0x000000c4   Code   RO         5051    i.xTaskResumeAll    tasks.o
    0x080082ec   0x080082ec   0x00000048   Code   RO         5575    i.xTimerCreateTimerTask  timers.o
    0x08008334   0x08008334   0x00000060   Code   RO         5576    i.xTimerGenericCommand  timers.o
    0x08008394   0x08008394   0x00000300   Data   RO          852    .constdata          driver_crc.o
    0x08008694   0x08008694   0x00000008   Data   RO         3554    .constdata          stm32f4xx_hal_dma.o
    0x0800869c   0x0800869c   0x00000010   Data   RO         4518    .constdata          system_stm32f4xx.o
    0x080086ac   0x080086ac   0x00000008   Data   RO         4519    .constdata          system_stm32f4xx.o
    0x080086b4   0x080086b4   0x00000020   Data   RO         5851    .constdata          m_wm.l(rredf.o)
    0x080086d4   0x080086d4   0x00000020   Data   RO         5889    Region$$Table       anon$$obj.o


    Execution Region RW_IRAM1 (Exec base: 0x20000000, Load base: 0x080086f4, Size: 0x00005680, Max: 0x00020000, ABSOLUTE, COMPRESSED[0x00000080])

    Exec Addr    Load Addr    Size         Type   Attr      Idx    E Section Name        Object

    0x20000000   COMPRESSED   0x00000004   Data   RW          234    .data               stm32f4xx_it.o
    0x20000004   COMPRESSED   0x00000004   Data   RW          436    .data               freertos.o
    0x20000008   COMPRESSED   0x00000004   Data   RW          437    .data               freertos.o
    0x2000000c   COMPRESSED   0x00000004   Data   RW          438    .data               freertos.o
    0x20000010   COMPRESSED   0x00000004   Data   RW          439    .data               freertos.o
    0x20000014   COMPRESSED   0x00000004   Data   RW          440    .data               freertos.o
    0x20000018   COMPRESSED   0x00000004   Data   RW          441    .data               freertos.o
    0x2000001c   COMPRESSED   0x00000004   Data   RW          442    .data               freertos.o
    0x20000020   COMPRESSED   0x00000004   Data   RW          443    .data               freertos.o
    0x20000024   COMPRESSED   0x00000004   Data   RW          444    .data               freertos.o
    0x20000028   COMPRESSED   0x00000004   Data   RW          446    .data               freertos.o
    0x2000002c   COMPRESSED   0x00000004   Data   RW          447    .data               freertos.o
    0x20000030   COMPRESSED   0x00000004   Data   RW          448    .data               freertos.o
    0x20000034   COMPRESSED   0x00000004   Data   RW          449    .data               freertos.o
    0x20000038   COMPRESSED   0x00000004   Data   RW          450    .data               freertos.o
    0x2000003c   COMPRESSED   0x00000004   Data   RW          451    .data               freertos.o
    0x20000040   COMPRESSED   0x00000004   Data   RW          452    .data               freertos.o
    0x20000044   COMPRESSED   0x00000008   Data   RW          706    .data               task_monitor.o
    0x2000004c   COMPRESSED   0x00000002   Data   RW          853    .data               driver_crc.o
    0x2000004e   COMPRESSED   0x00000002   PAD
    0x20000050   COMPRESSED   0x00000014   Data   RW          981    .data               driver_judge.o
    0x20000064   COMPRESSED   0x00000024   Data   RW         1044    .data               driver_debug.o
    0x20000088   COMPRESSED   0x00000068   Data   RW         1106    .data               driver_gimbal.o
    0x200000f0   COMPRESSED   0x0000008c   Data   RW         1126    .data               driver_chassis.o
    0x2000017c   COMPRESSED   0x00000004   PAD
    0x20000180   COMPRESSED   0x000000e4   Data   RW         1326    .data               driver_icm20600.o
    0x20000264   COMPRESSED   0x00000001   Data   RW         1469    .data               driver_modeswitch.o
    0x20000265   COMPRESSED   0x00000003   PAD
    0x20000268   COMPRESSED   0x00000008   Data   RW         1548    .data               bsp_tim.o
    0x20000270   COMPRESSED   0x00000004   Data   RW         1597    .data               bsp_can.o
    0x20000274   COMPRESSED   0x00000004   PAD
    0x20000278   COMPRESSED   0x00000010   Data   RW         1811    .data               algorithm_estimator.o
    0x20000288   COMPRESSED   0x00000004   Data   RW         4378    .data               stm32f4xx_hal.o
    0x2000028c   COMPRESSED   0x00000004   Data   RW         4520    .data               system_stm32f4xx.o
    0x20000290   COMPRESSED   0x00000018   Data   RW         4942    .data               heap_4.o
    0x200002a8   COMPRESSED   0x0000003c   Data   RW         5054    .data               tasks.o
    0x200002e4   COMPRESSED   0x00000014   Data   RW         5582    .data               timers.o
    0x200002f8   COMPRESSED   0x0000000c   Data   RW         5678    .data               port.o
    0x20000304   COMPRESSED   0x00000004   Data   RW         5874    .data               mc_w.l(errno.o)
    0x20000308        -       0x0000003c   Zero   RW            7    .bss                stm32f4xx_hal_timebase_tim.o
    0x20000344        -       0x00000034   Zero   RW          434    .bss                freertos.o
    0x20000378        -       0x00000034   Zero   RW          435    .bss                freertos.o
    0x200003ac   COMPRESSED   0x00000004   PAD
    0x200003b0        -       0x000000c4   Zero   RW          907    .bss                driver_dbus.o
    0x20000474        -       0x00000565   Zero   RW          980    .bss                driver_judge.o
    0x200009d9   COMPRESSED   0x00000003   PAD
    0x200009dc        -       0x000001a0   Zero   RW         1043    .bss                driver_debug.o
    0x20000b7c        -       0x0000000a   Zero   RW         1199    .bss                driver_cansend.o
    0x20000b86   COMPRESSED   0x00000002   PAD
    0x20000b88        -       0x00000058   Zero   RW         1325    .bss                driver_icm20600.o
    0x20000be0        -       0x0000003c   Zero   RW         1419    .bss                driver_powerlimit.o
    0x20000c1c        -       0x00000058   Zero   RW         1495    .bss                bsp_spi.o
    0x20000c74        -       0x000000b4   Zero   RW         1547    .bss                bsp_tim.o
    0x20000d28        -       0x00000108   Zero   RW         1596    .bss                bsp_can.o
    0x20000e30        -       0x00000360   Zero   RW         1646    .bss                bsp_dma.o
    0x20001190        -       0x00000140   Zero   RW         1745    .bss                bsp_uart.o
    0x200012d0        -       0x000000c0   Zero   RW         1773    .bss                algorithm_pid.o
    0x20001390        -       0x00000030   Zero   RW         1774    .bss                algorithm_pid.o
    0x200013c0        -       0x00000030   Zero   RW         1775    .bss                algorithm_pid.o
    0x200013f0        -       0x00000030   Zero   RW         1776    .bss                algorithm_pid.o
    0x20001420        -       0x00000030   Zero   RW         1777    .bss                algorithm_pid.o
    0x20001450        -       0x00000030   Zero   RW         1778    .bss                algorithm_pid.o
    0x20001480        -       0x00000030   Zero   RW         1781    .bss                algorithm_pid.o
    0x200014b0        -       0x0000003c   Zero   RW         1810    .bss                algorithm_estimator.o
    0x200014ec        -       0x00003c00   Zero   RW         4941    .bss                heap_4.o
    0x200050ec        -       0x0000012c   Zero   RW         5053    .bss                tasks.o
    0x20005218        -       0x00000040   Zero   RW         5444    .bss                queue.o
    0x20005258        -       0x00000028   Zero   RW         5581    .bss                timers.o
    0x20005280        -       0x00000400   Zero   RW         4506    STACK               startup_stm32f405xx.o


==============================================================================

Image component sizes


      Code (inc. data)   RO Data    RW Data    ZI Data      Debug   Object Name

      1782         92          0         16         60       9576   algorithm_estimator.o
       296         10          0          0        480       3172   algorithm_pid.o
       352         60          0          4        264       2521   bsp_can.o
       982         76          0          0        864       4516   bsp_dma.o
       588         24          0          0          0       1338   bsp_gpio.o
       360          0          0          0          0        674   bsp_nvic.o
       368         46          0          0         88       4406   bsp_spi.o
       672         62          0          8        180       3270   bsp_tim.o
       344         60          0          0        320       1407   bsp_uart.o
        20          0          0          0          0        607   cmsis_os.o
       668         28          0          0         10       7064   driver_cansend.o
       220         20          0        140          0       1602   driver_chassis.o
       170         16        768          2          0       3615   driver_crc.o
       444         26          0          0        196       4100   driver_dbus.o
       736         60          0         36        416       4877   driver_debug.o
       192         30          0        104          0       1402   driver_gimbal.o
      1756        100          0        228         88      11292   driver_icm20600.o
       898         66          0         20       1381       6126   driver_judge.o
        12          4          0          1          0        717   driver_modeswitch.o
       224         50          0          0         60       2129   driver_powerlimit.o
       450          4          0          0          0       6163   event_groups.o
         0          0          0         64        104       2353   freertos.o
       460         24          0         24      15360      14295   heap_4.o
       136          0          0          0          0       3542   list.o
        46         14          0          0          0        944   main.o
       758         84          0         12          0      11897   port.o
      1656         20          0          0         64      15537   queue.o
        36          8        392          0       1024        804   startup_stm32f405xx.o
        80         16          0          4          0       3172   stm32f4xx_hal.o
      2080         34          0          0          0       8297   stm32f4xx_hal_can.o
       218         14          0          0          0      31037   stm32f4xx_hal_cortex.o
       788         16          8          0          0       4727   stm32f4xx_hal_dma.o
       466         50          0          0          0       3051   stm32f4xx_hal_gpio.o
         8          0          0          0          0       2237   stm32f4xx_hal_msp.o
      1296         92          0          0          0       6189   stm32f4xx_hal_rcc.o
       782          0          0          0          0       4409   stm32f4xx_hal_spi.o
      1264         80          0          0          0      11601   stm32f4xx_hal_tim.o
        84          0          0          0          0       2414   stm32f4xx_hal_tim_ex.o
       116         16          0          0         60     640596   stm32f4xx_hal_timebase_tim.o
      1342         14          0          0          0       7455   stm32f4xx_hal_uart.o
       394         92          0          4          0      29328   stm32f4xx_it.o
        84         18         24          4          0       1159   system_stm32f4xx.o
       404         60          0          0          0       1576   task_cansend.o
       408         38          0          0          0        859   task_chassis.o
        84         12          0          0          0        588   task_dbus.o
       312         50          0          0          0        850   task_gimbal.o
        84         12          0          0          0        597   task_judge.o
       148         16          0          0          0        654   task_modeswitch.o
        84         18          0          8          0        834   task_monitor.o
       432         46          0          0          0        746   task_powerlimit.o
        52          8          0          0          0        549   task_shoot.o
       712        268          0          0          0        789   task_sysinitconfig.o
        52          8          0          0          0        570   task_takebullet.o
      2718        230          0         60        300      37470   tasks.o
       852         78          0         20         40       9631   timers.o

    ----------------------------------------------------------------------
     30018       2270       1224        772      21368     941331   Object Totals
         0          0         32          0          0          0   (incl. Generated)
        48          0          0         13          9          0   (incl. Padding)

    ----------------------------------------------------------------------

      Code (inc. data)   RO Data    RW Data    ZI Data      Debug   Library Member Name

       300         42          0          0          0        176   asinf.o
       592         90          0          0          0        184   atan2f.o
       336         56          0          0          0        136   cosf.o
        38          0          0          0          0        116   fpclassifyf.o
        44         12          0          0          0        464   funder.o
       340         24         32          0          0        160   rredf.o
       122          0          0          0          0        148   sqrt.o
       120          0          0          0          0        272   sqrtf.o
       380         58          0          0          0        200   tanf.o
        86          0          0          0          0          0   __dczerorl2.o
         0          0          0          0          0          0   entry.o
         0          0          0          0          0          0   entry10a.o
         0          0          0          0          0          0   entry11a.o
         8          4          0          0          0          0   entry2.o
         4          0          0          0          0          0   entry5.o
         0          0          0          0          0          0   entry7b.o
         0          0          0          0          0          0   entry8b.o
         8          4          0          0          0          0   entry9a.o
        12          6          0          4          0         68   errno.o
        30          0          0          0          0          0   handlers.o
        36          8          0          0          0         68   init.o
         0          0          0          0          0          0   iusefp.o
        30          0          0          0          0         68   llshl.o
        32          0          0          0          0         68   llushr.o
        36          0          0          0          0         68   memcpya.o
        36          0          0          0          0        108   memseta.o
        98          0          0          0          0         92   uldiv.o
        56          0          0          0          0         88   d2f.o
       186          0          0          0          0        176   depilogue.o
       162          0          0          0          0        100   dsqrt.o
        38          0          0          0          0         68   f2d.o
       110          0          0          0          0        168   fepilogue.o
        28          0          0          0          0         84   ffltul.o

    ----------------------------------------------------------------------
      3274        304         32          4          0       3080   Library Totals
         6          0          0          0          0          0   (incl. Padding)

    ----------------------------------------------------------------------

      Code (inc. data)   RO Data    RW Data    ZI Data      Debug   Library Name

      2272        282         32          0          0       1856   m_wm.l
       416         22          0          4          0        540   mc_w.l
       580          0          0          0          0        684   mf_w.l

    ----------------------------------------------------------------------
      3274        304         32          4          0       3080   Library Totals

    ----------------------------------------------------------------------

==============================================================================


      Code (inc. data)   RO Data    RW Data    ZI Data      Debug   

     33292       2574       1256        776      21368     918475   Grand Totals
     33292       2574       1256        128      21368     918475   ELF Image Totals (compressed)
     33292       2574       1256        128          0          0   ROM Totals

==============================================================================

    Total RO  Size (Code + RO Data)                34548 (  33.74kB)
    Total RW  Size (RW Data + ZI Data)             22144 (  21.63kB)
    Total ROM Size (Code + RO Data + RW Data)      34676 (  33.86kB)

==============================================================================

