Component: ARM Compiler 5.06 update 6 (build 750) Tool: armlink [4d35ed]

==============================================================================

Section Cross References

    stm32f4xx_hal_timebase_tim.o(i.HAL_InitTick) refers to stm32f4xx_hal_cortex.o(i.HAL_NVIC_SetPriority) for HAL_NVIC_SetPriority
    stm32f4xx_hal_timebase_tim.o(i.HAL_InitTick) refers to stm32f4xx_hal_cortex.o(i.HAL_NVIC_EnableIRQ) for HAL_NVIC_EnableIRQ
    stm32f4xx_hal_timebase_tim.o(i.HAL_InitTick) refers to stm32f4xx_hal_rcc.o(i.HAL_RCC_GetClockConfig) for HAL_RCC_GetClockConfig
    stm32f4xx_hal_timebase_tim.o(i.HAL_InitTick) refers to stm32f4xx_hal_rcc.o(i.HAL_RCC_GetPCLK1Freq) for HAL_RCC_GetPCLK1Freq
    stm32f4xx_hal_timebase_tim.o(i.HAL_InitTick) refers to stm32f4xx_hal_tim.o(i.HAL_TIM_Base_Init) for HAL_TIM_Base_Init
    stm32f4xx_hal_timebase_tim.o(i.HAL_InitTick) refers to stm32f4xx_hal_tim.o(i.HAL_TIM_Base_Start_IT) for HAL_TIM_Base_Start_IT
    stm32f4xx_hal_timebase_tim.o(i.HAL_InitTick) refers to stm32f4xx_hal_timebase_tim.o(.bss) for .bss
    stm32f4xx_hal_timebase_tim.o(i.HAL_ResumeTick) refers to stm32f4xx_hal_timebase_tim.o(.bss) for .bss
    stm32f4xx_hal_timebase_tim.o(i.HAL_SuspendTick) refers to stm32f4xx_hal_timebase_tim.o(.bss) for .bss
    stm32f4xx_hal_msp.o(i.HAL_SPI_MspDeInit) refers to stm32f4xx_hal_gpio.o(i.HAL_GPIO_DeInit) for HAL_GPIO_DeInit
    stm32f4xx_hal_msp.o(i.HAL_UART_MspDeInit) refers to stm32f4xx_hal_gpio.o(i.HAL_GPIO_DeInit) for HAL_GPIO_DeInit
    stm32f4xx_hal_msp.o(i.HAL_UART_MspDeInit) refers to stm32f4xx_hal_dma.o(i.HAL_DMA_DeInit) for HAL_DMA_DeInit
    stm32f4xx_hal_msp.o(i.HAL_UART_MspDeInit) refers to stm32f4xx_hal_cortex.o(i.HAL_NVIC_DisableIRQ) for HAL_NVIC_DisableIRQ
    stm32f4xx_it.o(i.CAN1_RX0_IRQHandler) refers to stm32f4xx_hal_can.o(i.HAL_CAN_IRQHandler) for HAL_CAN_IRQHandler
    stm32f4xx_it.o(i.CAN1_RX0_IRQHandler) refers to bsp_can.o(.bss) for hcan1
    stm32f4xx_it.o(i.CAN1_RX0_IRQHandler) refers to driver_chassis.o(.data) for _ChassisParam
    stm32f4xx_it.o(i.DMA1_Stream0_IRQHandler) refers to stm32f4xx_hal_dma.o(i.HAL_DMA_IRQHandler) for HAL_DMA_IRQHandler
    stm32f4xx_it.o(i.DMA1_Stream0_IRQHandler) refers to bsp_dma.o(.bss) for hdma_uart5_rx
    stm32f4xx_it.o(i.DMA1_Stream1_IRQHandler) refers to stm32f4xx_hal_dma.o(i.HAL_DMA_IRQHandler) for HAL_DMA_IRQHandler
    stm32f4xx_it.o(i.DMA1_Stream1_IRQHandler) refers to bsp_dma.o(.bss) for hdma_usart3_rx
    stm32f4xx_it.o(i.DMA1_Stream3_IRQHandler) refers to stm32f4xx_hal_dma.o(i.HAL_DMA_IRQHandler) for HAL_DMA_IRQHandler
    stm32f4xx_it.o(i.DMA1_Stream3_IRQHandler) refers to bsp_dma.o(.bss) for hdma_usart3_tx
    stm32f4xx_it.o(i.DMA1_Stream5_IRQHandler) refers to stm32f4xx_hal_dma.o(i.HAL_DMA_IRQHandler) for HAL_DMA_IRQHandler
    stm32f4xx_it.o(i.DMA1_Stream5_IRQHandler) refers to bsp_dma.o(.bss) for hdma_usart2_rx
    stm32f4xx_it.o(i.DMA2_Stream1_IRQHandler) refers to stm32f4xx_hal_dma.o(i.HAL_DMA_IRQHandler) for HAL_DMA_IRQHandler
    stm32f4xx_it.o(i.DMA2_Stream1_IRQHandler) refers to bsp_dma.o(.bss) for hdma_usart6_rx
    stm32f4xx_it.o(i.DMA2_Stream2_IRQHandler) refers to stm32f4xx_hal_dma.o(i.HAL_DMA_IRQHandler) for HAL_DMA_IRQHandler
    stm32f4xx_it.o(i.DMA2_Stream2_IRQHandler) refers to bsp_dma.o(.bss) for hdma_usart1_rx
    stm32f4xx_it.o(i.DMA2_Stream6_IRQHandler) refers to stm32f4xx_hal_dma.o(i.HAL_DMA_IRQHandler) for HAL_DMA_IRQHandler
    stm32f4xx_it.o(i.DMA2_Stream6_IRQHandler) refers to bsp_dma.o(.bss) for hdma_usart6_tx
    stm32f4xx_it.o(i.DMA2_Stream7_IRQHandler) refers to stm32f4xx_hal_dma.o(i.HAL_DMA_IRQHandler) for HAL_DMA_IRQHandler
    stm32f4xx_it.o(i.DMA2_Stream7_IRQHandler) refers to bsp_dma.o(.bss) for hdma_usart1_tx
    stm32f4xx_it.o(i.EXTI4_IRQHandler) refers to stm32f4xx_hal_gpio.o(i.HAL_GPIO_EXTI_IRQHandler) for HAL_GPIO_EXTI_IRQHandler
    stm32f4xx_it.o(i.HAL_GPIO_EXTI_Callback) refers to driver_icm20600.o(i.icm20600_task) for icm20600_task
    stm32f4xx_it.o(i.HAL_GPIO_EXTI_Callback) refers to stm32f4xx_it.o(.data) for .data
    stm32f4xx_it.o(i.SysTick_Handler) refers to cmsis_os.o(i.osSystickHandler) for osSystickHandler
    stm32f4xx_it.o(i.TIM6_DAC_IRQHandler) refers to stm32f4xx_hal_tim.o(i.HAL_TIM_IRQHandler) for HAL_TIM_IRQHandler
    stm32f4xx_it.o(i.TIM6_DAC_IRQHandler) refers to stm32f4xx_hal_timebase_tim.o(.bss) for htim6
    stm32f4xx_it.o(i.USART1_IRQHandler) refers to stm32f4xx_hal_uart.o(i.HAL_UART_IRQHandler) for HAL_UART_IRQHandler
    stm32f4xx_it.o(i.USART1_IRQHandler) refers to bsp_uart.o(.bss) for huart1
    stm32f4xx_it.o(i.USART2_IRQHandler) refers to bsp_dma.o(i.DMA_CLEAR_FLAG_ALL) for DMA_CLEAR_FLAG_ALL
    stm32f4xx_it.o(i.USART2_IRQHandler) refers to queue.o(i.xQueueGiveFromISR) for xQueueGiveFromISR
    stm32f4xx_it.o(i.USART2_IRQHandler) refers to bsp_uart.o(.bss) for huart2
    stm32f4xx_it.o(i.USART2_IRQHandler) refers to freertos.o(.data) for BinSemaphoreDBUS
[...]
    xDelayedTaskList2                        0x20005188   Data          20  tasks.o(.bss)
    xPendingReadyList                        0x2000519c   Data          20  tasks.o(.bss)
    xTasksWaitingTermination                 0x200051b0   Data          20  tasks.o(.bss)
    xSuspendedTaskList                       0x200051c4   Data          20  tasks.o(.bss)
    .bss                                     0x200051d8   Section       64  queue.o(.bss)
    .bss                                     0x20005218   Section       40  timers.o(.bss)
    xActiveTimerList1                        0x20005218   Data          20  timers.o(.bss)
    xActiveTimerList2                        0x2000522c   Data          20  timers.o(.bss)
    STACK                                    0x20005240   Section     1024  startup_stm32f405xx.o(STACK)

    Global Symbols

    Symbol Name                              Value     Ov Type        Size  Object(Section)

    BuildAttributes$$THM_ISAv4$E$P$D$K$B$S$7EM$VFPi3$EXTD16$VFPS$VFMA$PE$A:L22UL41UL21$X:L11$S22US41US21$IEEE1$IW$USESV6$~STKCKD$USESV7$~SHL$OTIME$ROPI$IEEEX$EBA8$MICROLIB$REQ8$PRES8$EABIv2 0x00000000   Number         0  anon$$obj.o ABSOLUTE
    __ARM_use_no_argv                        0x00000000   Number         0  main.o ABSOLUTE
    __cpp_initialize__aeabi_                  - Undefined Weak Reference
    __cxa_finalize                            - Undefined Weak Reference
    _clock_init                               - Undefined Weak Reference
    _microlib_exit                            - Undefined Weak Reference
    __Vectors_Size                           0x00000188   Number         0  startup_stm32f405xx.o ABSOLUTE
    __Vectors                                0x08000000   Data           4  startup_stm32f405xx.o(RESET)
    __Vectors_End                            0x08000188   Data           0  startup_stm32f405xx.o(RESET)
    __main                                   0x08000189   Thumb Code     0  entry.o(.ARM.Collect$$$$00000000)
    _main_stk                                0x08000189   Thumb Code     0  entry2.o(.ARM.Collect$$$$00000001)
    _main_scatterload                        0x0800018d   Thumb Code     0  entry5.o(.ARM.Collect$$$$00000004)
    __main_after_scatterload                 0x08000191   Thumb Code     0  entry5.o(.ARM.Collect$$$$00000004)
    _main_clock                              0x08000191   Thumb Code     0  entry7b.o(.ARM.Collect$$$$00000008)
    _main_cpp_init                           0x08000191   Thumb Code     0  entry8b.o(.ARM.Collect$$$$0000000A)
    _main_init                               0x08000191   Thumb Code     0  entry9a.o(.ARM.Collect$$$$0000000B)
    __rt_final_cpp                           0x08000199   Thumb Code     0  entry10a.o(.ARM.Collect$$$$0000000D)
    __rt_final_exit                          0x08000199   Thumb Code     0  entry11a.o(.ARM.Collect$$$$0000000F)
    SVC_Handler                              0x0800019d   Thumb Code    28  port.o(.emb_text)
    __asm___6_port_c_39a90d8d__prvStartFirstTask 0x080001bd   Thumb Code    28  port.o(.emb_text)
    __asm___6_port_c_39a90d8d__prvEnableVFP  0x080001dd   Thumb Code    16  port.o(.emb_text)
    PendSV_Handler                           0x080001f1   Thumb Code    92  port.o(.emb_text)
    vPortGetIPSR                             0x08000251   Thumb Code     6  port.o(.emb_text)
    Reset_Handler                            0x08000259   Thumb Code     8  startup_stm32f405xx.o(.text)
    ADC_IRQHandler                           0x08000273   Thumb Code     0  startup_stm32f405xx.o(.text)
    CAN1_RX1_IRQHandler                      0x08000273   Thumb Code     0  startup_stm32f405xx.o(.text)
    CAN1_SCE_IRQHandler                      0x08000273   Thumb Code     0  startup_stm32f405xx.o(.text)
    CAN1_TX_IRQHandler                       0x08000273   Thumb Code     0  startup_stm32f405xx.o(.text)
    CAN2_RX1_IRQHandler                      0x08000273   Thumb Code     0  startup_stm32f405xx.o(.text)
    CAN2_SCE_IRQHandler                      0x08000273   Thumb Code     0  startup_stm32f405xx.o(.text)
    CAN2_TX_IRQHandler                       0x08000273   Thumb Code     0  startup_stm32f405xx.o(.text)
    DMA1_Stream2_IRQHandler                  0x08000273   Thumb Code     0  startup_stm32f405xx.o(.text)
    DMA1_Stream4_IRQHandler                  0x08000273   Thumb Code     0  startup_stm32f405xx.o(.text)
    DMA1_Stream6_IRQHandler                  0x08000273   Thumb Code     0  startup_stm32f405xx.o(.text)
    DMA2_Stream0_IRQHandler                  0x08000273   Thumb Code     0  startup_stm32f405xx.o(.text)
    DMA2_Stream3_IRQHandler                  0x08000273   Thumb Code     0  startup_stm32f405xx.o(.text)
    DMA2_Stream4_IRQHandler                  0x08000273   Thumb Code     0  startup_stm32f405xx.o(.text)
    DMA2_Stream5_IRQHandler                  0x08000273   Thumb Code     0  startup_stm32f405xx.o(.text)
    EXTI0_IRQHandler                         0x08000273   Thumb Code     0  startup_stm32f405xx.o(.text)
    EXTI15_10_IRQHandler                     0x08000273   Thumb Code     0  startup_stm32f405xx.o(.text)
    EXTI1_IRQHandler                         0x08000273   Thumb Code     0  startup_stm32f405xx.o(.text)
    EXTI2_IRQHandler                         0x08000273   Thumb Code     0  startup_stm32f405xx.o(.text)
    EXTI3_IRQHandler                         0x08000273   Thumb Code     0  startup_stm32f405xx.o(.text)
    EXTI9_5_IRQHandler                       0x08000273   Thumb Code     0  startup_stm32f405xx.o(.text)
    FLASH_IRQHandler                         0x08000273   Thumb Code     0  startup_stm32f405xx.o(.text)
    FMC_IRQHandler                           0x08000273   Thumb Code     0  startup_stm32f405xx.o(.text)
    FPU_IRQHandler                           0x08000273   Thumb Code     0  startup_stm32f405xx.o(.text)
    HASH_RNG_IRQHandler                      0x08000273   Thumb Code     0  startup_stm32f405xx.o(.text)
    I2C1_ER_IRQHandler                       0x08000273   Thumb Code     0  startup_stm32f405xx.o(.text)
    I2C1_EV_IRQHandler                       0x08000273   Thumb Code     0  startup_stm32f405xx.o(.text)
    I2C2_ER_IRQHandler                       0x08000273   Thumb Code     0  startup_stm32f405xx.o(.text)
    I2C2_EV_IRQHandler                       0x08000273   Thumb Code     0  startup_stm32f405xx.o(.text)
    I2C3_ER_IRQHandler                       0x08000273   Thumb Code     0  startup_stm32f405xx.o(.text)
    I2C3_EV_IRQHandler                       0x08000273   Thumb Code     0  startup_stm32f405xx.o(.text)
    OTG_FS_IRQHandler                        0x08000273   Thumb Code     0  startup_stm32f405xx.o(.text)
    OTG_FS_WKUP_IRQHandler                   0x08000273   Thumb Code     0  startup_stm32f405xx.o(.text)
    OTG_HS_EP1_IN_IRQHandler                 0x08000273   Thumb Code     0  startup_stm32f405xx.o(.text)
    OTG_HS_EP1_OUT_IRQHandler                0x08000273   Thumb Code     0  startup_stm32f405xx.o(.text)
    OTG_HS_IRQHandler                        0x08000273   Thumb Code     0  startup_stm32f405xx.o(.text)
    OTG_HS_WKUP_IRQHandler                   0x08000273   Thumb Code     0  startup_stm32f405xx.o(.text)
    PVD_IRQHandler                           0x08000273   Thumb Code     0  startup_stm32f405xx.o(.text)
    RCC_IRQHandler                           0x08000273   Thumb Code     0  startup_stm32f405xx.o(.text)
    RTC_Alarm_IRQHandler                     0x08000273   Thumb Code     0  startup_stm32f405xx.o(.text)
    RTC_WKUP_IRQHandler                      0x08000273   Thumb Code     0  startup_stm32f405xx.o(.text)
    SDIO_IRQHandler                          0x08000273   Thumb Code     0  startup_stm32f405xx.o(.text)
    SPI1_IRQHandler                          0x08000273   Thumb Code     0  startup_stm32f405xx.o(.text)
    SPI2_IRQHandler                          0x08000273   Thumb Code     0  startup_stm32f405xx.o(.text)
    SPI3_IRQHandler                          0x08000273   Thumb Code     0  startup_stm32f405xx.o(.text)
    TAMP_STAMP_IRQHandler                    0x08000273   Thumb Code     0  startup_stm32f405xx.o(.text)
    TIM1_BRK_TIM9_IRQHandler                 0x08000273   Thumb Code     0  startup_stm32f405xx.o(.text)
    TIM1_CC_IRQHandler                       0x08000273   Thumb Code     0  startup_stm32f405xx.o(.text)
    TIM1_TRG_COM_TIM11_IRQHandler            0x08000273   Thumb Code     0  startup_stm32f405xx.o(.text)
    TIM1_UP_TIM10_IRQHandler                 0x08000273   Thumb Code     0  startup_stm32f405xx.o(.text)
    TIM2_IRQHandler                          0x08000273   Thumb Code     0  startup_stm32f405xx.o(.text)
    TIM3_IRQHandler                          0x08000273   Thumb Code     0  startup_stm32f405xx.o(.text)
    TIM4_IRQHandler                          0x08000273   Thumb Code     0  startup_stm32f405xx.o(.text)
    TIM5_IRQHandler                          0x08000273   Thumb Code     0  startup_stm32f405xx.o(.text)
    TIM7_IRQHandler                          0x08000273   Thumb Code     0  startup_stm32f405xx.o(.text)
    TIM8_BRK_TIM12_IRQHandler                0x08000273   Thumb Code     0  startup_stm32f405xx.o(.text)
    TIM8_CC_IRQHandler                       0x08000273   Thumb Code     0  startup_stm32f405xx.o(.text)
    TIM8_TRG_COM_TIM14_IRQHandler            0x08000273   Thumb Code     0  startup_stm32f405xx.o(.text)
    TIM8_UP_TIM13_IRQHandler                 0x08000273   Thumb Code     0  startup_stm32f405xx.o(.text)
    UART4_IRQHandler                         0x08000273   Thumb Code     0  startup_stm32f405xx.o(.text)
    WWDG_IRQHandler                          0x08000273   Thumb Code     0  startup_stm32f405xx.o(.text)
    __aeabi_uldivmod                         0x0800027d   Thumb Code    98  uldiv.o(.text)
    __aeabi_memcpy                           0x080002df   Thumb Code    36  memcpya.o(.text)
    __aeabi_memcpy4                          0x080002df   Thumb Code     0  memcpya.o(.text)
    __aeabi_memcpy8                          0x080002df   Thumb Code     0  memcpya.o(.text)
    __aeabi_memset                           0x08000303   Thumb Code    14  memseta.o(.text)
    __aeabi_memset4                          0x08000303   Thumb Code     0  memseta.o(.text)
    __aeabi_memset8                          0x08000303   Thumb Code     0  memseta.o(.text)
    __aeabi_memclr                           0x08000311   Thumb Code     4  memseta.o(.text)
    __aeabi_memclr4                          0x08000311   Thumb Code     0  memseta.o(.text)
    __aeabi_memclr8                          0x08000311   Thumb Code     0  memseta.o(.text)
    _memset$wrapper                          0x08000315   Thumb Code    18  memseta.o(.text)
    __aeabi_ul2f                             0x08000327   Thumb Code    28  ffltul.o(.text)
    __aeabi_f2d                              0x08000343   Thumb Code    38  f2d.o(.text)
    __aeabi_d2f                              0x08000369   Thumb Code    56  d2f.o(.text)
    __aeabi_llsl                             0x080003a1   Thumb Code    30  llshl.o(.text)
    _ll_shift_l                              0x080003a1   Thumb Code     0  llshl.o(.text)
    __aeabi_llsr                             0x080003bf   Thumb Code    32  llushr.o(.text)
    _ll_ushift_r                             0x080003bf   Thumb Code     0  llushr.o(.text)
    __I$use$fp                               0x080003df   Thumb Code     0  iusefp.o(.text)
    _float_round                             0x080003df   Thumb Code    18  fepilogue.o(.text)
    _float_epilogue                          0x080003f1   Thumb Code    92  fepilogue.o(.text)
    _dsqrt                                   0x0800044d   Thumb Code   162  dsqrt.o(.text)
    __scatterload                            0x080004f1   Thumb Code    28  init.o(.text)
    __scatterload_rt2                        0x080004f1   Thumb Code     0  init.o(.text)
    _double_round                            0x08000515   Thumb Code    30  depilogue.o(.text)
    _double_epilogue                         0x08000533   Thumb Code   156  depilogue.o(.text)
    __decompress                             0x080005cf   Thumb Code     0  __dczerorl2.o(.text)
    __decompress1                            0x080005cf   Thumb Code    86  __dczerorl2.o(.text)
    BSP_CAN_InitConfig                       0x08000625   Thumb Code   126  bsp_can.o(i.BSP_CAN_InitConfig)
    BSP_DMA_InitConfig                       0x080006c9   Thumb Code   508  bsp_dma.o(i.BSP_DMA_InitConfig)
    BSP_GPIO_InitConfig                      0x08000909   Thumb Code   564  bsp_gpio.o(i.BSP_GPIO_InitConfig)
    BSP_NVIC_InitConfig                      0x08000b55   Thumb Code   360  bsp_nvic.o(i.BSP_NVIC_InitConfig)
    BSP_SPI_InitConfig                       0x08000cbd   Thumb Code    92  bsp_spi.o(i.BSP_SPI_InitConfig)
    BSP_TIM_InitConfig                       0x08000d3d   Thumb Code   474  bsp_tim.o(i.BSP_TIM_InitConfig)
    BSP_UART_InitConfig                      0x08000f45   Thumb Code   284  bsp_uart.o(i.BSP_UART_InitConfig)
    BusFault_Handler                         0x0800109d   Thumb Code     2  stm32f4xx_it.o(i.BusFault_Handler)
    CAN1_RX0_IRQHandler                      0x080010a1   Thumb Code   104  stm32f4xx_it.o(i.CAN1_RX0_IRQHandler)
    CAN2_RX0_IRQHandler                      0x08001111   Thumb Code    74  driver_cansend.o(i.CAN2_RX0_IRQHandler)
    CAN_RoboModule_DRV_Mode_Choice           0x0800128d   Thumb Code    94  driver_cansend.o(i.CAN_RoboModule_DRV_Mode_Choice)
    CAN_RoboModule_DRV_Reset                 0x080012f1   Thumb Code    92  driver_cansend.o(i.CAN_RoboModule_DRV_Reset)
    CAN_RoboModule_DRV_Velocity_Mode         0x08001351   Thumb Code   128  driver_cansend.o(i.CAN_RoboModule_DRV_Velocity_Mode)
    CanSend_InitConfig                       0x080013d9   Thumb Code    24  driver_cansend.o(i.CanSend_InitConfig)
    Chassis_InitConfig                       0x080013f1   Thumb Code   166  driver_chassis.o(i.Chassis_InitConfig)
    DBUS_DataProcessing                      0x080014a9   Thumb Code   314  driver_dbus.o(i.DBUS_DataProcessing)
    DBUS_InitConfig                          0x080015ed   Thumb Code    10  driver_dbus.o(i.DBUS_InitConfig)
    DMA1_Stream0_IRQHandler                  0x08001601   Thumb Code     6  stm32f4xx_it.o(i.DMA1_Stream0_IRQHandler)
    DMA1_Stream1_IRQHandler                  0x0800160d   Thumb Code     6  stm32f4xx_it.o(i.DMA1_Stream1_IRQHandler)
    DMA1_Stream3_IRQHandler                  0x08001619   Thumb Code     6  stm32f4xx_it.o(i.DMA1_Stream3_IRQHandler)
    DMA1_Stream5_IRQHandler                  0x08001625   Thumb Code     6  stm32f4xx_it.o(i.DMA1_Stream5_IRQHandler)
    DMA1_Stream7_IRQHandler                  0x08001631   Thumb Code    30  driver_debug.o(i.DMA1_Stream7_IRQHandler)
    DMA2_Stream1_IRQHandler                  0x08001659   Thumb Code     6  stm32f4xx_it.o(i.DMA2_Stream1_IRQHandler)
    DMA2_Stream2_IRQHandler                  0x08001665   Thumb Code     6  stm32f4xx_it.o(i.DMA2_Stream2_IRQHandler)
    DMA2_Stream6_IRQHandler                  0x08001671   Thumb Code     6  stm32f4xx_it.o(i.DMA2_Stream6_IRQHandler)
    DMA2_Stream7_IRQHandler                  0x0800167d   Thumb Code     6  stm32f4xx_it.o(i.DMA2_Stream7_IRQHandler)
    DMA_CLEAR_FLAG_ALL                       0x08001689   Thumb Code   196  bsp_dma.o(i.DMA_CLEAR_FLAG_ALL)
    DebugMon_Handler                         0x080017d1   Thumb Code     2  stm32f4xx_it.o(i.DebugMon_Handler)
    Debug_InitConfig                         0x080017d5   Thumb Code    40  driver_debug.o(i.Debug_InitConfig)
    EXTI4_IRQHandler                         0x08001809   Thumb Code     6  stm32f4xx_it.o(i.EXTI4_IRQHandler)
    Get_CRC16_Check_Sum                      0x08001811   Thumb Code    38  driver_crc.o(i.Get_CRC16_Check_Sum)
    Get_CRC8_Check_Sum                       0x0800183d   Thumb Code    24  driver_crc.o(i.Get_CRC8_Check_Sum)
    Gimbal_InitConfig                        0x08001859   Thumb Code   162  driver_gimbal.o(i.Gimbal_InitConfig)
    HAL_CAN_ConfigFilter                     0x08001919   Thumb Code   244  stm32f4xx_hal_can.o(i.HAL_CAN_ConfigFilter)
    HAL_CAN_ErrorCallback                    0x08001a11   Thumb Code     2  stm32f4xx_hal_can.o(i.HAL_CAN_ErrorCallback)
    HAL_CAN_IRQHandler                       0x08001a15   Thumb Code   548  stm32f4xx_hal_can.o(i.HAL_CAN_IRQHandler)
    HAL_CAN_Init                             0x08001c49   Thumb Code   328  stm32f4xx_hal_can.o(i.HAL_CAN_Init)
    HAL_CAN_MspInit                          0x08001d91   Thumb Code    66  bsp_can.o(i.HAL_CAN_MspInit)
    HAL_CAN_Receive_IT                       0x08001de5   Thumb Code   180  stm32f4xx_hal_can.o(i.HAL_CAN_Receive_IT)
    HAL_CAN_RxCpltCallback                   0x08001e99   Thumb Code     2  stm32f4xx_hal_can.o(i.HAL_CAN_RxCpltCallback)
    HAL_CAN_Transmit                         0x08001e9d   Thumb Code   446  stm32f4xx_hal_can.o(i.HAL_CAN_Transmit)
    HAL_CAN_TxCpltCallback                   0x08002069   Thumb Code     2  stm32f4xx_hal_can.o(i.HAL_CAN_TxCpltCallback)
    HAL_DMA_Abort_IT                         0x0800206b   Thumb Code    36  stm32f4xx_hal_dma.o(i.HAL_DMA_Abort_IT)
    HAL_DMA_IRQHandler                       0x08002091   Thumb Code   412  stm32f4xx_hal_dma.o(i.HAL_DMA_IRQHandler)
    HAL_DMA_Init                             0x08002231   Thumb Code   206  stm32f4xx_hal_dma.o(i.HAL_DMA_Init)
    HAL_GPIO_EXTI_Callback                   0x08002305   Thumb Code    18  stm32f4xx_it.o(i.HAL_GPIO_EXTI_Callback)
    HAL_GPIO_EXTI_IRQHandler                 0x0800231d   Thumb Code    18  stm32f4xx_hal_gpio.o(i.HAL_GPIO_EXTI_IRQHandler)
    HAL_GPIO_Init                            0x08002335   Thumb Code   388  stm32f4xx_hal_gpio.o(i.HAL_GPIO_Init)
    HAL_GPIO_WritePin                        0x080024e5   Thumb Code    10  stm32f4xx_hal_gpio.o(i.HAL_GPIO_WritePin)
    HAL_GetTick                              0x080024f1   Thumb Code     6  stm32f4xx_hal.o(i.HAL_GetTick)
    HAL_IncTick                              0x080024fd   Thumb Code    10  stm32f4xx_hal.o(i.HAL_IncTick)
    HAL_Init                                 0x0800250d   Thumb Code    48  stm32f4xx_hal.o(i.HAL_Init)
    HAL_InitTick                             0x08002541   Thumb Code   100  stm32f4xx_hal_timebase_tim.o(i.HAL_InitTick)
    HAL_MspInit                              0x080025b5   Thumb Code     2  stm32f4xx_hal_msp.o(i.HAL_MspInit)
    HAL_NVIC_EnableIRQ                       0x080025b7   Thumb Code    22  stm32f4xx_hal_cortex.o(i.HAL_NVIC_EnableIRQ)
    HAL_NVIC_SetPriority                     0x080025cd   Thumb Code    60  stm32f4xx_hal_cortex.o(i.HAL_NVIC_SetPriority)
    HAL_NVIC_SetPriorityGrouping             0x0800260d   Thumb Code    26  stm32f4xx_hal_cortex.o(i.HAL_NVIC_SetPriorityGrouping)
    HAL_RCC_ClockConfig                      0x08002631   Thumb Code   286  stm32f4xx_hal_rcc.o(i.HAL_RCC_ClockConfig)
    HAL_RCC_GetClockConfig                   0x08002761   Thumb Code    54  stm32f4xx_hal_rcc.o(i.HAL_RCC_GetClockConfig)
    HAL_RCC_GetHCLKFreq                      0x080027a1   Thumb Code     6  stm32f4xx_hal_rcc.o(i.HAL_RCC_GetHCLKFreq)
    HAL_RCC_GetPCLK1Freq                     0x080027ad   Thumb Code    20  stm32f4xx_hal_rcc.o(i.HAL_RCC_GetPCLK1Freq)
    HAL_RCC_GetPCLK2Freq                     0x080027cd   Thumb Code    20  stm32f4xx_hal_rcc.o(i.HAL_RCC_GetPCLK2Freq)
    HAL_RCC_GetSysClockFreq                  0x080027ed   Thumb Code    88  stm32f4xx_hal_rcc.o(i.HAL_RCC_GetSysClockFreq)
    HAL_RCC_OscConfig                        0x08002851   Thumb Code   730  stm32f4xx_hal_rcc.o(i.HAL_RCC_OscConfig)
    HAL_SPI_Init                             0x08002b41   Thumb Code   128  stm32f4xx_hal_spi.o(i.HAL_SPI_Init)
    HAL_SPI_MspInit                          0x08002bc1   Thumb Code     2  stm32f4xx_hal_msp.o(i.HAL_SPI_MspInit)
    HAL_SPI_TransmitReceive                  0x08002bc5   Thumb Code   472  stm32f4xx_hal_spi.o(i.HAL_SPI_TransmitReceive)
    HAL_SYSTICK_CLKSourceConfig              0x08002d9d   Thumb Code    24  stm32f4xx_hal_cortex.o(i.HAL_SYSTICK_CLKSourceConfig)
    HAL_SYSTICK_Config                       0x08002db5   Thumb Code    40  stm32f4xx_hal_cortex.o(i.HAL_SYSTICK_Config)
    HAL_TIMEx_BreakCallback                  0x08002ddd   Thumb Code     2  stm32f4xx_hal_tim_ex.o(i.HAL_TIMEx_BreakCallback)
    HAL_TIMEx_CommutationCallback            0x08002ddf   Thumb Code     2  stm32f4xx_hal_tim_ex.o(i.HAL_TIMEx_CommutationCallback)
    HAL_TIMEx_MasterConfigSynchronization    0x08002de1   Thumb Code    80  stm32f4xx_hal_tim_ex.o(i.HAL_TIMEx_MasterConfigSynchronization)
    HAL_TIM_Base_Init                        0x08002e31   Thumb Code    54  stm32f4xx_hal_tim.o(i.HAL_TIM_Base_Init)
    HAL_TIM_Base_MspInit                     0x08002e67   Thumb Code     2  stm32f4xx_hal_tim.o(i.HAL_TIM_Base_MspInit)
    HAL_TIM_Base_Start_IT                    0x08002e69   Thumb Code    24  stm32f4xx_hal_tim.o(i.HAL_TIM_Base_Start_IT)
    HAL_TIM_IC_CaptureCallback               0x08002e81   Thumb Code     2  stm32f4xx_hal_tim.o(i.HAL_TIM_IC_CaptureCallback)
    HAL_TIM_IRQHandler                       0x08002e83   Thumb Code   358  stm32f4xx_hal_tim.o(i.HAL_TIM_IRQHandler)
    HAL_TIM_OC_DelayElapsedCallback          0x08002fe9   Thumb Code     2  stm32f4xx_hal_tim.o(i.HAL_TIM_OC_DelayElapsedCallback)
    HAL_TIM_PWM_ConfigChannel                0x08002feb   Thumb Code   208  stm32f4xx_hal_tim.o(i.HAL_TIM_PWM_ConfigChannel)
    HAL_TIM_PWM_Init                         0x080030bb   Thumb Code    54  stm32f4xx_hal_tim.o(i.HAL_TIM_PWM_Init)
    HAL_TIM_PWM_MspInit                      0x080030f1   Thumb Code     2  stm32f4xx_hal_msp.o(i.HAL_TIM_PWM_MspInit)
    HAL_TIM_PWM_PulseFinishedCallback        0x080030f3   Thumb Code     2  stm32f4xx_hal_tim.o(i.HAL_TIM_PWM_PulseFinishedCallback)
    HAL_TIM_PeriodElapsedCallback            0x080030f5   Thumb Code    30  bsp_tim.o(i.HAL_TIM_PeriodElapsedCallback)
    HAL_TIM_TriggerCallback                  0x0800311d   Thumb Code     2  stm32f4xx_hal_tim.o(i.HAL_TIM_TriggerCallback)
    HAL_UART_ErrorCallback                   0x0800311f   Thumb Code     2  stm32f4xx_hal_uart.o(i.HAL_UART_ErrorCallback)
    HAL_UART_IRQHandler                      0x08003121   Thumb Code   266  stm32f4xx_hal_uart.o(i.HAL_UART_IRQHandler)
    HAL_UART_Init                            0x08003231   Thumb Code    98  stm32f4xx_hal_uart.o(i.HAL_UART_Init)
    HAL_UART_MspInit                         0x08003293   Thumb Code     2  stm32f4xx_hal_msp.o(i.HAL_UART_MspInit)
    HAL_UART_RxCpltCallback                  0x08003295   Thumb Code     2  stm32f4xx_hal_uart.o(i.HAL_UART_RxCpltCallback)
    HAL_UART_TxCpltCallback                  0x08003297   Thumb Code     2  stm32f4xx_hal_uart.o(i.HAL_UART_TxCpltCallback)
    HardFault_Handler                        0x08003299   Thumb Code     2  stm32f4xx_it.o(i.HardFault_Handler)
    ICM20600_InitConfig                      0x0800329b   Thumb Code     4  driver_icm20600.o(i.ICM20600_InitConfig)
    Judge_InitConfig                         0x080032a1   Thumb Code    10  driver_judge.o(i.Judge_InitConfig)
    MemManage_Handler                        0x080032b5   Thumb Code     2  stm32f4xx_it.o(i.MemManage_Handler)
    NMI_Handler                              0x080032b7   Thumb Code     2  stm32f4xx_it.o(i.NMI_Handler)
    PID_Calc                                 0x080032d9   Thumb Code   294  algorithm_pid.o(i.PID_Calc)
    PID_Init                                 0x08003409   Thumb Code    42  algorithm_pid.o(i.PID_Init)
    PowerLimit_InitConfig                    0x08003439   Thumb Code    54  driver_powerlimit.o(i.PowerLimit_InitConfig)
    Power_Deal                               0x0800348d   Thumb Code   120  driver_powerlimit.o(i.Power_Deal)
    Send_Check                               0x080035d1   Thumb Code    68  driver_debug.o(i.Send_Check)
    SysTick_Handler                          0x08003621   Thumb Code     4  stm32f4xx_it.o(i.SysTick_Handler)
    SystemInit                               0x08003625   Thumb Code    66  system_stm32f4xx.o(i.SystemInit)
    TIM6_DAC_IRQHandler                      0x08003679   Thumb Code     6  stm32f4xx_it.o(i.TIM6_DAC_IRQHandler)
    TIM_Base_SetConfig                       0x08003685   Thumb Code   148  stm32f4xx_hal_tim.o(i.TIM_Base_SetConfig)
    TIM_OC2_SetConfig                        0x0800379d   Thumb Code    90  stm32f4xx_hal_tim.o(i.TIM_OC2_SetConfig)
    Task_Can1Send                            0x080038b1   Thumb Code   188  task_cansend.o(i.Task_Can1Send)
    Task_Can2Send                            0x08003991   Thumb Code   156  task_cansend.o(i.Task_Can2Send)
    Task_Chassis                             0x08003a45   Thumb Code   370  task_chassis.o(i.Task_Chassis)
    Task_DBUS                                0x08003bdd   Thumb Code    72  task_dbus.o(i.Task_DBUS)
    Task_Gimbal                              0x08003c31   Thumb Code   262  task_gimbal.o(i.Task_Gimbal)
    Task_Judge                               0x08003d69   Thumb Code    72  task_judge.o(i.Task_Judge)
    Task_ModeSwitch                          0x08003dbd   Thumb Code    44  task_modeswitch.o(i.Task_ModeSwitch)
    Task_Monitor                             0x08003df1   Thumb Code    66  task_monitor.o(i.Task_Monitor)
    Task_PowerLimit                          0x08003e45   Thumb Code   386  task_powerlimit.o(i.Task_PowerLimit)
    Task_Shoot                               0x08003ff5   Thumb Code    44  task_shoot.o(i.Task_Shoot)
    Task_SysInitConfig                       0x08004029   Thumb Code   440  task_sysinitconfig.o(i.Task_SysInitConfig)
    Task_TakeBullet                          0x080042ed   Thumb Code    44  task_takebullet.o(i.Task_TakeBullet)
    UART5_IRQHandler                         0x08004321   Thumb Code   270  driver_debug.o(i.UART5_IRQHandler)
    UART_DMA_RX_INIT                         0x0800444d   Thumb Code    84  bsp_dma.o(i.UART_DMA_RX_INIT)
    UART_DMA_TX_INIT                         0x080044a1   Thumb Code    70  bsp_dma.o(i.UART_DMA_TX_INIT)
    USART1_IRQHandler                        0x080048a1   Thumb Code     6  stm32f4xx_it.o(i.USART1_IRQHandler)
    USART2_IRQHandler                        0x080048ad   Thumb Code    92  stm32f4xx_it.o(i.USART2_IRQHandler)
    USART3_IRQHandler                        0x08004915   Thumb Code     6  stm32f4xx_it.o(i.USART3_IRQHandler)
    USART6_IRQHandler                        0x08004921   Thumb Code   240  driver_judge.o(i.USART6_IRQHandler)
    Uart_Transmit_DMA                        0x08004a2d   Thumb Code    48  bsp_dma.o(i.Uart_Transmit_DMA)
    UsageFault_Handler                       0x08004a5d   Thumb Code     2  stm32f4xx_it.o(i.UsageFault_Handler)
    Verify_CRC16_Check_Sum                   0x08004a61   Thumb Code    54  driver_crc.o(i.Verify_CRC16_Check_Sum)
    Verify_CRC8_Check_Sum                    0x08004a9d   Thumb Code    38  driver_crc.o(i.Verify_CRC8_Check_Sum)
    Write_PID                                0x08004ac5   Thumb Code   268  driver_debug.o(i.Write_PID)
    _Error_Handler                           0x08004bdd   Thumb Code     2  main.o(i._Error_Handler)
    __ARM_fpclassifyf                        0x08004bdf   Thumb Code    38  fpclassifyf.o(i.__ARM_fpclassifyf)
    __hardfp_asinf                           0x08004c15   Thumb Code   258  asinf.o(i.__hardfp_asinf)
    __hardfp_atan2f                          0x08004d41   Thumb Code   502  atan2f.o(i.__hardfp_atan2f)
    __hardfp_cosf                            0x08004f91   Thumb Code   280  cosf.o(i.__hardfp_cosf)
    __hardfp_sqrt                            0x080050e1   Thumb Code   122  sqrt.o(i.__hardfp_sqrt)
    __hardfp_sqrtf                           0x0800515b   Thumb Code    58  sqrtf.o(i.__hardfp_sqrtf)
    __hardfp_tanf                            0x08005195   Thumb Code   322  tanf.o(i.__hardfp_tanf)
    __mathlib_flt_infnan                     0x08005311   Thumb Code     6  funder.o(i.__mathlib_flt_infnan)
    __mathlib_flt_infnan2                    0x08005317   Thumb Code     6  funder.o(i.__mathlib_flt_infnan2)
    __mathlib_flt_invalid                    0x0800531d   Thumb Code    10  funder.o(i.__mathlib_flt_invalid)
    __mathlib_flt_underflow                  0x0800532d   Thumb Code    10  funder.o(i.__mathlib_flt_underflow)
    __mathlib_rredf2                         0x0800533d   Thumb Code   316  rredf.o(i.__mathlib_rredf2)
    __scatterload_copy                       0x08005491   Thumb Code    14  handlers.o(i.__scatterload_copy)
    __scatterload_null                       0x0800549f   Thumb Code     2  handlers.o(i.__scatterload_null)
    __scatterload_zeroinit                   0x080054a1   Thumb Code    14  handlers.o(i.__scatterload_zeroinit)
    __set_errno                              0x080054b1   Thumb Code     6  errno.o(i.__set_errno)
    can_filter_config                        0x0800561d   Thumb Code   100  bsp_can.o(i.can_filter_config)
    estimator_task                           0x08005715   Thumb Code   362  algorithm_estimator.o(i.estimator_task)
    icm20600_task                            0x080058b9   Thumb Code    34  driver_icm20600.o(i.icm20600_task)
    judge_read                               0x08005df5   Thumb Code   144  driver_judge.o(i.judge_read)
    lpf_allpy                                0x08005f0d   Thumb Code    94  driver_icm20600.o(i.lpf_allpy)
    lpf_set_cutoff_frequency                 0x08005f6d   Thumb Code   178  driver_icm20600.o(i.lpf_set_cutoff_frequency)
    main                                     0x0800602d   Thumb Code    30  main.o(i.main)
    osSystickHandler                         0x08006265   Thumb Code    20  cmsis_os.o(i.osSystickHandler)
    pvPortMalloc                             0x0800699d   Thumb Code   210  heap_4.o(i.pvPortMalloc)
    pvTaskIncrementMutexHeldCount            0x08006a75   Thumb Code    18  tasks.o(i.pvTaskIncrementMutexHeldCount)
    pxPortInitialiseStack                    0x08006a8d   Thumb Code    40  port.o(i.pxPortInitialiseStack)
    read                                     0x08006ab9   Thumb Code    32  driver_icm20600.o(i.read)
    send_cm_current                          0x08006b11   Thumb Code    78  driver_cansend.o(i.send_cm_current)
    send_gimbal_current                      0x08006b5f   Thumb Code    72  driver_cansend.o(i.send_gimbal_current)
    send_shoot_current                       0x08006ba7   Thumb Code    78  driver_cansend.o(i.send_shoot_current)
    spi1_read                                0x08006bf5   Thumb Code    80  bsp_spi.o(i.spi1_read)
    spi1_write                               0x08006c45   Thumb Code    68  bsp_spi.o(i.spi1_write)
    sqrtf                                    0x08006c89   Thumb Code    62  sqrtf.o(i.sqrtf)
    time                                     0x08006cc9   Thumb Code    78  bsp_tim.o(i.time)
    usleep                                   0x08006fb1   Thumb Code    28  bsp_tim.o(i.usleep)
    uxListRemove                             0x08006fcd   Thumb Code    36  list.o(i.uxListRemove)
    uxTaskGetStackHighWaterMark              0x08006ff1   Thumb Code    28  tasks.o(i.uxTaskGetStackHighWaterMark)
    uxTaskResetEventItemValue                0x08007011   Thumb Code    20  tasks.o(i.uxTaskResetEventItemValue)
    vListInitialise                          0x08007029   Thumb Code    22  list.o(i.vListInitialise)
    vListInitialiseItem                      0x0800703f   Thumb Code     6  list.o(i.vListInitialiseItem)
    vListInsert                              0x08007045   Thumb Code    48  list.o(i.vListInsert)
    vListInsertEnd                           0x08007075   Thumb Code    24  list.o(i.vListInsertEnd)
    vPortEnterCritical                       0x0800708d   Thumb Code    54  port.o(i.vPortEnterCritical)
    vPortExitCritical                        0x080070cd   Thumb Code    34  port.o(i.vPortExitCritical)
    vPortFree                                0x080070f5   Thumb Code    88  heap_4.o(i.vPortFree)
    vPortSetupTimerInterrupt                 0x08007151   Thumb Code    26  port.o(i.vPortSetupTimerInterrupt)
    vPortValidateInterruptPriority           0x08007171   Thumb Code    74  port.o(i.vPortValidateInterruptPriority)
    vQueueAddToRegistry                      0x080071c5   Thumb Code    34  queue.o(i.vQueueAddToRegistry)
    vQueueWaitForMessageRestricted           0x080071ed   Thumb Code    68  queue.o(i.vQueueWaitForMessageRestricted)
    vTaskDelay                               0x08007231   Thumb Code    66  tasks.o(i.vTaskDelay)
    vTaskDelayUntil                          0x0800727d   Thumb Code   132  tasks.o(i.vTaskDelayUntil)
    vTaskDelete                              0x08007309   Thumb Code   156  tasks.o(i.vTaskDelete)
    vTaskMissedYield                         0x080073b5   Thumb Code     8  tasks.o(i.vTaskMissedYield)
    vTaskPlaceOnEventList                    0x080073c1   Thumb Code    44  tasks.o(i.vTaskPlaceOnEventList)
    vTaskPlaceOnEventListRestricted          0x080073f1   Thumb Code    52  tasks.o(i.vTaskPlaceOnEventListRestricted)
    vTaskPlaceOnUnorderedEventList           0x08007429   Thumb Code    76  tasks.o(i.vTaskPlaceOnUnorderedEventList)
    vTaskPriorityInherit                     0x08007479   Thumb Code   124  tasks.o(i.vTaskPriorityInherit)
    vTaskSetTimeOutState                     0x080074fd   Thumb Code    30  tasks.o(i.vTaskSetTimeOutState)
    vTaskStartScheduler                      0x08007521   Thumb Code    94  tasks.o(i.vTaskStartScheduler)
    vTaskSuspendAll                          0x08007591   Thumb Code    10  tasks.o(i.vTaskSuspendAll)
    vTaskSwitchContext                       0x080075a1   Thumb Code    82  tasks.o(i.vTaskSwitchContext)
    write                                    0x080075fd   Thumb Code    32  driver_icm20600.o(i.write)
    xEventGroupCreate                        0x0800767f   Thumb Code    26  event_groups.o(i.xEventGroupCreate)
    xEventGroupSetBits                       0x08007699   Thumb Code   140  event_groups.o(i.xEventGroupSetBits)
    xEventGroupWaitBits                      0x08007725   Thumb Code   260  event_groups.o(i.xEventGroupWaitBits)
    xPortStartScheduler                      0x0800782d   Thumb Code   202  port.o(i.xPortStartScheduler)
    xPortSysTickHandler                      0x0800790d   Thumb Code    38  port.o(i.xPortSysTickHandler)
    xQueueGenericCreate                      0x08007939   Thumb Code    72  queue.o(i.xQueueGenericCreate)
    xQueueGenericReceive                     0x08007981   Thumb Code   360  queue.o(i.xQueueGenericReceive)
    xQueueGenericReset                       0x08007aed   Thumb Code   132  queue.o(i.xQueueGenericReset)
    xQueueGenericSend                        0x08007b75   Thumb Code   346  queue.o(i.xQueueGenericSend)
    xQueueGenericSendFromISR                 0x08007cd5   Thumb Code   188  queue.o(i.xQueueGenericSendFromISR)
    xQueueGiveFromISR                        0x08007d91   Thumb Code   156  queue.o(i.xQueueGiveFromISR)
    xTaskCheckForTimeOut                     0x08007e2d   Thumb Code   102  tasks.o(i.xTaskCheckForTimeOut)
    xTaskCreate                              0x08007e99   Thumb Code    86  tasks.o(i.xTaskCreate)
    xTaskGetSchedulerState                   0x08007ef1   Thumb Code    22  tasks.o(i.xTaskGetSchedulerState)
    xTaskGetTickCount                        0x08007f0d   Thumb Code     6  tasks.o(i.xTaskGetTickCount)
    xTaskIncrementTick                       0x08007f19   Thumb Code   192  tasks.o(i.xTaskIncrementTick)
    xTaskPriorityDisinherit                  0x08007fe1   Thumb Code   144  tasks.o(i.xTaskPriorityDisinherit)
    xTaskRemoveFromEventList                 0x08008079   Thumb Code   108  tasks.o(i.xTaskRemoveFromEventList)
    xTaskRemoveFromUnorderedEventList        0x080080ed   Thumb Code   110  tasks.o(i.xTaskRemoveFromUnorderedEventList)
    xTaskResumeAll                           0x08008165   Thumb Code   182  tasks.o(i.xTaskResumeAll)
    xTimerCreateTimerTask                    0x08008229   Thumb Code    56  timers.o(i.xTimerCreateTimerTask)
    xTimerGenericCommand                     0x08008271   Thumb Code    92  timers.o(i.xTimerGenericCommand)
    CRC8_TAB                                 0x080082d0   Data         256  driver_crc.o(.constdata)
    wCRC_Table                               0x080083d0   Data         512  driver_crc.o(.constdata)
    AHBPrescTable                            0x080085d8   Data          16  system_stm32f4xx.o(.constdata)
    APBPrescTable                            0x080085e8   Data           8  system_stm32f4xx.o(.constdata)
    Region$$Table$$Base                      0x08008610   Number         0  anon$$obj.o(Region$$Table)
    Region$$Table$$Limit                     0x08008630   Number         0  anon$$obj.o(Region$$Table)
    uui                                      0x20000000   Data           4  stm32f4xx_it.o(.data)
    HandleModeSwitch                         0x20000004   Data           4  freertos.o(.data)
    HandleTakeBullet                         0x20000008   Data           4  freertos.o(.data)
    HandleCan1Send                           0x2000000c   Data           4  freertos.o(.data)
    HandleCan2Send                           0x20000010   Data           4  freertos.o(.data)
    HandleMonitor                            0x20000014   Data           4  freertos.o(.data)
    HandleChassis                            0x20000018   Data           4  freertos.o(.data)
    HandleGimbal                             0x2000001c   Data           4  freertos.o(.data)
    HandleShoot                              0x20000020   Data           4  freertos.o(.data)
    HandleDBUS                               0x20000024   Data           4  freertos.o(.data)
    BinSemaphoreDBUS                         0x20000028   Data           4  freertos.o(.data)
    BinSemaphoreShoot                        0x2000002c   Data           4  freertos.o(.data)
    BinSemaphoreJudge                        0x20000030   Data           4  freertos.o(.data)
    BinSemaphoreGimbal                       0x20000034   Data           4  freertos.o(.data)
    BinSemaphoreChassis                      0x20000038   Data           4  freertos.o(.data)
    BinSemaphoreTakeBullet                   0x2000003c   Data           4  freertos.o(.data)
    EventGroupHandler                        0x20000040   Data           4  freertos.o(.data)
    EventValue11                             0x20000048   Data           4  task_monitor.o(.data)
    CRC_INIT                                 0x2000004c   Data           2  driver_crc.o(.data)
    leftbuffer_size                          0x20000050   Data           2  driver_judge.o(.data)
    num                                      0x20000052   Data           2  driver_judge.o(.data)
    datalength_                              0x20000054   Data           2  driver_judge.o(.data)
    write_hand                               0x20000058   Data           4  driver_judge.o(.data)
    read_hand                                0x2000005c   Data           4  driver_judge.o(.data)
    txhead                                   0x20000064   Data           1  driver_debug.o(.data)
    txsum                                    0x20000065   Data           1  driver_debug.o(.data)
    debug_write                              0x20000066   Data           1  driver_debug.o(.data)
    uart_tx_flag                             0x20000068   Data           2  driver_debug.o(.data)
    _send_flag                               0x2000006a   Data           4  driver_debug.o(.data)
    _send                                    0x20000070   Data          24  driver_debug.o(.data)
    PitchParam                               0x20000088   Data          52  driver_gimbal.o(.data)
    YawParam                                 0x200000bc   Data          52  driver_gimbal.o(.data)
    _ChassisParam                            0x200000f0   Data         128  driver_chassis.o(.data)
    _params                                  0x20000188   Data          48  driver_icm20600.o(.data)
    _icm                                     0x200001b8   Data         156  driver_icm20600.o(.data)
    Tick                                     0x20000258   Data           8  bsp_tim.o(.data)
    uwTick                                   0x20000278   Data           4  stm32f4xx_hal.o(.data)
    SystemCoreClock                          0x2000027c   Data           4  system_stm32f4xx.o(.data)
    pxCurrentTCB                             0x20000298   Data           4  tasks.o(.data)
    htim6                                    0x200002f8   Data          60  stm32f4xx_hal_timebase_tim.o(.bss)
    _Tick                                    0x20000334   Data          52  freertos.o(.bss)
    _StackSurplus                            0x20000368   Data          52  freertos.o(.bss)
    _radio_raw                               0x200003a0   Data          40  driver_dbus.o(.bss)
    _radio                                   0x200003c8   Data          56  driver_dbus.o(.bss)
    uart2_rx                                 0x20000400   Data         100  driver_dbus.o(.bss)
    ring_buffer                              0x20000464   Data        1000  driver_judge.o(.bss)
    judgement_uart_rx                        0x2000084c   Data         100  driver_judge.o(.bss)
    _Judge                                   0x200008b0   Data          81  driver_judge.o(.bss)
    seq                                      0x20000901   Data         100  driver_judge.o(.bss)
    frame                                    0x20000965   Data         100  driver_judge.o(.bss)
    _pid_debug                               0x200009cc   Data         216  driver_debug.o(.bss)
    uart_rx                                  0x20000aa4   Data         100  driver_debug.o(.bss)
    uart_tx                                  0x20000b08   Data         100  driver_debug.o(.bss)
    _can2                                    0x20000b6c   Data          10  driver_cansend.o(.bss)
    _accel                                   0x20000b78   Data          32  driver_icm20600.o(.bss)
    _gyro                                    0x20000b98   Data          32  driver_icm20600.o(.bss)
    PowerLimit                               0x20000bd0   Data          60  driver_powerlimit.o(.bss)
    hspi1                                    0x20000c0c   Data          88  bsp_spi.o(.bss)
    htim2                                    0x20000c64   Data          60  bsp_tim.o(.bss)
    htim3                                    0x20000ca0   Data          60  bsp_tim.o(.bss)
    htim4                                    0x20000cdc   Data          60  bsp_tim.o(.bss)
    hcan1                                    0x20000d98   Data          68  bsp_can.o(.bss)
    hcan2                                    0x20000ddc   Data          68  bsp_can.o(.bss)
    hdma_uart5_rx                            0x20000e20   Data          96  bsp_dma.o(.bss)
    hdma_uart5_tx                            0x20000e80   Data          96  bsp_dma.o(.bss)
    hdma_usart1_rx                           0x20000ee0   Data          96  bsp_dma.o(.bss)
    hdma_usart1_tx                           0x20000f40   Data          96  bsp_dma.o(.bss)
    hdma_usart2_rx                           0x20000fa0   Data          96  bsp_dma.o(.bss)
    hdma_usart3_rx                           0x20001000   Data          96  bsp_dma.o(.bss)
    hdma_usart3_tx                           0x20001060   Data          96  bsp_dma.o(.bss)
    hdma_usart6_rx                           0x200010c0   Data          96  bsp_dma.o(.bss)
    hdma_usart6_tx                           0x20001120   Data          96  bsp_dma.o(.bss)
    huart1                                   0x20001180   Data          64  bsp_uart.o(.bss)
    huart2                                   0x200011c0   Data          64  bsp_uart.o(.bss)
    huart3                                   0x20001200   Data          64  bsp_uart.o(.bss)
    huart5                                   0x20001240   Data          64  bsp_uart.o(.bss)
    huart6                                   0x20001280   Data          64  bsp_uart.o(.bss)
    CM_speed_pid                             0x200012c0   Data         192  algorithm_pid.o(.bss)
    Yaw_speed_pid                            0x20001380   Data          48  algorithm_pid.o(.bss)
    Yaw_position_pid                         0x200013b0   Data          48  algorithm_pid.o(.bss)
    Pitch_speed_pid                          0x200013e0   Data          48  algorithm_pid.o(.bss)
    Pitch_position_pid                       0x20001410   Data          48  algorithm_pid.o(.bss)
    Power_Limit_pid                          0x20001440   Data          48  algorithm_pid.o(.bss)
    _attitude                                0x20001470   Data          32  algorithm_estimator.o(.bss)
    xQueueRegistry                           0x200051d8   Data          64  queue.o(.bss)
    __initial_sp                             0x20005640   Data           0  startup_stm32f405xx.o(STACK)



==============================================================================

Memory Map of the image

  Image Entry point : 0x08000189

  Load Region LR_IROM1 (Base: 0x08000000, Size: 0x00008928, Max: 0x00100000, ABSOLUTE, COMPRESSED[0x000086b0])

    Execution Region ER_IROM1 (Exec base: 0x08000000, Load base: 0x08000000, Size: 0x00008630, Max: 0x00100000, ABSOLUTE)

    Exec Addr    Load Addr    Size         Type   Attr      Idx    E Section Name        Object

    0x08000000   0x08000000   0x00000188   Data   RO         4457    RESET               startup_stm32f405xx.o
    0x08000188   0x08000188   0x00000000   Code   RO         5766  * .ARM.Collect$$$$00000000  mc_w.l(entry.o)
    0x08000188   0x08000188   0x00000004   Code   RO         5802    .ARM.Collect$$$$00000001  mc_w.l(entry2.o)
    0x0800018c   0x0800018c   0x00000004   Code   RO         5805    .ARM.Collect$$$$00000004  mc_w.l(entry5.o)
    0x08000190   0x08000190   0x00000000   Code   RO         5807    .ARM.Collect$$$$00000008  mc_w.l(entry7b.o)
    0x08000190   0x08000190   0x00000000   Code   RO         5809    .ARM.Collect$$$$0000000A  mc_w.l(entry8b.o)
    0x08000190   0x08000190   0x00000008   Code   RO         5810    .ARM.Collect$$$$0000000B  mc_w.l(entry9a.o)
    0x08000198   0x08000198   0x00000000   Code   RO         5812    .ARM.Collect$$$$0000000D  mc_w.l(entry10a.o)
    0x08000198   0x08000198   0x00000000   Code   RO         5814    .ARM.Collect$$$$0000000F  mc_w.l(entry11a.o)
    0x08000198   0x08000198   0x00000004   Code   RO         5803    .ARM.Collect$$$$00002712  mc_w.l(entry2.o)
    0x0800019c   0x0800019c   0x000000ba   Code   RO         5617    .emb_text           port.o
    0x08000256   0x08000256   0x00000002   PAD
    0x08000258   0x08000258   0x00000024   Code   RO         4458    .text               startup_stm32f405xx.o
    0x0800027c   0x0800027c   0x00000062   Code   RO         5769    .text               mc_w.l(uldiv.o)
    0x080002de   0x080002de   0x00000024   Code   RO         5771    .text               mc_w.l(memcpya.o)
    0x08000302   0x08000302   0x00000024   Code   RO         5773    .text               mc_w.l(memseta.o)
    0x08000326   0x08000326   0x0000001c   Code   RO         5777    .text               mf_w.l(ffltul.o)
    0x08000342   0x08000342   0x00000026   Code   RO         5779    .text               mf_w.l(f2d.o)
    0x08000368   0x08000368   0x00000038   Code   RO         5781    .text               mf_w.l(d2f.o)
    0x080003a0   0x080003a0   0x0000001e   Code   RO         5816    .text               mc_w.l(llshl.o)
    0x080003be   0x080003be   0x00000020   Code   RO         5818    .text               mc_w.l(llushr.o)
    0x080003de   0x080003de   0x00000000   Code   RO         5827    .text               mc_w.l(iusefp.o)
    0x080003de   0x080003de   0x0000006e   Code   RO         5828    .text               mf_w.l(fepilogue.o)
    0x0800044c   0x0800044c   0x000000a2   Code   RO         5830    .text               mf_w.l(dsqrt.o)
    0x080004ee   0x080004ee   0x00000002   PAD
    0x080004f0   0x080004f0   0x00000024   Code   RO         5834    .text               mc_w.l(init.o)
    0x08000514   0x08000514   0x000000ba   Code   RO         5836    .text               mf_w.l(depilogue.o)
    0x080005ce   0x080005ce   0x00000056   Code   RO         5846    .text               mc_w.l(__dczerorl2.o)
    0x08000624   0x08000624   0x000000a4   Code   RO         1541    i.BSP_CAN_InitConfig  bsp_can.o
    0x080006c8   0x080006c8   0x00000240   Code   RO         1590    i.BSP_DMA_InitConfig  bsp_dma.o
    0x08000908   0x08000908   0x0000024c   Code   RO         1669    i.BSP_GPIO_InitConfig  bsp_gpio.o
    0x08000b54   0x08000b54   0x00000168   Code   RO         1645    i.BSP_NVIC_InitConfig  bsp_nvic.o
    0x08000cbc   0x08000cbc   0x00000080   Code   RO         1438    i.BSP_SPI_InitConfig  bsp_spi.o
    0x08000d3c   0x08000d3c   0x00000208   Code   RO         1492    i.BSP_TIM_InitConfig  bsp_tim.o
    0x08000f44   0x08000f44   0x00000158   Code   RO         1693    i.BSP_UART_InitConfig  bsp_uart.o
    0x0800109c   0x0800109c   0x00000002   Code   RO          212    i.BusFault_Handler  stm32f4xx_it.o
    0x0800109e   0x0800109e   0x00000002   PAD
    0x080010a0   0x080010a0   0x00000070   Code   RO          213    i.CAN1_RX0_IRQHandler  stm32f4xx_it.o
    0x08001110   0x08001110   0x00000054   Code   RO         1148    i.CAN2_RX0_IRQHandler  driver_cansend.o
    0x08001164   0x08001164   0x00000126   Code   RO         3994    i.CAN_Receive_IT    stm32f4xx_hal_can.o
    0x0800128a   0x0800128a   0x00000002   PAD
    0x0800128c   0x0800128c   0x00000064   Code   RO         1154    i.CAN_RoboModule_DRV_Mode_Choice  driver_cansend.o
    0x080012f0   0x080012f0   0x00000060   Code   RO         1158    i.CAN_RoboModule_DRV_Reset  driver_cansend.o
    0x08001350   0x08001350   0x00000088   Code   RO         1159    i.CAN_RoboModule_DRV_Velocity_Mode  driver_cansend.o
    0x080013d8   0x080013d8   0x00000018   Code   RO         1161    i.CanSend_InitConfig  driver_cansend.o
    0x080013f0   0x080013f0   0x000000b8   Code   RO         1090    i.Chassis_InitConfig  driver_chassis.o
    0x080014a8   0x080014a8   0x00000144   Code   RO          896    i.DBUS_DataProcessing  driver_dbus.o
    0x080015ec   0x080015ec   0x00000014   Code   RO          897    i.DBUS_InitConfig   driver_dbus.o
    0x08001600   0x08001600   0x0000000c   Code   RO          214    i.DMA1_Stream0_IRQHandler  stm32f4xx_it.o
    0x0800160c   0x0800160c   0x0000000c   Code   RO          215    i.DMA1_Stream1_IRQHandler  stm32f4xx_it.o
    0x08001618   0x08001618   0x0000000c   Code   RO          216    i.DMA1_Stream3_IRQHandler  stm32f4xx_it.o
    0x08001624   0x08001624   0x0000000c   Code   RO          217    i.DMA1_Stream5_IRQHandler  stm32f4xx_it.o
    0x08001630   0x08001630   0x00000028   Code   RO         1002    i.DMA1_Stream7_IRQHandler  driver_debug.o
    0x08001658   0x08001658   0x0000000c   Code   RO          218    i.DMA2_Stream1_IRQHandler  stm32f4xx_it.o
    0x08001664   0x08001664   0x0000000c   Code   RO          219    i.DMA2_Stream2_IRQHandler  stm32f4xx_it.o
    0x08001670   0x08001670   0x0000000c   Code   RO          220    i.DMA2_Stream6_IRQHandler  stm32f4xx_it.o
    0x0800167c   0x0800167c   0x0000000c   Code   RO          221    i.DMA2_Stream7_IRQHandler  stm32f4xx_it.o
    0x08001688   0x08001688   0x000000cc   Code   RO         1591    i.DMA_CLEAR_FLAG_ALL  bsp_dma.o
    0x08001754   0x08001754   0x00000028   Code   RO         3488    i.DMA_CalcBaseAndBitshift  stm32f4xx_hal_dma.o
    0x0800177c   0x0800177c   0x00000054   Code   RO         3489    i.DMA_CheckFifoParam  stm32f4xx_hal_dma.o
    0x080017d0   0x080017d0   0x00000002   Code   RO          222    i.DebugMon_Handler  stm32f4xx_it.o
    0x080017d2   0x080017d2   0x00000002   PAD
    0x080017d4   0x080017d4   0x00000034   Code   RO         1003    i.Debug_InitConfig  driver_debug.o
    0x08001808   0x08001808   0x00000006   Code   RO          223    i.EXTI4_IRQHandler  stm32f4xx_it.o
    0x0800180e   0x0800180e   0x00000002   PAD
    0x08001810   0x08001810   0x0000002c   Code   RO          843    i.Get_CRC16_Check_Sum  driver_crc.o
    0x0800183c   0x0800183c   0x0000001c   Code   RO          844    i.Get_CRC8_Check_Sum  driver_crc.o
    0x08001858   0x08001858   0x000000c0   Code   RO         1072    i.Gimbal_InitConfig  driver_gimbal.o
    0x08001918   0x08001918   0x000000f8   Code   RO         3995    i.HAL_CAN_ConfigFilter  stm32f4xx_hal_can.o
    0x08001a10   0x08001a10   0x00000002   Code   RO         3997    i.HAL_CAN_ErrorCallback  stm32f4xx_hal_can.o
    0x08001a12   0x08001a12   0x00000002   PAD
    0x08001a14   0x08001a14   0x00000234   Code   RO         4000    i.HAL_CAN_IRQHandler  stm32f4xx_hal_can.o
    0x08001c48   0x08001c48   0x00000148   Code   RO         4001    i.HAL_CAN_Init      stm32f4xx_hal_can.o
    0x08001d90   0x08001d90   0x00000054   Code   RO         1543    i.HAL_CAN_MspInit   bsp_can.o
    0x08001de4   0x08001de4   0x000000b4   Code   RO         4005    i.HAL_CAN_Receive_IT  stm32f4xx_hal_can.o
    0x08001e98   0x08001e98   0x00000002   Code   RO         4006    i.HAL_CAN_RxCpltCallback  stm32f4xx_hal_can.o
    0x08001e9a   0x08001e9a   0x00000002   PAD
    0x08001e9c   0x08001e9c   0x000001cc   Code   RO         4008    i.HAL_CAN_Transmit  stm32f4xx_hal_can.o
    0x08002068   0x08002068   0x00000002   Code   RO         4010    i.HAL_CAN_TxCpltCallback  stm32f4xx_hal_can.o
    0x0800206a   0x0800206a   0x00000024   Code   RO         3492    i.HAL_DMA_Abort_IT  stm32f4xx_hal_dma.o
    0x0800208e   0x0800208e   0x00000002   PAD
    0x08002090   0x08002090   0x000001a0   Code   RO         3496    i.HAL_DMA_IRQHandler  stm32f4xx_hal_dma.o
    0x08002230   0x08002230   0x000000d4   Code   RO         3497    i.HAL_DMA_Init      stm32f4xx_hal_dma.o
    0x08002304   0x08002304   0x00000018   Code   RO          224    i.HAL_GPIO_EXTI_Callback  stm32f4xx_it.o
    0x0800231c   0x0800231c   0x00000018   Code   RO         4241    i.HAL_GPIO_EXTI_IRQHandler  stm32f4xx_hal_gpio.o
    0x08002334   0x08002334   0x000001b0   Code   RO         4242    i.HAL_GPIO_Init     stm32f4xx_hal_gpio.o
    0x080024e4   0x080024e4   0x0000000a   Code   RO         4246    i.HAL_GPIO_WritePin  stm32f4xx_hal_gpio.o
    0x080024ee   0x080024ee   0x00000002   PAD
    0x080024f0   0x080024f0   0x0000000c   Code   RO         4318    i.HAL_GetTick       stm32f4xx_hal.o
    0x080024fc   0x080024fc   0x00000010   Code   RO         4320    i.HAL_IncTick       stm32f4xx_hal.o
    0x0800250c   0x0800250c   0x00000034   Code   RO         4321    i.HAL_Init          stm32f4xx_hal.o
    0x08002540   0x08002540   0x00000074   Code   RO            4    i.HAL_InitTick      stm32f4xx_hal_timebase_tim.o
    0x080025b4   0x080025b4   0x00000002   Code   RO          146    i.HAL_MspInit       stm32f4xx_hal_msp.o
    0x080025b6   0x080025b6   0x00000016   Code   RO         1810    i.HAL_NVIC_EnableIRQ  stm32f4xx_hal_cortex.o
    0x080025cc   0x080025cc   0x00000040   Code   RO         1816    i.HAL_NVIC_SetPriority  stm32f4xx_hal_cortex.o
    0x0800260c   0x0800260c   0x00000024   Code   RO         1817    i.HAL_NVIC_SetPriorityGrouping  stm32f4xx_hal_cortex.o
    0x08002630   0x08002630   0x00000130   Code   RO         4120    i.HAL_RCC_ClockConfig  stm32f4xx_hal_rcc.o
    0x08002760   0x08002760   0x00000040   Code   RO         4124    i.HAL_RCC_GetClockConfig  stm32f4xx_hal_rcc.o
    0x080027a0   0x080027a0   0x0000000c   Code   RO         4125    i.HAL_RCC_GetHCLKFreq  stm32f4xx_hal_rcc.o
    0x080027ac   0x080027ac   0x00000020   Code   RO         4127    i.HAL_RCC_GetPCLK1Freq  stm32f4xx_hal_rcc.o
    0x080027cc   0x080027cc   0x00000020   Code   RO         4128    i.HAL_RCC_GetPCLK2Freq  stm32f4xx_hal_rcc.o
    0x080027ec   0x080027ec   0x00000064   Code   RO         4129    i.HAL_RCC_GetSysClockFreq  stm32f4xx_hal_rcc.o
    0x08002850   0x08002850   0x000002f0   Code   RO         4132    i.HAL_RCC_OscConfig  stm32f4xx_hal_rcc.o
    0x08002b40   0x08002b40   0x00000080   Code   RO         3647    i.HAL_SPI_Init      stm32f4xx_hal_spi.o
    0x08002bc0   0x08002bc0   0x00000002   Code   RO          148    i.HAL_SPI_MspInit   stm32f4xx_hal_msp.o
    0x08002bc2   0x08002bc2   0x00000002   PAD
    0x08002bc4   0x08002bc4   0x000001d8   Code   RO         3656    i.HAL_SPI_TransmitReceive  stm32f4xx_hal_spi.o
    0x08002d9c   0x08002d9c   0x00000018   Code   RO         1819    i.HAL_SYSTICK_CLKSourceConfig  stm32f4xx_hal_cortex.o
    0x08002db4   0x08002db4   0x00000028   Code   RO         1821    i.HAL_SYSTICK_Config  stm32f4xx_hal_cortex.o
    0x08002ddc   0x08002ddc   0x00000002   Code   RO         2571    i.HAL_TIMEx_BreakCallback  stm32f4xx_hal_tim_ex.o
    0x08002dde   0x08002dde   0x00000002   Code   RO         2572    i.HAL_TIMEx_CommutationCallback  stm32f4xx_hal_tim_ex.o
    0x08002de0   0x08002de0   0x00000050   Code   RO         2588    i.HAL_TIMEx_MasterConfigSynchronization  stm32f4xx_hal_tim_ex.o
    0x08002e30   0x08002e30   0x00000036   Code   RO         1942    i.HAL_TIM_Base_Init  stm32f4xx_hal_tim.o
    0x08002e66   0x08002e66   0x00000002   Code   RO         1944    i.HAL_TIM_Base_MspInit  stm32f4xx_hal_tim.o
    0x08002e68   0x08002e68   0x00000018   Code   RO         1947    i.HAL_TIM_Base_Start_IT  stm32f4xx_hal_tim.o
    0x08002e80   0x08002e80   0x00000002   Code   RO         1971    i.HAL_TIM_IC_CaptureCallback  stm32f4xx_hal_tim.o
    0x08002e82   0x08002e82   0x00000166   Code   RO         1984    i.HAL_TIM_IRQHandler  stm32f4xx_hal_tim.o
    0x08002fe8   0x08002fe8   0x00000002   Code   RO         1987    i.HAL_TIM_OC_DelayElapsedCallback  stm32f4xx_hal_tim.o
    0x08002fea   0x08002fea   0x000000d0   Code   RO         2008    i.HAL_TIM_PWM_ConfigChannel  stm32f4xx_hal_tim.o
    0x080030ba   0x080030ba   0x00000036   Code   RO         2011    i.HAL_TIM_PWM_Init  stm32f4xx_hal_tim.o
    0x080030f0   0x080030f0   0x00000002   Code   RO          151    i.HAL_TIM_PWM_MspInit  stm32f4xx_hal_msp.o
    0x080030f2   0x080030f2   0x00000002   Code   RO         2014    i.HAL_TIM_PWM_PulseFinishedCallback  stm32f4xx_hal_tim.o
    0x080030f4   0x080030f4   0x00000028   Code   RO         1493    i.HAL_TIM_PeriodElapsedCallback  bsp_tim.o
    0x0800311c   0x0800311c   0x00000002   Code   RO         2025    i.HAL_TIM_TriggerCallback  stm32f4xx_hal_tim.o
    0x0800311e   0x0800311e   0x00000002   Code   RO         2891    i.HAL_UART_ErrorCallback  stm32f4xx_hal_uart.o
    0x08003120   0x08003120   0x00000110   Code   RO         2894    i.HAL_UART_IRQHandler  stm32f4xx_hal_uart.o
    0x08003230   0x08003230   0x00000062   Code   RO         2895    i.HAL_UART_Init     stm32f4xx_hal_uart.o
    0x08003292   0x08003292   0x00000002   Code   RO          153    i.HAL_UART_MspInit  stm32f4xx_hal_msp.o
    0x08003294   0x08003294   0x00000002   Code   RO         2901    i.HAL_UART_RxCpltCallback  stm32f4xx_hal_uart.o
    0x08003296   0x08003296   0x00000002   Code   RO         2906    i.HAL_UART_TxCpltCallback  stm32f4xx_hal_uart.o
    0x08003298   0x08003298   0x00000002   Code   RO          225    i.HardFault_Handler  stm32f4xx_it.o
    0x0800329a   0x0800329a   0x00000004   Code   RO         1278    i.ICM20600_InitConfig  driver_icm20600.o
    0x0800329e   0x0800329e   0x00000002   PAD
    0x080032a0   0x080032a0   0x00000014   Code   RO          941    i.Judge_InitConfig  driver_judge.o
    0x080032b4   0x080032b4   0x00000002   Code   RO          226    i.MemManage_Handler  stm32f4xx_it.o
    0x080032b6   0x080032b6   0x00000002   Code   RO          227    i.NMI_Handler       stm32f4xx_it.o
    0x080032b8   0x080032b8   0x00000020   Code   RO         1823    i.NVIC_SetPriority  stm32f4xx_hal_cortex.o
    0x080032d8   0x080032d8   0x00000130   Code   RO         1720    i.PID_Calc          algorithm_pid.o
    0x08003408   0x08003408   0x00000030   Code   RO         1721    i.PID_Init          algorithm_pid.o
    0x08003438   0x08003438   0x00000054   Code   RO         1384    i.PowerLimit_InitConfig  driver_powerlimit.o
    0x0800348c   0x0800348c   0x0000008c   Code   RO         1385    i.Power_Deal        driver_powerlimit.o
    0x08003518   0x08003518   0x00000020   Code   RO         3671    i.SPI_CheckFlag_BSY  stm32f4xx_hal_spi.o
    0x08003538   0x08003538   0x00000096   Code   RO         3689    i.SPI_WaitFlagStateUntilTimeout  stm32f4xx_hal_spi.o
    0x080035ce   0x080035ce   0x00000002   PAD
    0x080035d0   0x080035d0   0x00000050   Code   RO         1004    i.Send_Check        driver_debug.o
    0x08003620   0x08003620   0x00000004   Code   RO          228    i.SysTick_Handler   stm32f4xx_it.o
    0x08003624   0x08003624   0x00000054   Code   RO         4466    i.SystemInit        system_stm32f4xx.o
    0x08003678   0x08003678   0x0000000c   Code   RO          229    i.TIM6_DAC_IRQHandler  stm32f4xx_it.o
    0x08003684   0x08003684   0x000000c0   Code   RO         2026    i.TIM_Base_SetConfig  stm32f4xx_hal_tim.o
    0x08003744   0x08003744   0x00000058   Code   RO         2035    i.TIM_OC1_SetConfig  stm32f4xx_hal_tim.o
    0x0800379c   0x0800379c   0x00000064   Code   RO         2036    i.TIM_OC2_SetConfig  stm32f4xx_hal_tim.o
    0x08003800   0x08003800   0x00000060   Code   RO         2037    i.TIM_OC3_SetConfig  stm32f4xx_hal_tim.o
    0x08003860   0x08003860   0x00000050   Code   RO         2038    i.TIM_OC4_SetConfig  stm32f4xx_hal_tim.o
    0x080038b0   0x080038b0   0x000000e0   Code   RO          674    i.Task_Can1Send     task_cansend.o
    0x08003990   0x08003990   0x000000b4   Code   RO          675    i.Task_Can2Send     task_cansend.o
    0x08003a44   0x08003a44   0x00000198   Code   RO          716    i.Task_Chassis      task_chassis.o
    0x08003bdc   0x08003bdc   0x00000054   Code   RO          787    i.Task_DBUS         task_dbus.o
    0x08003c30   0x08003c30   0x00000138   Code   RO          728    i.Task_Gimbal       task_gimbal.o
    0x08003d68   0x08003d68   0x00000054   Code   RO          799    i.Task_Judge        task_judge.o
    0x08003dbc   0x08003dbc   0x00000034   Code   RO          624    i.Task_ModeSwitch   task_modeswitch.o
    0x08003df0   0x08003df0   0x00000054   Code   RO          701    i.Task_Monitor      task_monitor.o
    0x08003e44   0x08003e44   0x000001b0   Code   RO          636    i.Task_PowerLimit   task_powerlimit.o
    0x08003ff4   0x08003ff4   0x00000034   Code   RO          775    i.Task_Shoot        task_shoot.o
    0x08004028   0x08004028   0x000002c4   Code   RO          524    i.Task_SysInitConfig  task_sysinitconfig.o
    0x080042ec   0x080042ec   0x00000034   Code   RO          659    i.Task_TakeBullet   task_takebullet.o
    0x08004320   0x08004320   0x0000011c   Code   RO         1007    i.UART5_IRQHandler  driver_debug.o
    0x0800443c   0x0800443c   0x00000010   Code   RO         2908    i.UART_DMAAbortOnError  stm32f4xx_hal_uart.o
    0x0800444c   0x0800444c   0x00000054   Code   RO         1592    i.UART_DMA_RX_INIT  bsp_dma.o
    0x080044a0   0x080044a0   0x00000046   Code   RO         1593    i.UART_DMA_TX_INIT  bsp_dma.o
    0x080044e6   0x080044e6   0x0000001c   Code   RO         2918    i.UART_EndRxTransfer  stm32f4xx_hal_uart.o
    0x08004502   0x08004502   0x0000008c   Code   RO         2920    i.UART_Receive_IT   stm32f4xx_hal_uart.o
    0x0800458e   0x0800458e   0x00000002   PAD
    0x08004590   0x08004590   0x000002ac   Code   RO         2921    i.UART_SetConfig    stm32f4xx_hal_uart.o
    0x0800483c   0x0800483c   0x00000062   Code   RO         2922    i.UART_Transmit_IT  stm32f4xx_hal_uart.o
    0x0800489e   0x0800489e   0x00000002   PAD
    0x080048a0   0x080048a0   0x0000000c   Code   RO          230    i.USART1_IRQHandler  stm32f4xx_it.o
    0x080048ac   0x080048ac   0x00000068   Code   RO          231    i.USART2_IRQHandler  stm32f4xx_it.o
    0x08004914   0x08004914   0x0000000c   Code   RO          232    i.USART3_IRQHandler  stm32f4xx_it.o
    0x08004920   0x08004920   0x0000010c   Code   RO          942    i.USART6_IRQHandler  driver_judge.o
    0x08004a2c   0x08004a2c   0x00000030   Code   RO         1594    i.Uart_Transmit_DMA  bsp_dma.o
    0x08004a5c   0x08004a5c   0x00000002   Code   RO          233    i.UsageFault_Handler  stm32f4xx_it.o
    0x08004a5e   0x08004a5e   0x00000002   PAD
    0x08004a60   0x08004a60   0x0000003c   Code   RO          845    i.Verify_CRC16_Check_Sum  driver_crc.o
    0x08004a9c   0x08004a9c   0x00000026   Code   RO          846    i.Verify_CRC8_Check_Sum  driver_crc.o
    0x08004ac2   0x08004ac2   0x00000002   PAD
    0x08004ac4   0x08004ac4   0x00000118   Code   RO         1008    i.Write_PID         driver_debug.o
    0x08004bdc   0x08004bdc   0x00000002   Code   RO          478    i._Error_Handler    main.o
    0x08004bde   0x08004bde   0x00000026   Code   RO         5783    i.__ARM_fpclassifyf  m_wm.l(fpclassifyf.o)
    0x08004c04   0x08004c04   0x0000000e   Code   RO         1755    i.__ARM_isfinitef   algorithm_estimator.o
    0x08004c12   0x08004c12   0x00000002   PAD
    0x08004c14   0x08004c14   0x0000012c   Code   RO         5694    i.__hardfp_asinf    m_wm.l(asinf.o)
    0x08004d40   0x08004d40   0x00000250   Code   RO         5706    i.__hardfp_atan2f   m_wm.l(atan2f.o)
    0x08004f90   0x08004f90   0x00000150   Code   RO         5718    i.__hardfp_cosf     m_wm.l(cosf.o)
    0x080050e0   0x080050e0   0x0000007a   Code   RO         5730    i.__hardfp_sqrt     m_wm.l(sqrt.o)
    0x0800515a   0x0800515a   0x0000003a   Code   RO         5742    i.__hardfp_sqrtf    m_wm.l(sqrtf.o)
    0x08005194   0x08005194   0x0000017c   Code   RO         5754    i.__hardfp_tanf     m_wm.l(tanf.o)
    0x08005310   0x08005310   0x00000006   Code   RO         5786    i.__mathlib_flt_infnan  m_wm.l(funder.o)
    0x08005316   0x08005316   0x00000006   Code   RO         5787    i.__mathlib_flt_infnan2  m_wm.l(funder.o)
    0x0800531c   0x0800531c   0x00000010   Code   RO         5788    i.__mathlib_flt_invalid  m_wm.l(funder.o)
    0x0800532c   0x0800532c   0x00000010   Code   RO         5791    i.__mathlib_flt_underflow  m_wm.l(funder.o)
    0x0800533c   0x0800533c   0x00000154   Code   RO         5799    i.__mathlib_rredf2  m_wm.l(rredf.o)
    0x08005490   0x08005490   0x0000000e   Code   RO         5840    i.__scatterload_copy  mc_w.l(handlers.o)
    0x0800549e   0x0800549e   0x00000002   Code   RO         5841    i.__scatterload_null  mc_w.l(handlers.o)
    0x080054a0   0x080054a0   0x0000000e   Code   RO         5842    i.__scatterload_zeroinit  mc_w.l(handlers.o)
    0x080054ae   0x080054ae   0x00000002   PAD
    0x080054b0   0x080054b0   0x0000000c   Code   RO         5822    i.__set_errno       mc_w.l(errno.o)
    0x080054bc   0x080054bc   0x00000160   Code   RO         1279    i.calibrate         driver_icm20600.o
    0x0800561c   0x0800561c   0x00000068   Code   RO         1544    i.can_filter_config  bsp_can.o
    0x08005684   0x08005684   0x00000070   Code   RO         1280    i.commander         driver_icm20600.o
    0x080056f4   0x080056f4   0x00000020   Code   RO         1439    i.cs                bsp_spi.o
    0x08005714   0x08005714   0x00000190   Code   RO         1756    i.estimator_task    algorithm_estimator.o
    0x080058a4   0x080058a4   0x00000014   Code   RO         1440    i.get_device        bsp_spi.o
    0x080058b8   0x080058b8   0x00000028   Code   RO         1281    i.icm20600_task     driver_icm20600.o
    0x080058e0   0x080058e0   0x00000104   Code   RO         1282    i.init              driver_icm20600.o
    0x080059e4   0x080059e4   0x000002e4   Code   RO         1757    i.init              algorithm_estimator.o
    0x08005cc8   0x08005cc8   0x0000012c   Code   RO          943    i.judge_data2018    driver_judge.o
    0x08005df4   0x08005df4   0x00000098   Code   RO          944    i.judge_read        driver_judge.o
    0x08005e8c   0x08005e8c   0x00000080   Code   RO          945    i.judge_transmit    driver_judge.o
    0x08005f0c   0x08005f0c   0x0000005e   Code   RO         1283    i.lpf_allpy         driver_icm20600.o
    0x08005f6a   0x08005f6a   0x00000002   PAD
    0x08005f6c   0x08005f6c   0x000000c0   Code   RO         1285    i.lpf_set_cutoff_frequency  driver_icm20600.o
    0x0800602c   0x0800602c   0x0000002c   Code   RO          479    i.main              main.o
    0x08006058   0x08006058   0x0000020c   Code   RO         1286    i.measure           driver_icm20600.o
    0x08006264   0x08006264   0x00000014   Code   RO         4551    i.osSystickHandler  cmsis_os.o
    0x08006278   0x08006278   0x00000070   Code   RO         4954    i.prvAddCurrentTaskToDelayedList  tasks.o
    0x080062e8   0x080062e8   0x000000d0   Code   RO         4955    i.prvAddNewTaskToReadyList  tasks.o
    0x080063b8   0x080063b8   0x00000050   Code   RO         5514    i.prvCheckForValidListAndQueue  timers.o
    0x08006408   0x08006408   0x00000050   Code   RO         4956    i.prvCheckTasksWaitingTermination  tasks.o
    0x08006458   0x08006458   0x00000026   Code   RO         5371    i.prvCopyDataFromQueue  queue.o
    0x0800647e   0x0800647e   0x0000006c   Code   RO         5372    i.prvCopyDataToQueue  queue.o
    0x080064ea   0x080064ea   0x00000014   Code   RO         4957    i.prvDeleteTCB      tasks.o
    0x080064fe   0x080064fe   0x00000002   PAD
    0x08006500   0x08006500   0x0000004c   Code   RO         4883    i.prvHeapInit       heap_4.o
    0x0800654c   0x0800654c   0x00000028   Code   RO         4958    i.prvIdleTask       tasks.o
    0x08006574   0x08006574   0x0000009c   Code   RO         4959    i.prvInitialiseNewTask  tasks.o
    0x08006610   0x08006610   0x0000004c   Code   RO         4884    i.prvInsertBlockIntoFreeList  heap_4.o
    0x0800665c   0x0800665c   0x00000038   Code   RO         5515    i.prvInsertTimerInActiveList  timers.o
    0x08006694   0x08006694   0x0000001c   Code   RO         5373    i.prvIsQueueEmpty   queue.o
    0x080066b0   0x080066b0   0x000000b8   Code   RO         5516    i.prvProcessReceivedCommands  timers.o
    0x08006768   0x08006768   0x000000b4   Code   RO         5517    i.prvProcessTimerOrBlockTask  timers.o
    0x0800681c   0x0800681c   0x00000020   Code   RO         4960    i.prvResetNextTaskUnblockTime  tasks.o
    0x0800683c   0x0800683c   0x00000028   Code   RO         5518    i.prvSampleTimeNow  timers.o
    0x08006864   0x08006864   0x0000006c   Code   RO         5519    i.prvSwitchTimerLists  timers.o
    0x080068d0   0x080068d0   0x00000028   Code   RO         5618    i.prvTaskExitError  port.o
    0x080068f8   0x080068f8   0x00000014   Code   RO         5302    i.prvTestWaitCondition  event_groups.o
    0x0800690c   0x0800690c   0x00000024   Code   RO         5520    i.prvTimerTask      timers.o
    0x08006930   0x08006930   0x0000006a   Code   RO         5374    i.prvUnlockQueue    queue.o
    0x0800699a   0x0800699a   0x00000002   PAD
    0x0800699c   0x0800699c   0x000000d8   Code   RO         4885    i.pvPortMalloc      heap_4.o
    0x08006a74   0x08006a74   0x00000018   Code   RO         4962    i.pvTaskIncrementMutexHeldCount  tasks.o
    0x08006a8c   0x08006a8c   0x0000002c   Code   RO         5619    i.pxPortInitialiseStack  port.o
    0x08006ab8   0x08006ab8   0x00000020   Code   RO         1287    i.read              driver_icm20600.o
    0x08006ad8   0x08006ad8   0x00000010   Code   RO         1288    i.read_reg          driver_icm20600.o
    0x08006ae8   0x08006ae8   0x00000028   Code   RO         1441    i.readwritebyte     bsp_spi.o
    0x08006b10   0x08006b10   0x0000004e   Code   RO         1162    i.send_cm_current   driver_cansend.o
    0x08006b5e   0x08006b5e   0x00000048   Code   RO         1163    i.send_gimbal_current  driver_cansend.o
    0x08006ba6   0x08006ba6   0x0000004e   Code   RO         1164    i.send_shoot_current  driver_cansend.o
    0x08006bf4   0x08006bf4   0x00000050   Code   RO         1442    i.spi1_read         bsp_spi.o
    0x08006c44   0x08006c44   0x00000044   Code   RO         1443    i.spi1_write        bsp_spi.o
    0x08006c88   0x08006c88   0x0000003e   Code   RO         5744    i.sqrtf             m_wm.l(sqrtf.o)
    0x08006cc6   0x08006cc6   0x00000002   PAD
    0x08006cc8   0x08006cc8   0x00000054   Code   RO         1494    i.time              bsp_tim.o
    0x08006d1c   0x08006d1c   0x0000001e   Code   RO          946    i.u32_to_float      driver_judge.o
    0x08006d3a   0x08006d3a   0x00000002   PAD
    0x08006d3c   0x08006d3c   0x00000274   Code   RO         1758    i.update            algorithm_estimator.o
    0x08006fb0   0x08006fb0   0x0000001c   Code   RO         1495    i.usleep            bsp_tim.o
    0x08006fcc   0x08006fcc   0x00000024   Code   RO         5266    i.uxListRemove      list.o
    0x08006ff0   0x08006ff0   0x00000020   Code   RO         4965    i.uxTaskGetStackHighWaterMark  tasks.o
    0x08007010   0x08007010   0x00000018   Code   RO         4968    i.uxTaskResetEventItemValue  tasks.o
    0x08007028   0x08007028   0x00000016   Code   RO         5267    i.vListInitialise   list.o
    0x0800703e   0x0800703e   0x00000006   Code   RO         5268    i.vListInitialiseItem  list.o
    0x08007044   0x08007044   0x00000030   Code   RO         5269    i.vListInsert       list.o
    0x08007074   0x08007074   0x00000018   Code   RO         5270    i.vListInsertEnd    list.o
    0x0800708c   0x0800708c   0x00000040   Code   RO         5621    i.vPortEnterCritical  port.o
    0x080070cc   0x080070cc   0x00000028   Code   RO         5622    i.vPortExitCritical  port.o
    0x080070f4   0x080070f4   0x0000005c   Code   RO         4886    i.vPortFree         heap_4.o
    0x08007150   0x08007150   0x00000020   Code   RO         5623    i.vPortSetupTimerInterrupt  port.o
    0x08007170   0x08007170   0x00000054   Code   RO         5624    i.vPortValidateInterruptPriority  port.o
    0x080071c4   0x080071c4   0x00000028   Code   RO         5378    i.vQueueAddToRegistry  queue.o
    0x080071ec   0x080071ec   0x00000044   Code   RO         5381    i.vQueueWaitForMessageRestricted  queue.o
    0x08007230   0x08007230   0x0000004c   Code   RO         4969    i.vTaskDelay        tasks.o
    0x0800727c   0x0800727c   0x0000008c   Code   RO         4970    i.vTaskDelayUntil   tasks.o
    0x08007308   0x08007308   0x000000ac   Code   RO         4971    i.vTaskDelete       tasks.o
    0x080073b4   0x080073b4   0x0000000c   Code   RO         4973    i.vTaskMissedYield  tasks.o
    0x080073c0   0x080073c0   0x00000030   Code   RO         4975    i.vTaskPlaceOnEventList  tasks.o
    0x080073f0   0x080073f0   0x00000038   Code   RO         4976    i.vTaskPlaceOnEventListRestricted  tasks.o
    0x08007428   0x08007428   0x00000050   Code   RO         4977    i.vTaskPlaceOnUnorderedEventList  tasks.o
    0x08007478   0x08007478   0x00000084   Code   RO         4978    i.vTaskPriorityInherit  tasks.o
    0x080074fc   0x080074fc   0x00000024   Code   RO         4981    i.vTaskSetTimeOutState  tasks.o
    0x08007520   0x08007520   0x00000070   Code   RO         4982    i.vTaskStartScheduler  tasks.o
    0x08007590   0x08007590   0x00000010   Code   RO         4984    i.vTaskSuspendAll   tasks.o
    0x080075a0   0x080075a0   0x0000005c   Code   RO         4985    i.vTaskSwitchContext  tasks.o
    0x080075fc   0x080075fc   0x00000020   Code   RO         1289    i.write             driver_icm20600.o
    0x0800761c   0x0800761c   0x00000018   Code   RO         1290    i.write_reg         driver_icm20600.o
    0x08007634   0x08007634   0x0000004a   Code   RO         1291    i.write_reg_check   driver_icm20600.o
    0x0800767e   0x0800767e   0x0000001a   Code   RO         5307    i.xEventGroupCreate  event_groups.o
    0x08007698   0x08007698   0x0000008c   Code   RO         5309    i.xEventGroupSetBits  event_groups.o
    0x08007724   0x08007724   0x00000108   Code   RO         5311    i.xEventGroupWaitBits  event_groups.o
    0x0800782c   0x0800782c   0x000000e0   Code   RO         5625    i.xPortStartScheduler  port.o
    0x0800790c   0x0800790c   0x0000002c   Code   RO         5626    i.xPortSysTickHandler  port.o
    0x08007938   0x08007938   0x00000048   Code   RO         5383    i.xQueueGenericCreate  queue.o
    0x08007980   0x08007980   0x0000016c   Code   RO         5384    i.xQueueGenericReceive  queue.o
    0x08007aec   0x08007aec   0x00000088   Code   RO         5385    i.xQueueGenericReset  queue.o
    0x08007b74   0x08007b74   0x00000160   Code   RO         5386    i.xQueueGenericSend  queue.o
    0x08007cd4   0x08007cd4   0x000000bc   Code   RO         5387    i.xQueueGenericSendFromISR  queue.o
    0x08007d90   0x08007d90   0x0000009c   Code   RO         5388    i.xQueueGiveFromISR  queue.o
    0x08007e2c   0x08007e2c   0x0000006c   Code   RO         4986    i.xTaskCheckForTimeOut  tasks.o
    0x08007e98   0x08007e98   0x00000056   Code   RO         4987    i.xTaskCreate       tasks.o
    0x08007eee   0x08007eee   0x00000002   PAD
    0x08007ef0   0x08007ef0   0x0000001c   Code   RO         4991    i.xTaskGetSchedulerState  tasks.o
    0x08007f0c   0x08007f0c   0x0000000c   Code   RO         4992    i.xTaskGetTickCount  tasks.o
    0x08007f18   0x08007f18   0x000000c8   Code   RO         4994    i.xTaskIncrementTick  tasks.o
    0x08007fe0   0x08007fe0   0x00000098   Code   RO         4997    i.xTaskPriorityDisinherit  tasks.o
    0x08008078   0x08008078   0x00000074   Code   RO         4998    i.xTaskRemoveFromEventList  tasks.o
    0x080080ec   0x080080ec   0x00000078   Code   RO         4999    i.xTaskRemoveFromUnorderedEventList  tasks.o
    0x08008164   0x08008164   0x000000c4   Code   RO         5000    i.xTaskResumeAll    tasks.o
    0x08008228   0x08008228   0x00000048   Code   RO         5524    i.xTimerCreateTimerTask  timers.o
    0x08008270   0x08008270   0x00000060   Code   RO         5525    i.xTimerGenericCommand  timers.o
    0x080082d0   0x080082d0   0x00000300   Data   RO          848    .constdata          driver_crc.o
    0x080085d0   0x080085d0   0x00000008   Data   RO         3503    .constdata          stm32f4xx_hal_dma.o
    0x080085d8   0x080085d8   0x00000010   Data   RO         4467    .constdata          system_stm32f4xx.o
    0x080085e8   0x080085e8   0x00000008   Data   RO         4468    .constdata          system_stm32f4xx.o
    0x080085f0   0x080085f0   0x00000020   Data   RO         5800    .constdata          m_wm.l(rredf.o)
    0x08008610   0x08008610   0x00000020   Data   RO         5838    Region$$Table       anon$$obj.o


    Execution Region RW_IRAM1 (Exec base: 0x20000000, Load base: 0x08008630, Size: 0x00005640, Max: 0x00020000, ABSOLUTE, COMPRESSED[0x00000080])

    Exec Addr    Load Addr    Size         Type   Attr      Idx    E Section Name        Object

    0x20000000   COMPRESSED   0x00000004   Data   RW          234    .data               stm32f4xx_it.o
    0x20000004   COMPRESSED   0x00000004   Data   RW          436    .data               freertos.o
    0x20000008   COMPRESSED   0x00000004   Data   RW          437    .data               freertos.o
    0x2000000c   COMPRESSED   0x00000004   Data   RW          438    .data               freertos.o
    0x20000010   COMPRESSED   0x00000004   Data   RW          439    .data               freertos.o
    0x20000014   COMPRESSED   0x00000004   Data   RW          440    .data               freertos.o
    0x20000018   COMPRESSED   0x00000004   Data   RW          441    .data               freertos.o
    0x2000001c   COMPRESSED   0x00000004   Data   RW          442    .data               freertos.o
    0x20000020   COMPRESSED   0x00000004   Data   RW          443    .data               freertos.o
    0x20000024   COMPRESSED   0x00000004   Data   RW          444    .data               freertos.o
    0x20000028   COMPRESSED   0x00000004   Data   RW          446    .data               freertos.o
    0x2000002c   COMPRESSED   0x00000004   Data   RW          447    .data               freertos.o
    0x20000030   COMPRESSED   0x00000004   Data   RW          448    .data               freertos.o
    0x20000034   COMPRESSED   0x00000004   Data   RW          449    .data               freertos.o
    0x20000038   COMPRESSED   0x00000004   Data   RW          450    .data               freertos.o
    0x2000003c   COMPRESSED   0x00000004   Data   RW          451    .data               freertos.o
    0x20000040   COMPRESSED   0x00000004   Data   RW          452    .data               freertos.o
    0x20000044   COMPRESSED   0x00000008   Data   RW          702    .data               task_monitor.o
    0x2000004c   COMPRESSED   0x00000002   Data   RW          849    .data               driver_crc.o
    0x2000004e   COMPRESSED   0x00000002   PAD
    0x20000050   COMPRESSED   0x00000014   Data   RW          948    .data               driver_judge.o
    0x20000064   COMPRESSED   0x00000024   Data   RW         1011    .data               driver_debug.o
    0x20000088   COMPRESSED   0x00000068   Data   RW         1073    .data               driver_gimbal.o
    0x200000f0   COMPRESSED   0x00000080   Data   RW         1093    .data               driver_chassis.o
    0x20000170   COMPRESSED   0x000000e4   Data   RW         1293    .data               driver_icm20600.o
    0x20000254   COMPRESSED   0x00000004   PAD
    0x20000258   COMPRESSED   0x00000008   Data   RW         1497    .data               bsp_tim.o
    0x20000260   COMPRESSED   0x00000004   Data   RW         1546    .data               bsp_can.o
    0x20000264   COMPRESSED   0x00000004   PAD
    0x20000268   COMPRESSED   0x00000010   Data   RW         1760    .data               algorithm_estimator.o
    0x20000278   COMPRESSED   0x00000004   Data   RW         4327    .data               stm32f4xx_hal.o
    0x2000027c   COMPRESSED   0x00000004   Data   RW         4469    .data               system_stm32f4xx.o
    0x20000280   COMPRESSED   0x00000018   Data   RW         4891    .data               heap_4.o
    0x20000298   COMPRESSED   0x0000003c   Data   RW         5003    .data               tasks.o
    0x200002d4   COMPRESSED   0x00000014   Data   RW         5531    .data               timers.o
    0x200002e8   COMPRESSED   0x0000000c   Data   RW         5627    .data               port.o
    0x200002f4   COMPRESSED   0x00000004   Data   RW         5823    .data               mc_w.l(errno.o)
    0x200002f8        -       0x0000003c   Zero   RW            7    .bss                stm32f4xx_hal_timebase_tim.o
    0x20000334        -       0x00000034   Zero   RW          434    .bss                freertos.o
    0x20000368        -       0x00000034   Zero   RW          435    .bss                freertos.o
    0x2000039c   COMPRESSED   0x00000004   PAD
    0x200003a0        -       0x000000c4   Zero   RW          898    .bss                driver_dbus.o
    0x20000464        -       0x00000565   Zero   RW          947    .bss                driver_judge.o
    0x200009c9   COMPRESSED   0x00000003   PAD
    0x200009cc        -       0x000001a0   Zero   RW         1010    .bss                driver_debug.o
    0x20000b6c        -       0x0000000a   Zero   RW         1166    .bss                driver_cansend.o
    0x20000b76   COMPRESSED   0x00000002   PAD
    0x20000b78        -       0x00000058   Zero   RW         1292    .bss                driver_icm20600.o
    0x20000bd0        -       0x0000003c   Zero   RW         1386    .bss                driver_powerlimit.o
    0x20000c0c        -       0x00000058   Zero   RW         1444    .bss                bsp_spi.o
    0x20000c64        -       0x000000b4   Zero   RW         1496    .bss                bsp_tim.o
    0x20000d18        -       0x00000108   Zero   RW         1545    .bss                bsp_can.o
    0x20000e20        -       0x00000360   Zero   RW         1595    .bss                bsp_dma.o
    0x20001180        -       0x00000140   Zero   RW         1694    .bss                bsp_uart.o
    0x200012c0        -       0x000000c0   Zero   RW         1722    .bss                algorithm_pid.o
    0x20001380        -       0x00000030   Zero   RW         1724    .bss                algorithm_pid.o
    0x200013b0        -       0x00000030   Zero   RW         1725    .bss                algorithm_pid.o
    0x200013e0        -       0x00000030   Zero   RW         1726    .bss                algorithm_pid.o
    0x20001410        -       0x00000030   Zero   RW         1727    .bss                algorithm_pid.o
    0x20001440        -       0x00000030   Zero   RW         1730    .bss                algorithm_pid.o
    0x20001470        -       0x0000003c   Zero   RW         1759    .bss                algorithm_estimator.o
    0x200014ac        -       0x00003c00   Zero   RW         4890    .bss                heap_4.o
    0x200050ac        -       0x0000012c   Zero   RW         5002    .bss                tasks.o
    0x200051d8        -       0x00000040   Zero   RW         5393    .bss                queue.o
    0x20005218        -       0x00000028   Zero   RW         5530    .bss                timers.o
    0x20005240        -       0x00000400   Zero   RW         4455    STACK               startup_stm32f405xx.o


==============================================================================

Image component sizes


      Code (inc. data)   RO Data    RW Data    ZI Data      Debug   Object Name

      1782         92          0         16         60       9576   algorithm_estimator.o
       352         16          0          0        432       3212   algorithm_pid.o
       352         60          0          4        264       2521   bsp_can.o
       982         76          0          0        864       4516   bsp_dma.o
       588         24          0          0          0       1338   bsp_gpio.o
       360          0          0          0          0        674   bsp_nvic.o
       368         46          0          0         88       4406   bsp_spi.o
       672         62          0          8        180       3270   bsp_tim.o
       344         60          0          0        320       1407   bsp_uart.o
        20          0          0          0          0        607   cmsis_os.o
       668         28          0          0         10       7064   driver_cansend.o
       184         18          0        128          0       1594   driver_chassis.o
       170         16        768          2          0       3615   driver_crc.o
       344         20          0          0        196       2973   driver_dbus.o
       736         60          0         36        416       4877   driver_debug.o
       192         30          0        104          0       1402   driver_gimbal.o
      1756        100          0        228         88      11292   driver_icm20600.o
       898         66          0         20       1381       6126   driver_judge.o
       224         50          0          0         60       2129   driver_powerlimit.o
       450          4          0          0          0       6163   event_groups.o
         0          0          0         64        104       2353   freertos.o
       460         24          0         24      15360      14295   heap_4.o
       136          0          0          0          0       3542   list.o
        46         14          0          0          0        944   main.o
       758         84          0         12          0      11897   port.o
      1656         20          0          0         64      15537   queue.o
        36          8        392          0       1024        804   startup_stm32f405xx.o
        80         16          0          4          0       3172   stm32f4xx_hal.o
      2080         34          0          0          0       8297   stm32f4xx_hal_can.o
       218         14          0          0          0      31037   stm32f4xx_hal_cortex.o
       788         16          8          0          0       4727   stm32f4xx_hal_dma.o
       466         50          0          0          0       3051   stm32f4xx_hal_gpio.o
         8          0          0          0          0       2237   stm32f4xx_hal_msp.o
      1296         92          0          0          0       6189   stm32f4xx_hal_rcc.o
       782          0          0          0          0       4409   stm32f4xx_hal_spi.o
      1264         80          0          0          0      11601   stm32f4xx_hal_tim.o
        84          0          0          0          0       2414   stm32f4xx_hal_tim_ex.o
       116         16          0          0         60     640596   stm32f4xx_hal_timebase_tim.o
      1342         14          0          0          0       7455   stm32f4xx_hal_uart.o
       394         92          0          4          0      29328   stm32f4xx_it.o
        84         18         24          4          0       1159   system_stm32f4xx.o
       404         60          0          0          0       1576   task_cansend.o
       408         38          0          0          0        851   task_chassis.o
        84         12          0          0          0        588   task_dbus.o
       312         50          0          0          0        850   task_gimbal.o
        84         12          0          0          0        597   task_judge.o
        52          8          0          0          0        570   task_modeswitch.o
        84         18          0          8          0        834   task_monitor.o
       432         46          0          0          0        746   task_powerlimit.o
        52          8          0          0          0        549   task_shoot.o
       708        268          0          0          0        785   task_sysinitconfig.o
        52          8          0          0          0        570   task_takebullet.o
      2718        230          0         60        300      37470   tasks.o
       852         78          0         20         40       9631   timers.o

    ----------------------------------------------------------------------
     29822       2256       1224        756      21320     939423   Object Totals
         0          0         32          0          0          0   (incl. Generated)
        44          0          0         10          9          0   (incl. Padding)

    ----------------------------------------------------------------------

      Code (inc. data)   RO Data    RW Data    ZI Data      Debug   Library Member Name

       300         42          0          0          0        176   asinf.o
       592         90          0          0          0        184   atan2f.o
       336         56          0          0          0        136   cosf.o
        38          0          0          0          0        116   fpclassifyf.o
        44         12          0          0          0        464   funder.o
       340         24         32          0          0        160   rredf.o
       122          0          0          0          0        148   sqrt.o
       120          0          0          0          0        272   sqrtf.o
       380         58          0          0          0        200   tanf.o
        86          0          0          0          0          0   __dczerorl2.o
         0          0          0          0          0          0   entry.o
         0          0          0          0          0          0   entry10a.o
         0          0          0          0          0          0   entry11a.o
         8          4          0          0          0          0   entry2.o
         4          0          0          0          0          0   entry5.o
         0          0          0          0          0          0   entry7b.o
         0          0          0          0          0          0   entry8b.o
         8          4          0          0          0          0   entry9a.o
        12          6          0          4          0         68   errno.o
        30          0          0          0          0          0   handlers.o
        36          8          0          0          0         68   init.o
         0          0          0          0          0          0   iusefp.o
        30          0          0          0          0         68   llshl.o
        32          0          0          0          0         68   llushr.o
        36          0          0          0          0         68   memcpya.o
        36          0          0          0          0        108   memseta.o
        98          0          0          0          0         92   uldiv.o
        56          0          0          0          0         88   d2f.o
       186          0          0          0          0        176   depilogue.o
       162          0          0          0          0        100   dsqrt.o
        38          0          0          0          0         68   f2d.o
       110          0          0          0          0        168   fepilogue.o
        28          0          0          0          0         84   ffltul.o

    ----------------------------------------------------------------------
      3274        304         32          4          0       3080   Library Totals
         6          0          0          0          0          0   (incl. Padding)

    ----------------------------------------------------------------------

      Code (inc. data)   RO Data    RW Data    ZI Data      Debug   Library Name

      2272        282         32          0          0       1856   m_wm.l
       416         22          0          4          0        540   mc_w.l
       580          0          0          0          0        684   mf_w.l

    ----------------------------------------------------------------------
      3274        304         32          4          0       3080   Library Totals

    ----------------------------------------------------------------------

==============================================================================


      Code (inc. data)   RO Data    RW Data    ZI Data      Debug   

     33096       2560       1256        760      21320     916967   Grand Totals
     33096       2560       1256        128      21320     916967   ELF Image Totals (compressed)
     33096       2560       1256        128          0          0   ROM Totals

==============================================================================

    Total RO  Size (Code + RO Data)                34352 (  33.55kB)
    Total RW  Size (RW Data + ZI Data)             22080 (  21.56kB)
    Total ROM Size (Code + RO Data + RW Data)      34480 (  33.67kB)

==============================================================================

