<html>
<body>
<pre>
<h1>µVision Build Log</h1>
<h2>Tool Versions:</h2>
IDE-Version: ¦ÌVision V5.25.1.0
Copyright (C) 2018 ARM Ltd and ARM Germany GmbH. All rights reserved.
License Information: TY Lenovo, RTW, LIC=6XJFW-Q70FB-LT63E-5R5GE-P71GF-1MRIW
 
Tool Versions:
Toolchain:       MDK-ARM Professional  Version: 5.25.1.0
Toolchain Path:  E:\MDK5.25\ARM\ARMCC\Bin
C Compiler:      Armcc.exe V5.06 update 6 (build 750)
Assembler:       Armasm.exe V5.06 update 6 (build 750)
Linker/Locator:  ArmLink.exe V5.06 update 6 (build 750)
Library Manager: ArmAr.exe V5.06 update 6 (build 750)
Hex Converter:   FromElf.exe V5.06 update 6 (build 750)
CPU DLL:         SARMCM3.DLL V5.25.1.0
Dialog DLL:      DCM.DLL V1.17.0.0
Target DLL:      Segger\JL2CM3.dll V2.99.28.0
Dialog DLL:      TCM.DLL V1.34.0.0
 
<h2>Project:</h2>
C:\Users\Lenovo\Desktop\405-freeRTOS\MDK-ARM\405-freeRTOS.uvprojx
Project File Date:  05/01/2018

<h2>Output:</h2>
*** Using Compiler 'V5.06 update 6 (build 750)', folder: 'E:\MDK5.25\ARM\ARMCC\Bin'
Build target 'stm32f405RG'
compiling Task_ModeSwitch.c...
compiling Task_PowerLimit.c...
compiling stm32f4xx_it.c...
compiling Task_SysinitConfig.c...
compiling Task_Chassis.c...
compiling Driver_Gimbal.c...
compiling Task_CanSend.c...
compiling Driver_Chassis.c...
compiling Task_Debug.c...
compiling Driver_PowerLimit.c...
linking...
Program Size: Code=33292 RO-data=1256 RW-data=776 ZI-data=21368  
"405-freeRTOS\405-freeRTOS.axf" - 0 Error(s), 0 Warning(s).

<h2>Software Packages used:</h2>

Package Vendor: ARM
                http://www.keil.com/pack/ARM.CMSIS.5.2.0.pack
                ARM.CMSIS.5.2.0
                CMSIS (Cortex Microcontroller Software Interface Standard)
   * Component: CORE Version: 5.0.2

Package Vendor: Keil
                http://www.keil.com/pack/Keil.STM32F4xx_DFP.2.11.0.pack
                Keil.STM32F4xx_DFP.2.11.0
                STMicroelectronics STM32F4 Series Device Support, Drivers and Examples

<h2>Collection of Component include folders:</h2>
  .\RTE\_stm32f405RG
  E:\MDK5.25\ARM\PACK\ARM\CMSIS\5.2.0\CMSIS\Include
  E:\MDK5.25\ARM\PACK\Keil\STM32F4xx_DFP\2.11.0\Drivers\CMSIS\Device\ST\STM32F4xx\Include

<h2>Collection of Component Files used:</h2>

   * Component: ARM::CMSIS:CORE:5.0.2
Build Time Elapsed:  00:00:18
</pre>
</body>
</html>
